Component: ARM Compiler 6.7 Tool: armlink [5c9ef700]

==============================================================================

Section Cross References

    startup_stm32f429xx.o(RESET) refers to startup_stm32f429xx.o(STACK) for __initial_sp
    startup_stm32f429xx.o(RESET) refers to startup_stm32f429xx.o(.text) for Reset_Handler
    startup_stm32f429xx.o(RESET) refers to stm32f4xx_it.o(.text.NMI_Handler) for NMI_Handler
    startup_stm32f429xx.o(RESET) refers to stm32f4xx_it.o(.text.HardFault_Handler) for HardFault_Handler
    startup_stm32f429xx.o(RESET) refers to stm32f4xx_it.o(.text.MemManage_Handler) for MemManage_Handler
    startup_stm32f429xx.o(RESET) refers to stm32f4xx_it.o(.text.BusFault_Handler) for BusFault_Handler
    startup_stm32f429xx.o(RESET) refers to stm32f4xx_it.o(.text.UsageFault_Handler) for UsageFault_Handler
    startup_stm32f429xx.o(RESET) refers to stm32f4xx_it.o(.text.SVC_Handler) for SVC_Handler
    startup_stm32f429xx.o(RESET) refers to stm32f4xx_it.o(.text.DebugMon_Handler) for DebugMon_Handler
    startup_stm32f429xx.o(RESET) refers to stm32f4xx_it.o(.text.PendSV_Handler) for PendSV_Handler
    startup_stm32f429xx.o(RESET) refers to stm32f4xx_it.o(.text.SysTick_Handler) for SysTick_Handler
    startup_stm32f429xx.o(RESET) refers to stm32f4xx_it.o(.text.USART1_IRQHandler) for USART1_IRQHandler
    startup_stm32f429xx.o(RESET) refers to stm32f4xx_it.o(.text.USART2_IRQHandler) for USART2_IRQHandler
    startup_stm32f429xx.o(RESET) refers to stm32f4xx_it.o(.text.EXTI15_10_IRQHandler) for EXTI15_10_IRQHandler
    startup_stm32f429xx.o(RESET) refers to stm32f4xx_it.o(.text.SDIO_IRQHandler) for SDIO_IRQHandler
    startup_stm32f429xx.o(RESET) refers to stm32f4xx_it.o(.text.DMA2_Stream3_IRQHandler) for DMA2_Stream3_IRQHandler
    startup_stm32f429xx.o(RESET) refers to stm32f4xx_it.o(.text.DMA2_Stream6_IRQHandler) for DMA2_Stream6_IRQHandler
    startup_stm32f429xx.o(RESET) refers to stm32f4xx_it.o(.text.USART6_IRQHandler) for USART6_IRQHandler
    startup_stm32f429xx.o(RESET) refers to stm32f4xx_it.o(.text.OTG_HS_IRQHandler) for OTG_HS_IRQHandler
    startup_stm32f429xx.o(RESET) refers to stm32f4xx_it.o(.text.SPI4_IRQHandler) for SPI4_IRQHandler
    startup_stm32f429xx.o(.text) refers to system_stm32f4xx.o(.text.SystemInit) for SystemInit
    startup_stm32f429xx.o(.text) refers to entry.o(.ARM.Collect$$$$00000000) for __main
    main.o(.text.main) refers to stm32f4xx_hal.o(.text.HAL_Init) for HAL_Init
    main.o(.text.main) refers to main.o(.text.SystemClock_Config) for SystemClock_Config
    main.o(.text.main) refers to gpio.o(.text.MX_GPIO_Init) for MX_GPIO_Init
    main.o(.text.main) refers to dma.o(.text.MX_DMA_Init) for MX_DMA_Init
    main.o(.text.main) refers to rtc.o(.text.MX_RTC_Init) for MX_RTC_Init
    main.o(.text.main) refers to sdio.o(.text.MX_SDIO_MMC_Init) for MX_SDIO_MMC_Init
    main.o(.text.main) refers to usart.o(.text.MX_USART1_UART_Init) for MX_USART1_UART_Init
    main.o(.text.main) refers to usart.o(.text.MX_USART6_UART_Init) for MX_USART6_UART_Init
    main.o(.text.main) refers to spi.o(.text.MX_SPI4_Init) for MX_SPI4_Init
    main.o(.text.main) refers to usart.o(.text.MX_USART2_UART_Init) for MX_USART2_UART_Init
    main.o(.text.main) refers to fatfs.o(.text.MX_FATFS_Init) for MX_FATFS_Init
    main.o(.text.main) refers to usb_device.o(.text.MX_USB_DEVICE_Init) for MX_USB_DEVICE_Init
    main.o(.text.main) refers to stm32f4xx_hal_cortex.o(.text.HAL_NVIC_SetPriority) for HAL_NVIC_SetPriority
    main.o(.text.main) refers to data_fusion.o(.text.BufferSystem_Init) for BufferSystem_Init
    main.o(.text.main) refers to fatfs.o(.text.FATFS_Mount) for FATFS_Mount
    main.o(.text.main) refers to fatfs.o(.text.Check_CreateConfig) for Check_CreateConfig
    main.o(.text.main) refers to fatfs.o(.text.LoadConfigFromFile) for LoadConfigFromFile
    main.o(.text.main) refers to fatfs.o(.data.g_config) for g_config
    main.o(.text.main) refers to fatfs.o(.text.RTC_SetTimeFromConfig) for RTC_SetTimeFromConfig
    main.o(.text.main) refers to ads1285.o(.bss.hads1285) for hads1285
    main.o(.text.main) refers to ads1285.o(.text.ADS1285_StartupSequence) for ADS1285_StartupSequence
    main.o(.text.main) refers to main.o(.rodata.str1.1) for .L.str
    main.o(.text.main) refers to printfa.o(i.__0printf) for printf
    main.o(.text.main) refers to main.o(.text.Error_Handler) for Error_Handler
    main.o(.text.main) refers to ads1285.o(.text.ADS1285_WriteReg_Continuous) for ADS1285_WriteReg_Continuous
    main.o(.text.main) refers to stm32f4xx_hal.o(.text.HAL_Delay) for HAL_Delay
    main.o(.text.main) refers to um980.o(.text.UM980_StatusCheck) for UM980_StatusCheck
    main.o(.text.main) refers to usart.o(.bss.huart6) for huart6
    main.o(.text.main) refers to um980.o(.bss.gnssByte) for gnssByte
    main.o(.text.main) refers to stm32f4xx_hal_uart.o(.text.HAL_UART_Receive_IT) for HAL_UART_Receive_IT
[...]
    tx_buffer                                0x2000014d   Data          10  um980.o(.data.tx_buffer)
    uwTickFreq                               0x20000157   Data           1  stm32f4xx_hal.o(.data.uwTickFreq)
    uwTickPrio                               0x20000158   Data           4  stm32f4xx_hal.o(.data.uwTickPrio)
    USBD_StrDesc                             0x200003e8   Data         512  usbd_desc.o(.bss.USBD_StrDesc)
    USERPath                                 0x20000e60   Data           4  fatfs.o(.bss.USERPath)
    appState                                 0x20000e64   Data           1  data_fusion.o(.bss.appState)
    bufferFullCount                          0x20000e68   Data           4  data_fusion.o(.bss.bufferFullCount)
    bufferOverrunCount                       0x20000e6c   Data           4  data_fusion.o(.bss.bufferOverrunCount)
    disk                                     0x20000e70   Data          12  ff_gen_drv.o(.bss.disk)
    fs                                       0x20000e9c   Data         564  fatfs.o(.bss.fs)
    g_bufferSystem                           0x200010d0   Data       96040  data_fusion.o(.bss.g_bufferSystem)
    gnssBuffer                               0x200187f8   Data         128  um980.o(.bss.gnssBuffer)
    gnssByte                                 0x20018878   Data           1  um980.o(.bss.gnssByte)
    gnssIndex                                0x20018879   Data           1  um980.o(.bss.gnssIndex)
    gnssReady                                0x2001887a   Data           1  um980.o(.bss.gnssReady)
    hUsbDeviceHS                             0x2001887c   Data         732  usb_device.o(.bss.hUsbDeviceHS)
    hads1285                                 0x20018b58   Data          28  ads1285.o(.bss.hads1285)
    hdma_sdio_rx                             0x20018b74   Data          96  sdio.o(.bss.hdma_sdio_rx)
    hdma_sdio_tx                             0x20018bd4   Data          96  sdio.o(.bss.hdma_sdio_tx)
    hmmc                                     0x20018c34   Data         640  sdio.o(.bss.hmmc)
    hpcd_USB_OTG_HS                          0x20018eb4   Data        1252  usbd_conf.o(.bss.hpcd_USB_OTG_HS)
    hrtc                                     0x20019398   Data          32  rtc.o(.bss.hrtc)
    hspi4                                    0x200193b8   Data          88  spi.o(.bss.hspi4)
    huart1                                   0x20019410   Data          72  usart.o(.bss.huart1)
    huart2                                   0x20019458   Data          72  usart.o(.bss.huart2)
    huart6                                   0x200194a0   Data          72  usart.o(.bss.huart6)
    lastSyncTime                             0x200194e8   Data           4  data_fusion.o(.bss.lastSyncTime)
    needTimeSync                             0x200194ec   Data           1  data_fusion.o(.bss.needTimeSync)
    rawDataFile                              0x200194f0   Data         560  data_fusion.o(.bss.rawDataFile)
    res                                      0x20019720   Data           1  fatfs.o(.bss.res)
    retUSER                                  0x20019721   Data           1  fatfs.o(.bss.retUSER)
    rx_buffer                                0x20019722   Data         512  um980.o(.bss.rx_buffer)
    startupTick                              0x20019924   Data           4  data_fusion.o(.bss.startupTick)
    uwTick                                   0x20019928   Data           4  stm32f4xx_hal.o(.bss.uwTick)
    work                                     0x2001992c   Data         512  fatfs.o(.bss.work)
    writeCompleteCount                       0x20019b2c   Data           4  data_fusion.o(.bss.writeCompleteCount)
    __initial_sp                             0x2001ab30   Data           0  startup_stm32f429xx.o(STACK)



==============================================================================

Memory Map of the image

  Image Entry point : 0x080001ad

  Load Region LR_IROM1 (Base: 0x08000000, Size: 0x00044b78, Max: 0x00200000, ABSOLUTE, COMPRESSED[0x00044b08])

    Execution Region ER_IROM1 (Exec base: 0x08000000, Load base: 0x08000000, Size: 0x00044a14, Max: 0x00200000, ABSOLUTE)

    Exec Addr    Load Addr    Size         Type   Attr      Idx    E Section Name        Object

    0x08000000   0x08000000   0x000001ac   Data   RO            3    RESET               startup_stm32f429xx.o
    0x080001ac   0x080001ac   0x00000000   Code   RO         2493  * .ARM.Collect$$$$00000000  mc_w.l(entry.o)
    0x080001ac   0x080001ac   0x00000004   Code   RO         2562    .ARM.Collect$$$$00000001  mc_w.l(entry2.o)
    0x080001b0   0x080001b0   0x00000004   Code   RO         2565    .ARM.Collect$$$$00000004  mc_w.l(entry5.o)
    0x080001b4   0x080001b4   0x00000000   Code   RO         2567    .ARM.Collect$$$$00000008  mc_w.l(entry7b.o)
    0x080001b4   0x080001b4   0x00000000   Code   RO         2569    .ARM.Collect$$$$0000000A  mc_w.l(entry8b.o)
    0x080001b4   0x080001b4   0x00000008   Code   RO         2570    .ARM.Collect$$$$0000000B  mc_w.l(entry9a.o)
    0x080001bc   0x080001bc   0x00000000   Code   RO         2572    .ARM.Collect$$$$0000000D  mc_w.l(entry10a.o)
    0x080001bc   0x080001bc   0x00000000   Code   RO         2574    .ARM.Collect$$$$0000000F  mc_w.l(entry11a.o)
    0x080001bc   0x080001bc   0x00000004   Code   RO         2563    .ARM.Collect$$$$00002712  mc_w.l(entry2.o)
    0x080001c0   0x080001c0   0x00000024   Code   RO            4    .text               startup_stm32f429xx.o
    0x080001e4   0x080001e4   0x00000062   Code   RO         2496    .text               mc_w.l(uldiv.o)
    0x08000246   0x08000246   0x00000024   Code   RO         2498    .text               mc_w.l(memcpya.o)
    0x0800026a   0x0800026a   0x00000024   Code   RO         2500    .text               mc_w.l(memseta.o)
    0x0800028e   0x0800028e   0x00000024   Code   RO         2502    .text               mc_w.l(strstr.o)
    0x080002b2   0x080002b2   0x00000018   Code   RO         2504    .text               mc_w.l(strncpy.o)
    0x080002ca   0x080002ca   0x0000000e   Code   RO         2506    .text               mc_w.l(strlen.o)
    0x080002d8   0x080002d8   0x0000001c   Code   RO         2508    .text               mc_w.l(strcmp.o)
    0x080002f4   0x080002f4   0x00000028   Code   RO         2510    .text               mc_w.l(strncat.o)
    0x0800031c   0x0800031c   0x0000001e   Code   RO         2512    .text               mc_w.l(strncmp.o)
    0x0800033a   0x0800033a   0x00000002   PAD
    0x0800033c   0x0800033c   0x00000044   Code   RO         2514    .text               mc_w.l(strtok.o)
    0x08000380   0x08000380   0x00000022   Code   RO         2520    .text               mc_w.l(strcspn.o)
    0x080003a2   0x080003a2   0x00000002   PAD
    0x080003a4   0x080003a4   0x00000038   Code   RO         2552    .text               mc_w.l(sscanf.o)
    0x080003dc   0x080003dc   0x0000001a   Code   RO         2554    .text               mc_w.l(atoi.o)
    0x080003f6   0x080003f6   0x000000e4   Code   RO         2556    .text               mf_w.l(dmul.o)
    0x080004da   0x080004da   0x00000038   Code   RO         2560    .text               mf_w.l(d2f.o)
    0x08000512   0x08000512   0x0000002c   Code   RO         2577    .text               mc_w.l(uidiv.o)
    0x0800053e   0x0800053e   0x0000001e   Code   RO         2579    .text               mc_w.l(llshl.o)
    0x0800055c   0x0800055c   0x00000020   Code   RO         2581    .text               mc_w.l(llushr.o)
    0x0800057c   0x0800057c   0x00000156   Code   RO         2590    .text               mc_w.l(_scanf_longlong.o)
    0x080006d2   0x080006d2   0x0000014c   Code   RO         2592    .text               mc_w.l(_scanf_int.o)
    0x0800081e   0x0800081e   0x000000e0   Code   RO         2594    .text               mc_w.l(_scanf_str.o)
    0x080008fe   0x080008fe   0x00000002   PAD
    0x08000900   0x08000900   0x00000360   Code   RO         2596    .text               mc_w.l(scanf_fp.o)
    0x08000c60   0x08000c60   0x00000028   Code   RO         2600    .text               mc_w.l(scanf_char.o)
    0x08000c88   0x08000c88   0x00000040   Code   RO         2602    .text               mc_w.l(_sgetc.o)
    0x08000cc8   0x08000cc8   0x00000070   Code   RO         2604    .text               mc_w.l(strtol.o)
    0x08000d38   0x08000d38   0x00000000   Code   RO         2606    .text               mc_w.l(iusefp.o)
    0x08000d38   0x08000d38   0x0000006e   Code   RO         2607    .text               mf_w.l(fepilogue.o)
    0x08000da6   0x08000da6   0x000000ba   Code   RO         2609    .text               mf_w.l(depilogue.o)
    0x08000e60   0x08000e60   0x0000014e   Code   RO         2611    .text               mf_w.l(dadd.o)
    0x08000fae   0x08000fae   0x000000de   Code   RO         2613    .text               mf_w.l(ddiv.o)
    0x0800108c   0x0800108c   0x00000030   Code   RO         2615    .text               mf_w.l(dfixul.o)
    0x080010bc   0x080010bc   0x00000030   Code   RO         2617    .text               mf_w.l(cdrcmple.o)
    0x080010ec   0x080010ec   0x00000024   Code   RO         2619    .text               mc_w.l(init.o)
    0x08001110   0x08001110   0x00000024   Code   RO         2621    .text               mc_w.l(llsshr.o)
    0x08001134   0x08001134   0x00000008   Code   RO         2625    .text               mc_w.l(ctype_o.o)
    0x0800113c   0x0800113c   0x00000012   Code   RO         2647    .text               mc_w.l(isspace_o.o)
    0x0800114e   0x0800114e   0x0000001c   Code   RO         2653    .text               mc_w.l(_chval.o)
    0x0800116a   0x0800116a   0x00000002   PAD
    0x0800116c   0x0800116c   0x0000032c   Code   RO         2655    .text               mc_w.l(_scanf.o)
    0x08001498   0x08001498   0x0000009e   Code   RO         2657    .text               mc_w.l(_strtoul.o)
    0x08001536   0x08001536   0x00000018   Code   RO         2659    .text               mf_w.l(dfltul.o)
    0x0800154e   0x0800154e   0x0000003a   Code   RO         2672    .text               mc_w.l(__dczerorl.o)
    0x08001588   0x08001588   0x000001cc   Code   RO         1915    .text.ADS1285_Calibration  ads1285.o
    0x08001754   0x08001754   0x000000e8   Code   RO         1909    .text.ADS1285_Init  ads1285.o
    0x0800183c   0x0800183c   0x00000092   Code   RO         1923    .text.ADS1285_ReadRawData  ads1285.o
    0x080018ce   0x080018ce   0x00000002   PAD
    0x080018d0   0x080018d0   0x00000044   Code   RO         1911    .text.ADS1285_ResetHardware  ads1285.o
    0x08001914   0x08001914   0x00000056   Code   RO         1919    .text.ADS1285_StartupSequence  ads1285.o
    0x0800196a   0x0800196a   0x00000002   PAD
    0x0800196c   0x0800196c   0x000001b0   Code   RO         2012    .text.ADS1285_Test  data_fusion.o
    0x08001b1c   0x08001b1c   0x000000fe   Code   RO         1917    .text.ADS1285_WriteReg_Continuous  ads1285.o
    0x08001c1a   0x08001c1a   0x00000002   PAD
    0x08001c1c   0x08001c1c   0x0000008c   Code   RO         2002    .text.BufferSystem_Init  data_fusion.o
    0x08001ca8   0x08001ca8   0x00000004   Code   RO          152    .text.BusFault_Handler  stm32f4xx_it.o
    0x08001cac   0x08001cac   0x000000d6   Code   RO         1996    .text.CheckAndCreateNewFileIfNeeded  data_fusion.o
    0x08001d82   0x08001d82   0x00000002   PAD
    0x08001d84   0x08001d84   0x0000020e   Code   RO          248    .text.CheckStorageSpace  fatfs.o
    0x08001f92   0x08001f92   0x00000002   PAD
    0x08001f94   0x08001f94   0x0000010e   Code   RO          252    .text.Check_CreateConfig  fatfs.o
    0x080020a2   0x080020a2   0x00000002   PAD
    0x080020a4   0x080020a4   0x00000010   Code   RO          170    .text.DMA2_Stream3_IRQHandler  stm32f4xx_it.o
    0x080020b4   0x080020b4   0x00000010   Code   RO          172    .text.DMA2_Stream6_IRQHandler  stm32f4xx_it.o
    0x080020c4   0x080020c4   0x0000005c   Code   RO          734    .text.DMA_CalcBaseAndBitshift  stm32f4xx_hal_dma.o
    0x08002120   0x08002120   0x000000f6   Code   RO          732    .text.DMA_CheckFifoParam  stm32f4xx_hal_dma.o
    0x08002216   0x08002216   0x00000002   PAD
    0x08002218   0x08002218   0x00000066   Code   RO          740    .text.DMA_SetConfig  stm32f4xx_hal_dma.o
    0x0800227e   0x0800227e   0x00000002   PAD
    0x08002280   0x08002280   0x00000002   Code   RO          158    .text.DebugMon_Handler  stm32f4xx_it.o
    0x08002282   0x08002282   0x00000002   PAD
    0x08002284   0x08002284   0x00000182   Code   RO          246    .text.DeleteOldestFile  fatfs.o
    0x08002406   0x08002406   0x00000002   PAD
    0x08002408   0x08002408   0x00000024   Code   RO         1888    .text.EMMC_GetInfo  bsp_emmc.o
    0x0800242c   0x0800242c   0x00000060   Code   RO         1880    .text.EMMC_ReadBlock_DMA  bsp_emmc.o
    0x0800248c   0x0800248c   0x00000050   Code   RO         1882    .text.EMMC_Wait_Ready  bsp_emmc.o
    0x080024dc   0x080024dc   0x00000060   Code   RO         1884    .text.EMMC_WriteBlock_DMA  bsp_emmc.o
    0x0800253c   0x0800253c   0x0000000c   Code   RO          180    .text.EXTI15_10_IRQHandler  stm32f4xx_it.o
    0x08002548   0x08002548   0x00000006   Code   RO           15    .text.Error_Handler  main.o
    0x0800254e   0x0800254e   0x00000002   PAD
    0x08002550   0x08002550   0x000001ea   Code   RO          232    .text.FATFS_CreateRawDataFileWithTimestamp  fatfs.o
    0x0800273a   0x0800273a   0x00000002   PAD
    0x0800273c   0x0800273c   0x00000022   Code   RO         1833    .text.FATFS_LinkDriver  ff_gen_drv.o
    0x0800275e   0x0800275e   0x00000002   PAD
    0x08002760   0x08002760   0x0000008c   Code   RO         1831    .text.FATFS_LinkDriverEx  ff_gen_drv.o
    0x080027ec   0x080027ec   0x0000016a   Code   RO          238    .text.FATFS_Mount   fatfs.o
    0x08002956   0x08002956   0x00000002   PAD
    0x08002958   0x08002958   0x000000b4   Code   RO         2010    .text.FlushBufferToSD  data_fusion.o
    0x08002a0c   0x08002a0c   0x000000b8   Code   RO          260    .text.Format_EMMC   fatfs.o
    0x08002ac4   0x08002ac4   0x00000062   Code   RO         2111    .text.Get_SerialNum  usbd_desc.o
    0x08002b26   0x08002b26   0x00000002   PAD
    0x08002b28   0x08002b28   0x000000fc   Code   RO          744    .text.HAL_DMA_Abort  stm32f4xx_hal_dma.o
    0x08002c24   0x08002c24   0x00000048   Code   RO          746    .text.HAL_DMA_Abort_IT  stm32f4xx_hal_dma.o
    0x08002c6c   0x08002c6c   0x000000ba   Code   RO          736    .text.HAL_DMA_DeInit  stm32f4xx_hal_dma.o
    0x08002d26   0x08002d26   0x00000002   PAD
    0x08002d28   0x08002d28   0x00000010   Code   RO          758    .text.HAL_DMA_GetError  stm32f4xx_hal_dma.o
    0x08002d38   0x08002d38   0x00000356   Code   RO          750    .text.HAL_DMA_IRQHandler  stm32f4xx_hal_dma.o
    0x0800308e   0x0800308e   0x00000002   PAD
    0x08003090   0x08003090   0x00000182   Code   RO          730    .text.HAL_DMA_Init  stm32f4xx_hal_dma.o
    0x08003212   0x08003212   0x00000002   PAD
    0x08003214   0x08003214   0x000000da   Code   RO          742    .text.HAL_DMA_Start_IT  stm32f4xx_hal_dma.o
    0x080032ee   0x080032ee   0x00000002   PAD
    0x080032f0   0x080032f0   0x0000004e   Code   RO          947    .text.HAL_Delay     stm32f4xx_hal.o
    0x0800333e   0x0800333e   0x00000002   PAD
    0x08003340   0x08003340   0x0000027e   Code   RO          686    .text.HAL_GPIO_DeInit  stm32f4xx_hal_gpio.o
    0x080035be   0x080035be   0x00000002   PAD
    0x080035c0   0x080035c0   0x0000003c   Code   RO         2014    .text.HAL_GPIO_EXTI_Callback  data_fusion.o
    0x080035fc   0x080035fc   0x0000003c   Code   RO          696    .text.HAL_GPIO_EXTI_IRQHandler  stm32f4xx_hal_gpio.o
    0x08003638   0x08003638   0x00000408   Code   RO          684    .text.HAL_GPIO_Init  stm32f4xx_hal_gpio.o
    0x08003a40   0x08003a40   0x00000036   Code   RO          688    .text.HAL_GPIO_ReadPin  stm32f4xx_hal_gpio.o
    0x08003a76   0x08003a76   0x00000002   PAD
    0x08003a78   0x08003a78   0x00000030   Code   RO          692    .text.HAL_GPIO_TogglePin  stm32f4xx_hal_gpio.o
    0x08003aa8   0x08003aa8   0x00000042   Code   RO          690    .text.HAL_GPIO_WritePin  stm32f4xx_hal_gpio.o
    0x08003aea   0x08003aea   0x00000002   PAD
    0x08003aec   0x08003aec   0x0000000c   Code   RO          939    .text.HAL_GetTick   stm32f4xx_hal.o
    0x08003af8   0x08003af8   0x0000001a   Code   RO          937    .text.HAL_IncTick   stm32f4xx_hal.o
    0x08003b12   0x08003b12   0x00000002   PAD
    0x08003b14   0x08003b14   0x0000003c   Code   RO          927    .text.HAL_Init      stm32f4xx_hal.o
    0x08003b50   0x08003b50   0x00000076   Code   RO          929    .text.HAL_InitTick  stm32f4xx_hal.o
    0x08003bc6   0x08003bc6   0x00000002   PAD
    0x08003bc8   0x08003bc8   0x0000000c   Code   RO         1329    .text.HAL_MMC_AbortCallback  stm32f4xx_hal_mmc.o
    0x08003bd4   0x08003bd4   0x000001c6   Code   RO         1281    .text.HAL_MMC_ConfigWideBusOperation  stm32f4xx_hal_mmc.o
    0x08003d9a   0x08003d9a   0x00000002   PAD
    0x08003d9c   0x08003d9c   0x00000048   Code   RO         1287    .text.HAL_MMC_DeInit  stm32f4xx_hal_mmc.o
    0x08003de4   0x08003de4   0x0000000c   Code   RO         1317    .text.HAL_MMC_ErrorCallback  stm32f4xx_hal_mmc.o
    0x08003df0   0x08003df0   0x000002cc   Code   RO         1337    .text.HAL_MMC_GetCardCSD  stm32f4xx_hal_mmc.o
    0x080040bc   0x080040bc   0x00000222   Code   RO         1343    .text.HAL_MMC_GetCardExtCSD  stm32f4xx_hal_mmc.o
    0x080042de   0x080042de   0x00000002   PAD
    0x080042e0   0x080042e0   0x0000004c   Code   RO         1341    .text.HAL_MMC_GetCardInfo  stm32f4xx_hal_mmc.o
    0x0800432c   0x0800432c   0x0000003c   Code   RO         1347    .text.HAL_MMC_GetCardState  stm32f4xx_hal_mmc.o
    0x08004368   0x08004368   0x00000010   Code   RO         1333    .text.HAL_MMC_GetError  stm32f4xx_hal_mmc.o
    0x08004378   0x08004378   0x00000012   Code   RO         1331    .text.HAL_MMC_GetState  stm32f4xx_hal_mmc.o
    0x0800438a   0x0800438a   0x00000002   PAD
    0x0800438c   0x0800438c   0x00000334   Code   RO         1313    .text.HAL_MMC_IRQHandler  stm32f4xx_hal_mmc.o
    0x080046c0   0x080046c0   0x00000094   Code   RO         1275    .text.HAL_MMC_Init  stm32f4xx_hal_mmc.o
    0x08004754   0x08004754   0x00000130   Code   RO         1279    .text.HAL_MMC_InitCard  stm32f4xx_hal_mmc.o
    0x08004884   0x08004884   0x0000006e   Code   RO           79    .text.HAL_MMC_MspDeInit  sdio.o
    0x080048f2   0x080048f2   0x00000002   PAD
    0x080048f4   0x080048f4   0x000001f4   Code   RO           77    .text.HAL_MMC_MspInit  sdio.o
    0x08004ae8   0x08004ae8   0x000001e0   Code   RO         1301    .text.HAL_MMC_ReadBlocks_DMA  stm32f4xx_hal_mmc.o
    0x08004cc8   0x08004cc8   0x0000000c   Code   RO         1321    .text.HAL_MMC_RxCpltCallback  stm32f4xx_hal_mmc.o
    0x08004cd4   0x08004cd4   0x0000000c   Code   RO         1319    .text.HAL_MMC_TxCpltCallback  stm32f4xx_hal_mmc.o
    0x08004ce0   0x08004ce0   0x000001f2   Code   RO         1307    .text.HAL_MMC_WriteBlocks_DMA  stm32f4xx_hal_mmc.o
    0x08004ed2   0x08004ed2   0x00000002   PAD
    0x08004ed4   0x08004ed4   0x0000004e   Code   RO          193    .text.HAL_MspInit   stm32f4xx_hal_msp.o
    0x08004f22   0x08004f22   0x00000002   PAD
    0x08004f24   0x08004f24   0x00000018   Code   RO          862    .text.HAL_NVIC_DisableIRQ  stm32f4xx_hal_cortex.o
    0x08004f3c   0x08004f3c   0x00000018   Code   RO          858    .text.HAL_NVIC_EnableIRQ  stm32f4xx_hal_cortex.o
    0x08004f54   0x08004f54   0x00000046   Code   RO          850    .text.HAL_NVIC_SetPriority  stm32f4xx_hal_cortex.o
    0x08004f9a   0x08004f9a   0x00000002   PAD
    0x08004f9c   0x08004f9c   0x00000014   Code   RO          846    .text.HAL_NVIC_SetPriorityGrouping  stm32f4xx_hal_cortex.o
    0x08004fb0   0x08004fb0   0x00000014   Code   RO          381    .text.HAL_PCDEx_LPM_Callback  stm32f4xx_hal_pcd_ex.o
    0x08004fc4   0x08004fc4   0x00000020   Code   RO          379    .text.HAL_PCDEx_SetRxFiFo  stm32f4xx_hal_pcd_ex.o
    0x08004fe4   0x08004fe4   0x000000b0   Code   RO          377    .text.HAL_PCDEx_SetTxFiFo  stm32f4xx_hal_pcd_ex.o
    0x08005094   0x08005094   0x0000001a   Code   RO         2181    .text.HAL_PCD_ConnectCallback  usbd_conf.o
    0x080050ae   0x080050ae   0x00000002   PAD
    0x080050b0   0x080050b0   0x0000003c   Code   RO         2167    .text.HAL_PCD_DataInStageCallback  usbd_conf.o
    0x080050ec   0x080050ec   0x0000003e   Code   RO         2165    .text.HAL_PCD_DataOutStageCallback  usbd_conf.o
    0x0800512a   0x0800512a   0x00000002   PAD
    0x0800512c   0x0800512c   0x0000001a   Code   RO         2183    .text.HAL_PCD_DisconnectCallback  usbd_conf.o
    0x08005146   0x08005146   0x00000002   PAD
    0x08005148   0x08005148   0x00000066   Code   RO          324    .text.HAL_PCD_EP_Abort  stm32f4xx_hal_pcd.o
    0x080051ae   0x080051ae   0x00000002   PAD
    0x080051b0   0x080051b0   0x000000b2   Code   RO          344    .text.HAL_PCD_EP_Close  stm32f4xx_hal_pcd.o
    0x08005262   0x08005262   0x00000002   PAD
    0x08005264   0x08005264   0x000000d2   Code   RO          354    .text.HAL_PCD_EP_ClrStall  stm32f4xx_hal_pcd.o
    0x08005336   0x08005336   0x00000002   PAD
    0x08005338   0x08005338   0x0000007c   Code   RO          356    .text.HAL_PCD_EP_Flush  stm32f4xx_hal_pcd.o
    0x080053b4   0x080053b4   0x0000002a   Code   RO          348    .text.HAL_PCD_EP_GetRxCount  stm32f4xx_hal_pcd.o
    0x080053de   0x080053de   0x00000002   PAD
    0x080053e0   0x080053e0   0x00000106   Code   RO          342    .text.HAL_PCD_EP_Open  stm32f4xx_hal_pcd.o
    0x080054e6   0x080054e6   0x00000002   PAD
    0x080054e8   0x080054e8   0x0000008c   Code   RO          346    .text.HAL_PCD_EP_Receive  stm32f4xx_hal_pcd.o
    0x08005574   0x08005574   0x000000f2   Code   RO          352    .text.HAL_PCD_EP_SetStall  stm32f4xx_hal_pcd.o
    0x08005666   0x08005666   0x00000002   PAD
    0x08005668   0x08005668   0x0000008c   Code   RO          350    .text.HAL_PCD_EP_Transmit  stm32f4xx_hal_pcd.o
    0x080056f4   0x080056f4   0x00000876   Code   RO          302    .text.HAL_PCD_IRQHandler  stm32f4xx_hal_pcd.o
    0x08005f6a   0x08005f6a   0x00000002   PAD
    0x08005f6c   0x08005f6c   0x00000026   Code   RO         2179    .text.HAL_PCD_ISOINIncompleteCallback  usbd_conf.o
    0x08005f92   0x08005f92   0x00000002   PAD
    0x08005f94   0x08005f94   0x00000026   Code   RO         2177    .text.HAL_PCD_ISOOUTIncompleteCallback  usbd_conf.o
    0x08005fba   0x08005fba   0x00000002   PAD
    0x08005fbc   0x08005fbc   0x00000272   Code   RO          290    .text.HAL_PCD_Init  stm32f4xx_hal_pcd.o
    0x0800622e   0x0800622e   0x00000002   PAD
    0x08006230   0x08006230   0x0000016c   Code   RO         2159    .text.HAL_PCD_MspInit  usbd_conf.o
    0x0800639c   0x0800639c   0x0000005e   Code   RO         2171    .text.HAL_PCD_ResetCallback  usbd_conf.o
    0x080063fa   0x080063fa   0x00000002   PAD
    0x080063fc   0x080063fc   0x0000001a   Code   RO         2175    .text.HAL_PCD_ResumeCallback  usbd_conf.o
    0x08006416   0x08006416   0x00000002   PAD
    0x08006418   0x08006418   0x0000001a   Code   RO         2169    .text.HAL_PCD_SOFCallback  usbd_conf.o
    0x08006432   0x08006432   0x00000002   PAD
    0x08006434   0x08006434   0x00000066   Code   RO          340    .text.HAL_PCD_SetAddress  stm32f4xx_hal_pcd.o
    0x0800649a   0x0800649a   0x00000002   PAD
    0x0800649c   0x0800649c   0x00000026   Code   RO         2163    .text.HAL_PCD_SetupStageCallback  usbd_conf.o
    0x080064c2   0x080064c2   0x00000002   PAD
    0x080064c4   0x080064c4   0x0000008a   Code   RO          298    .text.HAL_PCD_Start  stm32f4xx_hal_pcd.o
    0x0800654e   0x0800654e   0x00000002   PAD
    0x08006550   0x08006550   0x00000046   Code   RO         2173    .text.HAL_PCD_SuspendCallback  usbd_conf.o
    0x08006596   0x08006596   0x00000002   PAD
    0x08006598   0x08006598   0x000000c8   Code   RO          829    .text.HAL_PWREx_EnableOverDrive  stm32f4xx_hal_pwr_ex.o
    0x08006660   0x08006660   0x0000044a   Code   RO          544    .text.HAL_RCCEx_PeriphCLKConfig  stm32f4xx_hal_rcc_ex.o
    0x08006aaa   0x08006aaa   0x00000002   PAD
    0x08006aac   0x08006aac   0x00000276   Code   RO          509    .text.HAL_RCC_ClockConfig  stm32f4xx_hal_rcc.o
    0x08006d22   0x08006d22   0x00000002   PAD
    0x08006d24   0x08006d24   0x0000000c   Code   RO          519    .text.HAL_RCC_GetHCLKFreq  stm32f4xx_hal_rcc.o
    0x08006d30   0x08006d30   0x00000026   Code   RO          521    .text.HAL_RCC_GetPCLK1Freq  stm32f4xx_hal_rcc.o
    0x08006d56   0x08006d56   0x00000002   PAD
    0x08006d58   0x08006d58   0x00000026   Code   RO          523    .text.HAL_RCC_GetPCLK2Freq  stm32f4xx_hal_rcc.o
    0x08006d7e   0x08006d7e   0x00000002   PAD
    0x08006d80   0x08006d80   0x000000e8   Code   RO          511    .text.HAL_RCC_GetSysClockFreq  stm32f4xx_hal_rcc.o
    0x08006e68   0x08006e68   0x00000700   Code   RO          507    .text.HAL_RCC_OscConfig  stm32f4xx_hal_rcc.o
    0x08007568   0x08007568   0x00000096   Code   RO         1050    .text.HAL_RTC_GetDate  stm32f4xx_hal_rtc.o
    0x080075fe   0x080075fe   0x00000002   PAD
    0x08007600   0x08007600   0x000000b0   Code   RO         1044    .text.HAL_RTC_GetTime  stm32f4xx_hal_rtc.o
    0x080076b0   0x080076b0   0x00000120   Code   RO         1028    .text.HAL_RTC_Init  stm32f4xx_hal_rtc.o
    0x080077d0   0x080077d0   0x00000054   Code   RO           57    .text.HAL_RTC_MspInit  rtc.o
    0x08007824   0x08007824   0x00000150   Code   RO         1048    .text.HAL_RTC_SetDate  stm32f4xx_hal_rtc.o
    0x08007974   0x08007974   0x0000017c   Code   RO         1040    .text.HAL_RTC_SetTime  stm32f4xx_hal_rtc.o
    0x08007af0   0x08007af0   0x00000060   Code   RO         1066    .text.HAL_RTC_WaitForSynchro  stm32f4xx_hal_rtc.o
    0x08007b50   0x08007b50   0x0000000c   Code   RO         1450    .text.HAL_SPI_ErrorCallback  stm32f4xx_hal_spi.o
    0x08007b5c   0x08007b5c   0x00000248   Code   RO         1446    .text.HAL_SPI_IRQHandler  stm32f4xx_hal_spi.o
    0x08007da4   0x08007da4   0x00000108   Code   RO         1366    .text.HAL_SPI_Init  stm32f4xx_hal_spi.o
    0x08007eac   0x08007eac   0x000000b2   Code   RO          102    .text.HAL_SPI_MspInit  spi.o
    0x08007f5e   0x08007f5e   0x00000002   PAD
    0x08007f60   0x08007f60   0x0000028c   Code   RO         1378    .text.HAL_SPI_Receive  stm32f4xx_hal_spi.o
    0x080081ec   0x080081ec   0x000002de   Code   RO         1374    .text.HAL_SPI_Transmit  stm32f4xx_hal_spi.o
    0x080084ca   0x080084ca   0x00000002   PAD
    0x080084cc   0x080084cc   0x000003ee   Code   RO         1380    .text.HAL_SPI_TransmitReceive  stm32f4xx_hal_spi.o
    0x080088ba   0x080088ba   0x00000002   PAD
    0x080088bc   0x080088bc   0x00000014   Code   RO          870    .text.HAL_SYSTICK_Config  stm32f4xx_hal_cortex.o
    0x080088d0   0x080088d0   0x00000014   Code   RO         1587    .text.HAL_UARTEx_RxEventCallback  stm32f4xx_hal_uart.o
    0x080088e4   0x080088e4   0x0000000c   Code   RO         1585    .text.HAL_UART_ErrorCallback  stm32f4xx_hal_uart.o
    0x080088f0   0x080088f0   0x00000452   Code   RO         1579    .text.HAL_UART_IRQHandler  stm32f4xx_hal_uart.o
    0x08008d42   0x08008d42   0x00000002   PAD
    0x08008d44   0x08008d44   0x000000aa   Code   RO         1495    .text.HAL_UART_Init  stm32f4xx_hal_uart.o
    0x08008dee   0x08008dee   0x00000002   PAD
    0x08008df0   0x08008df0   0x000001e2   Code   RO          124    .text.HAL_UART_MspInit  usart.o
    0x08008fd2   0x08008fd2   0x00000002   PAD
    0x08008fd4   0x08008fd4   0x0000006a   Code   RO         1519    .text.HAL_UART_Receive_IT  stm32f4xx_hal_uart.o
    0x0800903e   0x0800903e   0x00000002   PAD
    0x08009040   0x08009040   0x00000122   Code   RO         1957    .text.HAL_UART_RxCpltCallback  um980.o
    0x08009162   0x08009162   0x00000002   PAD
    0x08009164   0x08009164   0x00000152   Code   RO         1511    .text.HAL_UART_Transmit  stm32f4xx_hal_uart.o
    0x080092b6   0x080092b6   0x00000002   PAD
    0x080092b8   0x080092b8   0x0000000c   Code   RO         1593    .text.HAL_UART_TxCpltCallback  stm32f4xx_hal_uart.o
    0x080092c4   0x080092c4   0x00000004   Code   RO          148    .text.HardFault_Handler  stm32f4xx_it.o
    0x080092c8   0x080092c8   0x0000008a   Code   RO         2113    .text.IntToUnicode  usbd_desc.o
    0x08009352   0x08009352   0x00000002   PAD
    0x08009354   0x08009354   0x000001e6   Code   RO          254    .text.LoadConfigFromFile  fatfs.o
    0x0800953a   0x0800953a   0x00000002   PAD
    0x0800953c   0x0800953c   0x000000a6   Code   RO         1305    .text.MMC_DMAError  stm32f4xx_hal_mmc.o
    0x080095e2   0x080095e2   0x00000002   PAD
    0x080095e4   0x080095e4   0x00000068   Code   RO         1303    .text.MMC_DMAReceiveCplt  stm32f4xx_hal_mmc.o
    0x0800964c   0x0800964c   0x00000090   Code   RO         1327    .text.MMC_DMARxAbort  stm32f4xx_hal_mmc.o
    0x080096dc   0x080096dc   0x0000001e   Code   RO         1309    .text.MMC_DMATransmitCplt  stm32f4xx_hal_mmc.o
    0x080096fa   0x080096fa   0x00000002   PAD
    0x080096fc   0x080096fc   0x00000090   Code   RO         1325    .text.MMC_DMATxAbort  stm32f4xx_hal_mmc.o
    0x0800978c   0x0800978c   0x0000020a   Code   RO         1285    .text.MMC_InitCard  stm32f4xx_hal_mmc.o
    0x08009996   0x08009996   0x00000002   PAD
    0x08009998   0x08009998   0x00000018   Code   RO         1289    .text.MMC_PowerOFF  stm32f4xx_hal_mmc.o
    0x080099b0   0x080099b0   0x000000b4   Code   RO         1283    .text.MMC_PowerON   stm32f4xx_hal_mmc.o
    0x08009a64   0x08009a64   0x00000152   Code   RO         1345    .text.MMC_PwrClassUpdate  stm32f4xx_hal_mmc.o
    0x08009bb6   0x08009bb6   0x00000002   PAD
    0x08009bb8   0x08009bb8   0x0000018c   Code   RO         1339    .text.MMC_ReadExtCSD  stm32f4xx_hal_mmc.o
    0x08009d44   0x08009d44   0x000000b0   Code   RO         1315    .text.MMC_Read_IT   stm32f4xx_hal_mmc.o
    0x08009df4   0x08009df4   0x0000005e   Code   RO         1349    .text.MMC_SendStatus  stm32f4xx_hal_mmc.o
    0x08009e52   0x08009e52   0x00000002   PAD
    0x08009e54   0x08009e54   0x000000ae   Code   RO         1323    .text.MMC_Write_IT  stm32f4xx_hal_mmc.o
    0x08009f02   0x08009f02   0x00000002   PAD
    0x08009f04   0x08009f04   0x000000a6   Code   RO         2412    .text.MSC_BOT_Abort  usbd_msc_bot.o
    0x08009faa   0x08009faa   0x00000002   PAD
    0x08009fac   0x08009fac   0x00000142   Code   RO         2408    .text.MSC_BOT_CBW_Decode  usbd_msc_bot.o
    0x0800a0ee   0x0800a0ee   0x00000002   PAD
    0x0800a0f0   0x0800a0f0   0x0000008a   Code   RO         2410    .text.MSC_BOT_CplClrFeature  usbd_msc_bot.o
    0x0800a17a   0x0800a17a   0x00000002   PAD
    0x0800a17c   0x0800a17c   0x00000078   Code   RO         2402    .text.MSC_BOT_DataIn  usbd_msc_bot.o
    0x0800a1f4   0x0800a1f4   0x00000074   Code   RO         2406    .text.MSC_BOT_DataOut  usbd_msc_bot.o
    0x0800a268   0x0800a268   0x0000002c   Code   RO         2400    .text.MSC_BOT_DeInit  usbd_msc_bot.o
    0x0800a294   0x0800a294   0x000000b0   Code   RO         2396    .text.MSC_BOT_Init  usbd_msc_bot.o
    0x0800a344   0x0800a344   0x00000084   Code   RO         2398    .text.MSC_BOT_Reset  usbd_msc_bot.o
    0x0800a3c8   0x0800a3c8   0x0000008e   Code   RO         2404    .text.MSC_BOT_SendCSW  usbd_msc_bot.o
    0x0800a456   0x0800a456   0x00000002   PAD
    0x0800a458   0x0800a458   0x0000008e   Code   RO         2414    .text.MSC_BOT_SendData  usbd_msc_bot.o
    0x0800a4e6   0x0800a4e6   0x00000002   PAD
    0x0800a4e8   0x0800a4e8   0x00000054   Code   RO           42    .text.MX_DMA_Init   dma.o
    0x0800a53c   0x0800a53c   0x00000022   Code   RO          234    .text.MX_FATFS_Init  fatfs.o
    0x0800a55e   0x0800a55e   0x00000002   PAD
    0x0800a560   0x0800a560   0x00000248   Code   RO           29    .text.MX_GPIO_Init  gpio.o
    0x0800a7a8   0x0800a7a8   0x00000130   Code   RO           55    .text.MX_RTC_Init   rtc.o
    0x0800a8d8   0x0800a8d8   0x00000074   Code   RO           75    .text.MX_SDIO_MMC_Init  sdio.o
    0x0800a94c   0x0800a94c   0x0000029a   Code   RO           83    .text.MX_SDIO_MMC_Init_Safe  sdio.o
    0x0800abe6   0x0800abe6   0x00000002   PAD
    0x0800abe8   0x0800abe8   0x0000004a   Code   RO          100    .text.MX_SPI4_Init  spi.o
    0x0800ac32   0x0800ac32   0x00000002   PAD
    0x0800ac34   0x0800ac34   0x0000003c   Code   RO          118    .text.MX_USART1_UART_Init  usart.o
    0x0800ac70   0x0800ac70   0x0000003c   Code   RO          120    .text.MX_USART2_UART_Init  usart.o
    0x0800acac   0x0800acac   0x0000004e   Code   RO          122    .text.MX_USART6_UART_Init  usart.o
    0x0800acfa   0x0800acfa   0x00000002   PAD
    0x0800acfc   0x0800acfc   0x0000007e   Code   RO         2083    .text.MX_USB_DEVICE_Init  usb_device.o
    0x0800ad7a   0x0800ad7a   0x00000002   PAD
    0x0800ad7c   0x0800ad7c   0x00000246   Code   RO         1990    .text.MainLoop_StateMachine  data_fusion.o
    0x0800afc2   0x0800afc2   0x00000002   PAD
    0x0800afc4   0x0800afc4   0x00000004   Code   RO          150    .text.MemManage_Handler  stm32f4xx_it.o
    0x0800afc8   0x0800afc8   0x00000004   Code   RO          146    .text.NMI_Handler   stm32f4xx_it.o
    0x0800afcc   0x0800afcc   0x00000080   Code   RO          856    .text.NVIC_EncodePriority  stm32f4xx_hal_cortex.o
    0x0800b04c   0x0800b04c   0x00000010   Code   RO          176    .text.OTG_HS_IRQHandler  stm32f4xx_it.o
    0x0800b05c   0x0800b05c   0x00000098   Code   RO          306    .text.PCD_EP_OutSetupPacket_int  stm32f4xx_hal_pcd.o
    0x0800b0f4   0x0800b0f4   0x000001dc   Code   RO          304    .text.PCD_EP_OutXfrComplete_int  stm32f4xx_hal_pcd.o
    0x0800b2d0   0x0800b2d0   0x00000140   Code   RO          314    .text.PCD_WriteEmptyTxFifo  stm32f4xx_hal_pcd.o
    0x0800b410   0x0800b410   0x00000002   Code   RO          160    .text.PendSV_Handler  stm32f4xx_it.o
    0x0800b412   0x0800b412   0x00000002   PAD
    0x0800b414   0x0800b414   0x000000cc   Code   RO         1955    .text.PerformTimeSync  um980.o
    0x0800b4e0   0x0800b4e0   0x00000118   Code   RO         1998    .text.ProcessBuffers  data_fusion.o
    0x0800b5f8   0x0800b5f8   0x000003c4   Code   RO         1994    .text.ProcessSubStateMachine  data_fusion.o
    0x0800b9bc   0x0800b9bc   0x0000002e   Code   RO         1046    .text.RTC_Bcd2ToByte  stm32f4xx_hal_rtc.o
    0x0800b9ea   0x0800b9ea   0x00000002   PAD
    0x0800b9ec   0x0800b9ec   0x0000003c   Code   RO         1042    .text.RTC_ByteToBcd2  stm32f4xx_hal_rtc.o
    0x0800ba28   0x0800ba28   0x0000008e   Code   RO         1032    .text.RTC_EnterInitMode  stm32f4xx_hal_rtc.o
    0x0800bab6   0x0800bab6   0x00000002   PAD
    0x0800bab8   0x0800bab8   0x0000004e   Code   RO         1034    .text.RTC_ExitInitMode  stm32f4xx_hal_rtc.o
    0x0800bb06   0x0800bb06   0x00000002   PAD
    0x0800bb08   0x0800bb08   0x000000ee   Code   RO          256    .text.RTC_SetTimeFromConfig  fatfs.o
    0x0800bbf6   0x0800bbf6   0x00000002   PAD
    0x0800bbf8   0x0800bbf8   0x0000006e   Code   RO         2451    .text.SCSI_AllowPreventRemovable  usbd_msc_scsi.o
    0x0800bc66   0x0800bc66   0x00000002   PAD
    0x0800bc68   0x0800bc68   0x0000007a   Code   RO         2477    .text.SCSI_CheckAddressRange  usbd_msc_scsi.o
    0x0800bce2   0x0800bce2   0x00000002   PAD
    0x0800bce4   0x0800bce4   0x00000124   Code   RO         2447    .text.SCSI_Inquiry  usbd_msc_scsi.o
    0x0800be08   0x0800be08   0x000000b2   Code   RO         2455    .text.SCSI_ModeSense10  usbd_msc_scsi.o
    0x0800beba   0x0800beba   0x00000002   PAD
    0x0800bebc   0x0800bebc   0x000000b2   Code   RO         2453    .text.SCSI_ModeSense6  usbd_msc_scsi.o
    0x0800bf6e   0x0800bf6e   0x00000002   PAD
    0x0800bf70   0x0800bf70   0x000001fa   Code   RO         2441    .text.SCSI_ProcessCmd  usbd_msc_scsi.o
    0x0800c16a   0x0800c16a   0x00000002   PAD
    0x0800c16c   0x0800c16c   0x00000130   Code   RO         2479    .text.SCSI_ProcessRead  usbd_msc_scsi.o
    0x0800c29c   0x0800c29c   0x00000166   Code   RO         2481    .text.SCSI_ProcessWrite  usbd_msc_scsi.o
    0x0800c402   0x0800c402   0x00000002   PAD
    0x0800c404   0x0800c404   0x00000160   Code   RO         2463    .text.SCSI_Read10   usbd_msc_scsi.o
    0x0800c564   0x0800c564   0x0000015e   Code   RO         2465    .text.SCSI_Read12   usbd_msc_scsi.o
    0x0800c6c2   0x0800c6c2   0x00000002   PAD
    0x0800c6c4   0x0800c6c4   0x000000f6   Code   RO         2459    .text.SCSI_ReadCapacity10  usbd_msc_scsi.o
    0x0800c7ba   0x0800c7ba   0x00000002   PAD
    0x0800c7bc   0x0800c7bc   0x0000012e   Code   RO         2461    .text.SCSI_ReadCapacity16  usbd_msc_scsi.o
    0x0800c8ea   0x0800c8ea   0x00000002   PAD
    0x0800c8ec   0x0800c8ec   0x0000011c   Code   RO         2457    .text.SCSI_ReadFormatCapacity  usbd_msc_scsi.o
    0x0800ca08   0x0800ca08   0x00000126   Code   RO         2445    .text.SCSI_RequestSense  usbd_msc_scsi.o
    0x0800cb2e   0x0800cb2e   0x00000002   PAD
    0x0800cb30   0x0800cb30   0x0000009a   Code   RO         2473    .text.SCSI_SenseCode  usbd_msc_scsi.o
    0x0800cbca   0x0800cbca   0x00000002   PAD
    0x0800cbcc   0x0800cbcc   0x000000ce   Code   RO         2449    .text.SCSI_StartStopUnit  usbd_msc_scsi.o
    0x0800cc9a   0x0800cc9a   0x00000002   PAD
    0x0800cc9c   0x0800cc9c   0x000000da   Code   RO         2443    .text.SCSI_TestUnitReady  usbd_msc_scsi.o
    0x0800cd76   0x0800cd76   0x00000002   PAD
    0x0800cd78   0x0800cd78   0x00000072   Code   RO         2475    .text.SCSI_UpdateBotData  usbd_msc_scsi.o
    0x0800cdea   0x0800cdea   0x00000002   PAD
    0x0800cdec   0x0800cdec   0x00000096   Code   RO         2471    .text.SCSI_Verify10  usbd_msc_scsi.o
    0x0800ce82   0x0800ce82   0x00000002   PAD
    0x0800ce84   0x0800ce84   0x000001d6   Code   RO         2467    .text.SCSI_Write10  usbd_msc_scsi.o
    0x0800d05a   0x0800d05a   0x00000002   PAD
    0x0800d05c   0x0800d05c   0x000001e0   Code   RO         2469    .text.SCSI_Write12  usbd_msc_scsi.o
    0x0800d23c   0x0800d23c   0x0000006c   Code   RO         1190    .text.SDIO_ConfigData  stm32f4xx_ll_sdmmc.o
    0x0800d2a8   0x0800d2a8   0x00000012   Code   RO         1186    .text.SDIO_GetCommandResponse  stm32f4xx_ll_sdmmc.o
    0x0800d2ba   0x0800d2ba   0x00000002   PAD
    0x0800d2bc   0x0800d2bc   0x00000014   Code   RO         1182    .text.SDIO_GetPowerState  stm32f4xx_ll_sdmmc.o
    0x0800d2d0   0x0800d2d0   0x00000020   Code   RO         1188    .text.SDIO_GetResponse  stm32f4xx_ll_sdmmc.o
    0x0800d2f0   0x0800d2f0   0x00000010   Code   RO          168    .text.SDIO_IRQHandler  stm32f4xx_it.o
    0x0800d300   0x0800d300   0x00000070   Code   RO         1172    .text.SDIO_Init     stm32f4xx_ll_sdmmc.o
    0x0800d370   0x0800d370   0x00000014   Code   RO         1180    .text.SDIO_PowerState_OFF  stm32f4xx_ll_sdmmc.o
    0x0800d384   0x0800d384   0x00000014   Code   RO         1178    .text.SDIO_PowerState_ON  stm32f4xx_ll_sdmmc.o
    0x0800d398   0x0800d398   0x00000012   Code   RO         1174    .text.SDIO_ReadFIFO  stm32f4xx_ll_sdmmc.o
    0x0800d3aa   0x0800d3aa   0x00000002   PAD
    0x0800d3ac   0x0800d3ac   0x00000146   Code   RO           81    .text.SDIO_Reinitialize  sdio.o
    0x0800d4f2   0x0800d4f2   0x00000002   PAD
    0x0800d4f4   0x0800d4f4   0x00000064   Code   RO         1184    .text.SDIO_SendCommand  stm32f4xx_ll_sdmmc.o
    0x0800d558   0x0800d558   0x0000001e   Code   RO         1176    .text.SDIO_WriteFIFO  stm32f4xx_ll_sdmmc.o
    0x0800d576   0x0800d576   0x00000002   PAD
    0x0800d578   0x0800d578   0x0000004e   Code   RO         1198    .text.SDMMC_CmdBlockLength  stm32f4xx_ll_sdmmc.o
    0x0800d5c6   0x0800d5c6   0x00000002   PAD
    0x0800d5c8   0x0800d5c8   0x00000036   Code   RO         1224    .text.SDMMC_CmdGoIdleState  stm32f4xx_ll_sdmmc.o
    0x0800d5fe   0x0800d5fe   0x00000002   PAD
    0x0800d600   0x0800d600   0x00000040   Code   RO         1258    .text.SDMMC_CmdOpCondition  stm32f4xx_ll_sdmmc.o
    0x0800d640   0x0800d640   0x0000004e   Code   RO         1204    .text.SDMMC_CmdReadMultiBlock  stm32f4xx_ll_sdmmc.o
    0x0800d68e   0x0800d68e   0x00000002   PAD
    0x0800d690   0x0800d690   0x0000004e   Code   RO         1202    .text.SDMMC_CmdReadSingleBlock  stm32f4xx_ll_sdmmc.o
    0x0800d6de   0x0800d6de   0x00000002   PAD
    0x0800d6e0   0x0800d6e0   0x00000056   Code   RO         1222    .text.SDMMC_CmdSelDesel  stm32f4xx_ll_sdmmc.o
    0x0800d736   0x0800d736   0x00000002   PAD
    0x0800d738   0x0800d738   0x0000003a   Code   RO         1242    .text.SDMMC_CmdSendCID  stm32f4xx_ll_sdmmc.o
    0x0800d772   0x0800d772   0x00000002   PAD
    0x0800d774   0x0800d774   0x00000040   Code   RO         1246    .text.SDMMC_CmdSendCSD  stm32f4xx_ll_sdmmc.o
    0x0800d7b4   0x0800d7b4   0x0000004e   Code   RO         1262    .text.SDMMC_CmdSendEXTCSD  stm32f4xx_ll_sdmmc.o
    0x0800d802   0x0800d802   0x00000002   PAD
    0x0800d804   0x0800d804   0x0000004e   Code   RO         1254    .text.SDMMC_CmdSendStatus  stm32f4xx_ll_sdmmc.o
    0x0800d852   0x0800d852   0x00000002   PAD
    0x0800d854   0x0800d854   0x00000054   Code   RO         1252    .text.SDMMC_CmdSetRelAddMmc  stm32f4xx_ll_sdmmc.o
    0x0800d8a8   0x0800d8a8   0x00000046   Code   RO         1220    .text.SDMMC_CmdStopTransfer  stm32f4xx_ll_sdmmc.o
    0x0800d8ee   0x0800d8ee   0x00000002   PAD
    0x0800d8f0   0x0800d8f0   0x0000004e   Code   RO         1260    .text.SDMMC_CmdSwitch  stm32f4xx_ll_sdmmc.o
    0x0800d93e   0x0800d93e   0x00000002   PAD
    0x0800d940   0x0800d940   0x0000004e   Code   RO         1208    .text.SDMMC_CmdWriteMultiBlock  stm32f4xx_ll_sdmmc.o
    0x0800d98e   0x0800d98e   0x00000002   PAD
    0x0800d990   0x0800d990   0x0000004e   Code   RO         1206    .text.SDMMC_CmdWriteSingleBlock  stm32f4xx_ll_sdmmc.o
    0x0800d9de   0x0800d9de   0x00000002   PAD
    0x0800d9e0   0x0800d9e0   0x00000062   Code   RO         1226    .text.SDMMC_GetCmdError  stm32f4xx_ll_sdmmc.o
    0x0800da42   0x0800da42   0x00000002   PAD
    0x0800da44   0x0800da44   0x0000023c   Code   RO         1200    .text.SDMMC_GetCmdResp1  stm32f4xx_ll_sdmmc.o
    0x0800dc80   0x0800dc80   0x000000b2   Code   RO         1244    .text.SDMMC_GetCmdResp2  stm32f4xx_ll_sdmmc.o
    0x0800dd32   0x0800dd32   0x00000002   PAD
    0x0800dd34   0x0800dd34   0x0000009a   Code   RO         1236    .text.SDMMC_GetCmdResp3  stm32f4xx_ll_sdmmc.o
    0x0800ddce   0x0800ddce   0x00000002   PAD
    0x0800ddd0   0x0800ddd0   0x00000010   Code   RO          178    .text.SPI4_IRQHandler  stm32f4xx_it.o
    0x0800dde0   0x0800dde0   0x00000024   Code   RO         1448    .text.SPI_DMAAbortOnError  stm32f4xx_hal_spi.o
    0x0800de04   0x0800de04   0x000000fa   Code   RO         1382    .text.SPI_EndRxTransaction  stm32f4xx_hal_spi.o
    0x0800defe   0x0800defe   0x00000002   PAD
    0x0800df00   0x0800df00   0x000000f4   Code   RO         1376    .text.SPI_EndRxTxTransaction  stm32f4xx_hal_spi.o
    0x0800dff4   0x0800dff4   0x00000146   Code   RO         1474    .text.SPI_WaitFlagStateUntilTimeout  stm32f4xx_hal_spi.o
    0x0800e13a   0x0800e13a   0x00000002   PAD
    0x0800e13c   0x0800e13c   0x0000006c   Code   RO         2134    .text.STORAGE_GetCapacity_HS  usbd_storage_if.o
    0x0800e1a8   0x0800e1a8   0x00000004   Code   RO         2144    .text.STORAGE_GetMaxLun_HS  usbd_storage_if.o
    0x0800e1ac   0x0800e1ac   0x00000010   Code   RO         2132    .text.STORAGE_Init_HS  usbd_storage_if.o
    0x0800e1bc   0x0800e1bc   0x00000034   Code   RO         2136    .text.STORAGE_IsReady_HS  usbd_storage_if.o
    0x0800e1f0   0x0800e1f0   0x00000010   Code   RO         2138    .text.STORAGE_IsWriteProtected_HS  usbd_storage_if.o
    0x0800e200   0x0800e200   0x0000008a   Code   RO         2140    .text.STORAGE_Read_HS  usbd_storage_if.o
    0x0800e28a   0x0800e28a   0x00000002   PAD
    0x0800e28c   0x0800e28c   0x0000008a   Code   RO         2142    .text.STORAGE_Write_HS  usbd_storage_if.o
    0x0800e316   0x0800e316   0x00000002   PAD
    0x0800e318   0x0800e318   0x00000002   Code   RO          156    .text.SVC_Handler   stm32f4xx_it.o
    0x0800e31a   0x0800e31a   0x00000002   PAD
    0x0800e31c   0x0800e31c   0x0000003a   Code   RO         2317    .text.SWAPBYTE      usbd_ctlreq.o
    0x0800e356   0x0800e356   0x00000002   PAD
    0x0800e358   0x0800e358   0x000000a2   Code   RO         2004    .text.SafeCloseCurrentFile  data_fusion.o
    0x0800e3fa   0x0800e3fa   0x00000002   PAD
    0x0800e3fc   0x0800e3fc   0x00000116   Code   RO         1949    .text.Set_RTC_From_GPZDA_BIN  um980.o
    0x0800e512   0x0800e512   0x00000002   PAD
    0x0800e514   0x0800e514   0x0000005a   Code   RO          872    .text.SysTick_Config  stm32f4xx_hal_cortex.o
    0x0800e56e   0x0800e56e   0x00000002   PAD
    0x0800e570   0x0800e570   0x00000008   Code   RO          162    .text.SysTick_Handler  stm32f4xx_it.o
    0x0800e578   0x0800e578   0x000000d4   Code   RO           13    .text.SystemClock_Config  main.o
    0x0800e64c   0x0800e64c   0x00000012   Code   RO         1638    .text.SystemInit    system_stm32f4xx.o
    0x0800e65e   0x0800e65e   0x00000002   PAD
    0x0800e660   0x0800e660   0x00000024   Code   RO         1583    .text.UART_DMAAbortOnError  stm32f4xx_hal_uart.o
    0x0800e684   0x0800e684   0x00000098   Code   RO         1543    .text.UART_EndRxTransfer  stm32f4xx_hal_uart.o
    0x0800e71c   0x0800e71c   0x0000002a   Code   RO         1591    .text.UART_EndTransmit_IT  stm32f4xx_hal_uart.o
    0x0800e746   0x0800e746   0x00000002   PAD
    0x0800e748   0x0800e748   0x00000178   Code   RO         1581    .text.UART_Receive_IT  stm32f4xx_hal_uart.o
    0x0800e8c0   0x0800e8c0   0x00000166   Code   RO         1499    .text.UART_SetConfig  stm32f4xx_hal_uart.o
    0x0800ea26   0x0800ea26   0x00000002   PAD
    0x0800ea28   0x0800ea28   0x00000076   Code   RO         1521    .text.UART_Start_Receive_IT  stm32f4xx_hal_uart.o
    0x0800ea9e   0x0800ea9e   0x00000002   PAD
    0x0800eaa0   0x0800eaa0   0x0000009e   Code   RO         1589    .text.UART_Transmit_IT  stm32f4xx_hal_uart.o
    0x0800eb3e   0x0800eb3e   0x00000002   PAD
    0x0800eb40   0x0800eb40   0x000000fe   Code   RO         1513    .text.UART_WaitOnFlagUntilTimeout  stm32f4xx_hal_uart.o
    0x0800ec3e   0x0800ec3e   0x00000002   PAD
    0x0800ec40   0x0800ec40   0x00000048   Code   RO         1943    .text.UM980_StatusCheck  um980.o
    0x0800ec88   0x0800ec88   0x00000010   Code   RO          164    .text.USART1_IRQHandler  stm32f4xx_it.o
    0x0800ec98   0x0800ec98   0x00000010   Code   RO          166    .text.USART2_IRQHandler  stm32f4xx_it.o
    0x0800eca8   0x0800eca8   0x00000010   Code   RO          174    .text.USART6_IRQHandler  stm32f4xx_it.o
    0x0800ecb8   0x0800ecb8   0x00000044   Code   RO         2248    .text.USBD_ClrClassConfig  usbd_core.o
    0x0800ecfc   0x0800ecfc   0x0000004a   Code   RO         2307    .text.USBD_ClrFeature  usbd_ctlreq.o
    0x0800ed46   0x0800ed46   0x00000002   PAD
    0x0800ed48   0x0800ed48   0x00000016   Code   RO         2256    .text.USBD_CoreFindEP  usbd_core.o
    0x0800ed5e   0x0800ed5e   0x00000002   PAD
    0x0800ed60   0x0800ed60   0x00000016   Code   RO         2254    .text.USBD_CoreFindIF  usbd_core.o
    0x0800ed76   0x0800ed76   0x00000002   PAD
    0x0800ed78   0x0800ed78   0x0000003a   Code   RO         2341    .text.USBD_CtlContinueRx  usbd_ioreq.o
    0x0800edb2   0x0800edb2   0x00000002   PAD
    0x0800edb4   0x0800edb4   0x0000003a   Code   RO         2337    .text.USBD_CtlContinueSendData  usbd_ioreq.o
    0x0800edee   0x0800edee   0x00000002   PAD
    0x0800edf0   0x0800edf0   0x0000002c   Code   RO         2309    .text.USBD_CtlError  usbd_ctlreq.o
    0x0800ee1c   0x0800ee1c   0x0000002a   Code   RO         2345    .text.USBD_CtlReceiveStatus  usbd_ioreq.o
    0x0800ee46   0x0800ee46   0x00000002   PAD
    0x0800ee48   0x0800ee48   0x0000004e   Code   RO         2335    .text.USBD_CtlSendData  usbd_ioreq.o
    0x0800ee96   0x0800ee96   0x00000002   PAD
    0x0800ee98   0x0800ee98   0x0000002a   Code   RO         2343    .text.USBD_CtlSendStatus  usbd_ioreq.o
    0x0800eec2   0x0800eec2   0x00000002   PAD
    0x0800eec4   0x0800eec4   0x00000070   Code   RO         2301    .text.USBD_GetConfig  usbd_ctlreq.o
    0x0800ef34   0x0800ef34   0x00000344   Code   RO         2295    .text.USBD_GetDescriptor  usbd_ctlreq.o
    0x0800f278   0x0800f278   0x0000007e   Code   RO         2278    .text.USBD_GetEpDesc  usbd_core.o
    0x0800f2f6   0x0800f2f6   0x00000002   PAD
    0x0800f2f8   0x0800f2f8   0x00000038   Code   RO         2321    .text.USBD_GetLen   usbd_ctlreq.o
    0x0800f330   0x0800f330   0x00000030   Code   RO         2280    .text.USBD_GetNextDesc  usbd_core.o
    0x0800f360   0x0800f360   0x0000006e   Code   RO         2303    .text.USBD_GetStatus  usbd_ctlreq.o
    0x0800f3ce   0x0800f3ce   0x00000002   PAD
    0x0800f3d0   0x0800f3d0   0x000000d0   Code   RO         2319    .text.USBD_GetString  usbd_ctlreq.o
    0x0800f4a0   0x0800f4a0   0x00000056   Code   RO         2189    .text.USBD_Get_USB_Status  usbd_conf.o
    0x0800f4f6   0x0800f4f6   0x00000002   PAD
    0x0800f4f8   0x0800f4f8   0x00000058   Code   RO         2107    .text.USBD_HS_ConfigStrDescriptor  usbd_desc.o
    0x0800f550   0x0800f550   0x00000022   Code   RO         2097    .text.USBD_HS_DeviceDescriptor  usbd_desc.o
    0x0800f572   0x0800f572   0x00000002   PAD
    0x0800f574   0x0800f574   0x00000058   Code   RO         2109    .text.USBD_HS_InterfaceStrDescriptor  usbd_desc.o
    0x0800f5cc   0x0800f5cc   0x00000022   Code   RO         2099    .text.USBD_HS_LangIDStrDescriptor  usbd_desc.o
    0x0800f5ee   0x0800f5ee   0x00000002   PAD
    0x0800f5f0   0x0800f5f0   0x0000003e   Code   RO         2101    .text.USBD_HS_ManufacturerStrDescriptor  usbd_desc.o
    0x0800f62e   0x0800f62e   0x00000002   PAD
    0x0800f630   0x0800f630   0x00000058   Code   RO         2103    .text.USBD_HS_ProductStrDescriptor  usbd_desc.o
    0x0800f688   0x0800f688   0x00000028   Code   RO         2105    .text.USBD_HS_SerialStrDescriptor  usbd_desc.o
    0x0800f6b0   0x0800f6b0   0x0000007e   Code   RO         2234    .text.USBD_Init     usbd_core.o
    0x0800f72e   0x0800f72e   0x00000002   PAD
    0x0800f730   0x0800f730   0x00000042   Code   RO         2203    .text.USBD_LL_ClearStallEP  usbd_conf.o
    0x0800f772   0x0800f772   0x00000002   PAD
    0x0800f774   0x0800f774   0x00000042   Code   RO         2197    .text.USBD_LL_CloseEP  usbd_conf.o
    0x0800f7b6   0x0800f7b6   0x00000002   PAD
    0x0800f7b8   0x0800f7b8   0x000001cc   Code   RO         2258    .text.USBD_LL_DataInStage  usbd_core.o
    0x0800f984   0x0800f984   0x000001e2   Code   RO         2252    .text.USBD_LL_DataOutStage  usbd_core.o
    0x0800fb66   0x0800fb66   0x00000002   PAD
    0x0800fb68   0x0800fb68   0x0000000e   Code   RO         2274    .text.USBD_LL_DevConnected  usbd_core.o
    0x0800fb76   0x0800fb76   0x00000002   PAD
    0x0800fb78   0x0800fb78   0x0000004e   Code   RO         2276    .text.USBD_LL_DevDisconnected  usbd_core.o
    0x0800fbc6   0x0800fbc6   0x00000002   PAD
    0x0800fbc8   0x0800fbc8   0x00000042   Code   RO         2199    .text.USBD_LL_FlushEP  usbd_conf.o
    0x0800fc0a   0x0800fc0a   0x00000002   PAD
    0x0800fc0c   0x0800fc0c   0x00000024   Code   RO         2213    .text.USBD_LL_GetRxDataSize  usbd_conf.o
    0x0800fc30   0x0800fc30   0x0000009a   Code   RO         2185    .text.USBD_LL_Init  usbd_conf.o
    0x0800fcca   0x0800fcca   0x00000002   PAD
    0x0800fccc   0x0800fccc   0x00000062   Code   RO         2205    .text.USBD_LL_IsStallEP  usbd_conf.o
    0x0800fd2e   0x0800fd2e   0x00000002   PAD
    0x0800fd30   0x0800fd30   0x00000082   Code   RO         2270    .text.USBD_LL_IsoINIncomplete  usbd_core.o
    0x0800fdb2   0x0800fdb2   0x00000002   PAD
    0x0800fdb4   0x0800fdb4   0x00000082   Code   RO         2272    .text.USBD_LL_IsoOUTIncomplete  usbd_core.o
    0x0800fe36   0x0800fe36   0x00000002   PAD
    0x0800fe38   0x0800fe38   0x0000005e   Code   RO         2195    .text.USBD_LL_OpenEP  usbd_conf.o
    0x0800fe96   0x0800fe96   0x00000002   PAD
    0x0800fe98   0x0800fe98   0x00000056   Code   RO         2211    .text.USBD_LL_PrepareReceive  usbd_conf.o
    0x0800feee   0x0800feee   0x00000002   PAD
    0x0800fef0   0x0800fef0   0x000000c0   Code   RO         2260    .text.USBD_LL_Reset  usbd_core.o
    0x0800ffb0   0x0800ffb0   0x00000028   Code   RO         2266    .text.USBD_LL_Resume  usbd_core.o
    0x0800ffd8   0x0800ffd8   0x00000048   Code   RO         2268    .text.USBD_LL_SOF   usbd_core.o
    0x08010020   0x08010020   0x0000001e   Code   RO         2262    .text.USBD_LL_SetSpeed  usbd_core.o
    0x0801003e   0x0801003e   0x00000002   PAD
    0x08010040   0x08010040   0x00000042   Code   RO         2207    .text.USBD_LL_SetUSBAddress  usbd_conf.o
    0x08010082   0x08010082   0x00000002   PAD
    0x08010084   0x08010084   0x0000009e   Code   RO         2250    .text.USBD_LL_SetupStage  usbd_core.o
    0x08010122   0x08010122   0x00000002   PAD
    0x08010124   0x08010124   0x00000042   Code   RO         2201    .text.USBD_LL_StallEP  usbd_conf.o
    0x08010166   0x08010166   0x00000002   PAD
    0x08010168   0x08010168   0x00000036   Code   RO         2191    .text.USBD_LL_Start  usbd_conf.o
    0x0801019e   0x0801019e   0x00000002   PAD
    0x080101a0   0x080101a0   0x00000030   Code   RO         2264    .text.USBD_LL_Suspend  usbd_core.o
    0x080101d0   0x080101d0   0x00000056   Code   RO         2209    .text.USBD_LL_Transmit  usbd_conf.o
    0x08010226   0x08010226   0x00000002   PAD
    0x08010228   0x08010228   0x00000022   Code   RO         2366    .text.USBD_MSC_DataIn  usbd_msc.o
    0x0801024a   0x0801024a   0x00000002   PAD
    0x0801024c   0x0801024c   0x00000022   Code   RO         2368    .text.USBD_MSC_DataOut  usbd_msc.o
    0x0801026e   0x0801026e   0x00000002   PAD
    0x08010270   0x08010270   0x000000c2   Code   RO         2362    .text.USBD_MSC_DeInit  usbd_msc.o
    0x08010332   0x08010332   0x00000002   PAD
    0x08010334   0x08010334   0x0000001a   Code   RO         2376    .text.USBD_MSC_GetDeviceQualifierDescriptor  usbd_msc.o
    0x0801034e   0x0801034e   0x00000002   PAD
    0x08010350   0x08010350   0x0000005a   Code   RO         2372    .text.USBD_MSC_GetFSCfgDesc  usbd_msc.o
    0x080103aa   0x080103aa   0x00000002   PAD
    0x080103ac   0x080103ac   0x0000005e   Code   RO         2370    .text.USBD_MSC_GetHSCfgDesc  usbd_msc.o
    0x0801040a   0x0801040a   0x00000002   PAD
    0x0801040c   0x0801040c   0x0000005a   Code   RO         2374    .text.USBD_MSC_GetOtherSpeedCfgDesc  usbd_msc.o
    0x08010466   0x08010466   0x00000002   PAD
    0x08010468   0x08010468   0x00000176   Code   RO         2360    .text.USBD_MSC_Init  usbd_msc.o
    0x080105de   0x080105de   0x00000002   PAD
    0x080105e0   0x080105e0   0x0000003e   Code   RO         2378    .text.USBD_MSC_RegisterStorage  usbd_msc.o
    0x0801061e   0x0801061e   0x00000002   PAD
    0x08010620   0x08010620   0x0000021e   Code   RO         2364    .text.USBD_MSC_Setup  usbd_msc.o
    0x0801083e   0x0801083e   0x00000002   PAD
    0x08010840   0x08010840   0x0000006a   Code   RO         2315    .text.USBD_ParseSetupRequest  usbd_ctlreq.o
    0x080108aa   0x080108aa   0x00000002   PAD
    0x080108ac   0x080108ac   0x00000084   Code   RO         2238    .text.USBD_RegisterClass  usbd_core.o
    0x08010930   0x08010930   0x0000000e   Code   RO         2244    .text.USBD_RunTestMode  usbd_core.o
    0x0801093e   0x0801093e   0x00000002   PAD
    0x08010940   0x08010940   0x000000a0   Code   RO         2297    .text.USBD_SetAddress  usbd_ctlreq.o
    0x080109e0   0x080109e0   0x00000046   Code   RO         2246    .text.USBD_SetClassConfig  usbd_core.o
    0x08010a26   0x08010a26   0x00000002   PAD
    0x08010a28   0x08010a28   0x000001b8   Code   RO         2299    .text.USBD_SetConfig  usbd_ctlreq.o
    0x08010be0   0x08010be0   0x0000005c   Code   RO         2305    .text.USBD_SetFeature  usbd_ctlreq.o
    0x08010c3c   0x08010c3c   0x00000014   Code   RO         2240    .text.USBD_Start    usbd_core.o
    0x08010c50   0x08010c50   0x000000dc   Code   RO         2293    .text.USBD_StdDevReq  usbd_ctlreq.o
    0x08010d2c   0x08010d2c   0x00000406   Code   RO         2313    .text.USBD_StdEPReq  usbd_ctlreq.o
    0x08011132   0x08011132   0x00000002   PAD
    0x08011134   0x08011134   0x0000010e   Code   RO         2311    .text.USBD_StdItfReq  usbd_ctlreq.o
    0x08011242   0x08011242   0x00000002   PAD
    0x08011244   0x08011244   0x0000000c   Code   RO         2217    .text.USBD_static_free  usbd_conf.o
    0x08011250   0x08011250   0x00000014   Code   RO         2215    .text.USBD_static_malloc  usbd_conf.o
    0x08011264   0x08011264   0x000000e8   Code   RO          420    .text.USB_ActivateEndpoint  stm32f4xx_ll_usb.o
    0x0801134c   0x0801134c   0x00000030   Code   RO          462    .text.USB_ActivateSetup  stm32f4xx_ll_usb.o
    0x0801137c   0x0801137c   0x000000ea   Code   RO          396    .text.USB_CoreInit  stm32f4xx_ll_usb.o
    0x08011466   0x08011466   0x00000002   PAD
    0x08011468   0x08011468   0x0000007c   Code   RO          398    .text.USB_CoreReset  stm32f4xx_ll_usb.o
    0x080114e4   0x080114e4   0x00000154   Code   RO          424    .text.USB_DeactivateEndpoint  stm32f4xx_ll_usb.o
    0x08011638   0x08011638   0x0000002e   Code   RO          444    .text.USB_DevConnect  stm32f4xx_ll_usb.o
    0x08011666   0x08011666   0x00000002   PAD
    0x08011668   0x08011668   0x0000002e   Code   RO          446    .text.USB_DevDisconnect  stm32f4xx_ll_usb.o
    0x08011696   0x08011696   0x00000002   PAD
    0x08011698   0x08011698   0x000002c6   Code   RO          410    .text.USB_DevInit   stm32f4xx_ll_usb.o
    0x0801195e   0x0801195e   0x00000002   PAD
    0x08011960   0x08011960   0x00000018   Code   RO          404    .text.USB_DisableGlobalInt  stm32f4xx_ll_usb.o
    0x08011978   0x08011978   0x000000b2   Code   RO          464    .text.USB_EP0_OutStart  stm32f4xx_ll_usb.o
    0x08011a2a   0x08011a2a   0x00000002   PAD
    0x08011a2c   0x08011a2c   0x000000a8   Code   RO          438    .text.USB_EPClearStall  stm32f4xx_ll_usb.o
    0x08011ad4   0x08011ad4   0x000000b8   Code   RO          436    .text.USB_EPSetStall  stm32f4xx_ll_usb.o
    0x08011b8c   0x08011b8c   0x00000422   Code   RO          428    .text.USB_EPStartXfer  stm32f4xx_ll_usb.o
    0x08011fae   0x08011fae   0x00000002   PAD
    0x08011fb0   0x08011fb0   0x00000128   Code   RO          432    .text.USB_EPStopXfer  stm32f4xx_ll_usb.o
    0x080120d8   0x080120d8   0x00000018   Code   RO          402    .text.USB_EnableGlobalInt  stm32f4xx_ll_usb.o
    0x080120f0   0x080120f0   0x00000078   Code   RO          416    .text.USB_FlushRxFifo  stm32f4xx_ll_usb.o
    0x08012168   0x08012168   0x00000084   Code   RO          414    .text.USB_FlushTxFifo  stm32f4xx_ll_usb.o
    0x080121ec   0x080121ec   0x00000052   Code   RO          418    .text.USB_GetDevSpeed  stm32f4xx_ll_usb.o
    0x0801223e   0x0801223e   0x00000002   PAD
    0x08012240   0x08012240   0x00000014   Code   RO          408    .text.USB_GetMode   stm32f4xx_ll_usb.o
    0x08012254   0x08012254   0x00000028   Code   RO          454    .text.USB_ReadDevAllInEpInterrupt  stm32f4xx_ll_usb.o
    0x0801227c   0x0801227c   0x00000028   Code   RO          452    .text.USB_ReadDevAllOutEpInterrupt  stm32f4xx_ll_usb.o
    0x080122a4   0x080122a4   0x00000056   Code   RO          458    .text.USB_ReadDevInEPInterrupt  stm32f4xx_ll_usb.o
    0x080122fa   0x080122fa   0x00000002   PAD
    0x080122fc   0x080122fc   0x00000036   Code   RO          456    .text.USB_ReadDevOutEPInterrupt  stm32f4xx_ll_usb.o
    0x08012332   0x08012332   0x00000002   PAD
    0x08012334   0x08012334   0x0000001e   Code   RO          448    .text.USB_ReadInterrupts  stm32f4xx_ll_usb.o
    0x08012352   0x08012352   0x00000002   PAD
    0x08012354   0x08012354   0x000000c8   Code   RO          434    .text.USB_ReadPacket  stm32f4xx_ll_usb.o
    0x0801241c   0x0801241c   0x000000ee   Code   RO          406    .text.USB_SetCurrentMode  stm32f4xx_ll_usb.o
    0x0801250a   0x0801250a   0x00000002   PAD
    0x0801250c   0x0801250c   0x00000042   Code   RO          442    .text.USB_SetDevAddress  stm32f4xx_ll_usb.o
    0x0801254e   0x0801254e   0x00000002   PAD
    0x08012550   0x08012550   0x0000002c   Code   RO          412    .text.USB_SetDevSpeed  stm32f4xx_ll_usb.o
    0x0801257c   0x0801257c   0x000001d0   Code   RO          400    .text.USB_SetTurnaroundTime  stm32f4xx_ll_usb.o
    0x0801274c   0x0801274c   0x00000094   Code   RO          430    .text.USB_WritePacket  stm32f4xx_ll_usb.o
    0x080127e0   0x080127e0   0x00000064   Code   RO          206    .text.USER_initialize  user_diskio.o
    0x08012844   0x08012844   0x000000a0   Code   RO          214    .text.USER_ioctl    user_diskio.o
    0x080128e4   0x080128e4   0x0000007e   Code   RO          210    .text.USER_read     user_diskio.o
    0x08012962   0x08012962   0x00000002   PAD
    0x08012964   0x08012964   0x00000064   Code   RO          208    .text.USER_status   user_diskio.o
    0x080129c8   0x080129c8   0x0000007e   Code   RO          212    .text.USER_write    user_diskio.o
    0x08012a46   0x08012a46   0x00000002   PAD
    0x08012a48   0x08012a48   0x00000234   Code   RO          258    .text.UpdateConfigUseTimeFlag  fatfs.o
    0x08012c7c   0x08012c7c   0x00000004   Code   RO          154    .text.UsageFault_Handler  stm32f4xx_it.o
    0x08012c80   0x08012c80   0x00000052   Code   RO         1913    .text.Wait_DRDY     ads1285.o
    0x08012cd2   0x08012cd2   0x00000002   PAD
    0x08012cd4   0x08012cd4   0x0000003e   Code   RO          864    .text.__NVIC_DisableIRQ  stm32f4xx_hal_cortex.o
    0x08012d12   0x08012d12   0x00000002   PAD
    0x08012d14   0x08012d14   0x00000036   Code   RO          860    .text.__NVIC_EnableIRQ  stm32f4xx_hal_cortex.o
    0x08012d4a   0x08012d4a   0x00000002   PAD
    0x08012d4c   0x08012d4c   0x00000010   Code   RO          852    .text.__NVIC_GetPriorityGrouping  stm32f4xx_hal_cortex.o
    0x08012d5c   0x08012d5c   0x0000004a   Code   RO          854    .text.__NVIC_SetPriority  stm32f4xx_hal_cortex.o
    0x08012da6   0x08012da6   0x00000002   PAD
    0x08012da8   0x08012da8   0x00000040   Code   RO          848    .text.__NVIC_SetPriorityGrouping  stm32f4xx_hal_cortex.o
    0x08012de8   0x08012de8   0x00000026   Code   RO         1992    .text.__NVIC_SystemReset  data_fusion.o
    0x08012e0e   0x08012e0e   0x00000002   PAD
    0x08012e10   0x08012e10   0x000000c6   Code   RO         1789    .text.check_fs      ff.o
    0x08012ed6   0x08012ed6   0x00000002   PAD
    0x08012ed8   0x08012ed8   0x0000004a   Code   RO         1795    .text.chk_chr       ff.o
    0x08012f22   0x08012f22   0x00000002   PAD
    0x08012f24   0x08012f24   0x0000010a   Code   RO         1691    .text.chk_lock      ff.o
    0x0801302e   0x0801302e   0x00000002   PAD
    0x08013030   0x08013030   0x0000004c   Code   RO         1683    .text.clear_lock    ff.o
    0x0801307c   0x0801307c   0x00000072   Code   RO         1721    .text.clmt_clust    ff.o
    0x080130ee   0x080130ee   0x00000002   PAD
    0x080130f0   0x080130f0   0x0000003e   Code   RO         1715    .text.clust2sect    ff.o
    0x0801312e   0x0801312e   0x00000002   PAD
    0x08013130   0x08013130   0x00000100   Code   RO         1797    .text.cmp_lfn       ff.o
    0x08013230   0x08013230   0x00000170   Code   RO         1727    .text.create_chain  ff.o
    0x080133a0   0x080133a0   0x000004e0   Code   RO         1791    .text.create_name   ff.o
    0x08013880   0x08013880   0x0000009a   Code   RO         1737    .text.dec_lock      ff.o
    0x0801391a   0x0801391a   0x00000002   PAD
    0x0801391c   0x0801391c   0x000000b0   Code   RO         1805    .text.dir_alloc     ff.o
    0x080139cc   0x080139cc   0x000001dc   Code   RO         1793    .text.dir_find      ff.o
    0x08013ba8   0x08013ba8   0x000001cc   Code   RO         1753    .text.dir_next      ff.o
    0x08013d74   0x08013d74   0x00000198   Code   RO         1749    .text.dir_read      ff.o
    0x08013f0c   0x08013f0c   0x0000022c   Code   RO         1695    .text.dir_register  ff.o
    0x08014138   0x08014138   0x000000b0   Code   RO         1765    .text.dir_remove    ff.o
    0x080141e8   0x080141e8   0x0000012c   Code   RO         1743    .text.dir_sdi       ff.o
    0x08014314   0x08014314   0x0000006a   Code   RO         1658    .text.disk_initialize  diskio.o
    0x0801437e   0x0801437e   0x00000002   PAD
    0x08014380   0x08014380   0x00000056   Code   RO         1664    .text.disk_ioctl    diskio.o
    0x080143d6   0x080143d6   0x00000002   PAD
    0x080143d8   0x080143d8   0x00000056   Code   RO         1660    .text.disk_read     diskio.o
    0x0801442e   0x0801442e   0x00000002   PAD
    0x08014430   0x08014430   0x00000032   Code   RO         1656    .text.disk_status   diskio.o
    0x08014462   0x08014462   0x00000002   PAD
    0x08014464   0x08014464   0x00000056   Code   RO         1662    .text.disk_write    diskio.o
    0x080144ba   0x080144ba   0x00000002   PAD
    0x080144bc   0x080144bc   0x00000050   Code   RO         1693    .text.enq_lock      ff.o
    0x0801450c   0x0801450c   0x00000172   Code   RO         1947    .text.extract_time  um980.o
    0x0801467e   0x0801467e   0x00000002   PAD
    0x08014680   0x08014680   0x0000005e   Code   RO         1735    .text.f_close       ff.o
    0x080146de   0x080146de   0x00000002   PAD
    0x080146e0   0x080146e0   0x00000056   Code   RO         1745    .text.f_closedir    ff.o
    0x08014736   0x08014736   0x00000002   PAD
    0x08014738   0x08014738   0x00000186   Code   RO         1757    .text.f_getfree     ff.o
    0x080148be   0x080148be   0x00000002   PAD
    0x080148c0   0x080148c0   0x0000009e   Code   RO         1775    .text.f_gets        ff.o
    0x0801495e   0x0801495e   0x00000002   PAD
    0x08014960   0x08014960   0x0000047e   Code   RO         1739    .text.f_lseek       ff.o
    0x08014dde   0x08014dde   0x00000002   PAD
    0x08014de0   0x08014de0   0x00000228   Code   RO         1767    .text.f_mkdir       ff.o
    0x08015008   0x08015008   0x0000098e   Code   RO         1773    .text.f_mkfs        ff.o
    0x08015996   0x08015996   0x00000002   PAD
    0x08015998   0x08015998   0x000000be   Code   RO         1679    .text.f_mount       ff.o
    0x08015a56   0x08015a56   0x00000002   PAD
    0x08015a58   0x08015a58   0x00000402   Code   RO         1687    .text.f_open        ff.o
    0x08015e5a   0x08015e5a   0x00000002   PAD
    0x08015e5c   0x08015e5c   0x0000012e   Code   RO         1741    .text.f_opendir     ff.o
    0x08015f8a   0x08015f8a   0x00000002   PAD
    0x08015f8c   0x08015f8c   0x000002b4   Code   RO         1717    .text.f_read        ff.o
    0x08016240   0x08016240   0x000000a2   Code   RO         1747    .text.f_readdir     ff.o
    0x080162e2   0x080162e2   0x00000002   PAD
    0x080162e4   0x080162e4   0x000001ec   Code   RO         1771    .text.f_rename      ff.o
    0x080164d0   0x080164d0   0x00000102   Code   RO         1729    .text.f_sync        ff.o
    0x080165d2   0x080165d2   0x00000002   PAD
    0x080165d4   0x080165d4   0x00000160   Code   RO         1763    .text.f_unlink      ff.o
    0x08016734   0x08016734   0x00000328   Code   RO         1725    .text.f_write       ff.o
    0x08016a5c   0x08016a5c   0x000000da   Code   RO         1861    .text.ff_convert    cc936.o
    0x08016b36   0x08016b36   0x00000002   PAD
    0x08016b38   0x08016b38   0x00000144   Code   RO         1863    .text.ff_wtoupper   cc936.o
    0x08016c7c   0x08016c7c   0x0000051c   Code   RO         1685    .text.find_volume   ff.o
    0x08017198   0x08017198   0x00000110   Code   RO         1689    .text.follow_path   ff.o
    0x080172a8   0x080172a8   0x00000038   Code   RO          130    .text.fputc         usart.o
    0x080172e0   0x080172e0   0x00000194   Code   RO         1803    .text.gen_numname   ff.o
    0x08017474   0x08017474   0x0000014a   Code   RO         1713    .text.get_fat       ff.o
    0x080175be   0x080175be   0x00000002   PAD
    0x080175c0   0x080175c0   0x00000062   Code   RO          236    .text.get_fattime   fatfs.o
    0x08017622   0x08017622   0x00000002   PAD
    0x08017624   0x08017624   0x00000202   Code   RO         1751    .text.get_fileinfo  ff.o
    0x08017826   0x08017826   0x00000002   PAD
    0x08017828   0x08017828   0x000000b4   Code   RO         1681    .text.get_ldnumber  ff.o
    0x080178dc   0x080178dc   0x000000aa   Code   RO         1951    .text.handleDateOverflow  um980.o
    0x08017986   0x08017986   0x00000002   PAD
    0x08017988   0x08017988   0x00000168   Code   RO         1707    .text.inc_lock      ff.o
    0x08017af0   0x08017af0   0x00000070   Code   RO         1953    .text.isLeapYear    um980.o
    0x08017b60   0x08017b60   0x0000003e   Code   RO         1699    .text.ld_clust      ff.o
    0x08017b9e   0x08017b9e   0x00000002   PAD
    0x08017ba0   0x08017ba0   0x00000038   Code   RO         1709    .text.ld_dword      ff.o
    0x08017bd8   0x08017bd8   0x00000028   Code   RO         1759    .text.ld_word       ff.o
    0x08017c00   0x08017c00   0x000000d8   Code   RO           11    .text.main          main.o
    0x08017cd8   0x08017cd8   0x0000006a   Code   RO         1801    .text.mem_cmp       ff.o
    0x08017d42   0x08017d42   0x00000002   PAD
    0x08017d44   0x08017d44   0x00000050   Code   RO         1723    .text.mem_cpy       ff.o
    0x08017d94   0x08017d94   0x0000003c   Code   RO         1711    .text.mem_set       ff.o
    0x08017dd0   0x08017dd0   0x0000006c   Code   RO         1705    .text.move_window   ff.o
    0x08017e3c   0x08017e3c   0x000000e2   Code   RO         1811    .text.pick_lfn      ff.o
    0x08017f1e   0x08017f1e   0x00000002   PAD
    0x08017f20   0x08017f20   0x000001d6   Code   RO         1809    .text.put_fat       ff.o
    0x080180f6   0x080180f6   0x00000002   PAD
    0x080180f8   0x080180f8   0x000000ea   Code   RO         1807    .text.put_lfn       ff.o
    0x080181e2   0x080181e2   0x00000002   PAD
    0x080181e4   0x080181e4   0x0000010e   Code   RO         1703    .text.remove_chain  ff.o
    0x080182f2   0x080182f2   0x00000002   PAD
    0x080182f4   0x080182f4   0x00000042   Code   RO         1701    .text.st_clust      ff.o
    0x08018336   0x08018336   0x00000002   PAD
    0x08018338   0x08018338   0x0000005c   Code   RO         1697    .text.st_dword      ff.o
    0x08018394   0x08018394   0x0000003e   Code   RO         1731    .text.st_word       ff.o
    0x080183d2   0x080183d2   0x00000002   PAD
    0x080183d4   0x080183d4   0x00000042   Code   RO         1799    .text.sum_sfn       ff.o
    0x08018416   0x08018416   0x00000002   PAD
    0x08018418   0x08018418   0x000000de   Code   RO         1733    .text.sync_fs       ff.o
    0x080184f6   0x080184f6   0x00000002   PAD
    0x080184f8   0x080184f8   0x00000098   Code   RO         1769    .text.sync_window   ff.o
    0x08018590   0x08018590   0x000000f2   Code   RO         1945    .text.valid_GPZDA   um980.o
    0x08018682   0x08018682   0x00000002   PAD
    0x08018684   0x08018684   0x00000084   Code   RO         1719    .text.validate      ff.o
    0x08018708   0x08018708   0x00000020   Code   RO         2525    i.__0printf         mc_w.l(printfa.o)
    0x08018728   0x08018728   0x00000030   Code   RO         2526    i.__0snprintf       mc_w.l(printfa.o)
    0x08018758   0x08018758   0x00000008   Code   RO         2583    i.__aeabi_errno_addr  mc_w.l(errno.o)
    0x08018760   0x08018760   0x0000000e   Code   RO         2666    i.__scatterload_copy  mc_w.l(handlers.o)
    0x0801876e   0x0801876e   0x00000002   Code   RO         2667    i.__scatterload_null  mc_w.l(handlers.o)
    0x08018770   0x08018770   0x0000000e   Code   RO         2668    i.__scatterload_zeroinit  mc_w.l(handlers.o)
    0x0801877e   0x0801877e   0x00000002   PAD
    0x08018780   0x08018780   0x00000184   Code   RO         2532    i._fp_digits        mc_w.l(printfa.o)
    0x08018904   0x08018904   0x0000000e   Code   RO         2598    i._is_digit         mc_w.l(scanf_fp.o)
    0x08018912   0x08018912   0x00000002   PAD
    0x08018914   0x08018914   0x000006dc   Code   RO         2533    i._printf_core      mc_w.l(printfa.o)
    0x08018ff0   0x08018ff0   0x00000024   Code   RO         2534    i._printf_post_padding  mc_w.l(printfa.o)
    0x08019014   0x08019014   0x0000002e   Code   RO         2535    i._printf_pre_padding  mc_w.l(printfa.o)
    0x08019042   0x08019042   0x00000016   Code   RO         2536    i._snputc           mc_w.l(printfa.o)
    0x08019058   0x08019058   0x00000081   Data   RO         2626    .constdata          mc_w.l(ctype_o.o)
    0x080190d9   0x080190d9   0x00000003   PAD
    0x080190dc   0x080190dc   0x00000004   Data   RO         2627    .constdata          mc_w.l(ctype_o.o)
    0x080190e0   0x080190e0   0x00000030   Data   RO         1975    .rodata..LhandleDateOverflow.daysInMonth  um980.o
    0x08019110   0x08019110   0x00000010   Data   RO         1643    .rodata.AHBPrescTable  system_stm32f4xx.o
    0x08019120   0x08019120   0x00000008   Data   RO         1644    .rodata.APBPrescTable  system_stm32f4xx.o
    0x08019128   0x08019128   0x00000008   Data   RO          760    .rodata.DMA_CalcBaseAndBitshift.flagBitshiftOffset  stm32f4xx_hal_dma.o
    0x08019130   0x08019130   0x0000000d   Data   RO         1819    .rodata.LfnOfs      ff.o
    0x0801913d   0x0801913d   0x00000024   Data   RO         2146    .rodata.STORAGE_Inquirydata_HS  usbd_storage_if.o
    0x08019161   0x08019161   0x00000020   Data   RO          276    .rodata.cst32       fatfs.o
    0x08019181   0x08019181   0x00000001   PAD
    0x08019182   0x08019182   0x0000000e   Data   RO         1814    .rodata.f_mkfs.cst  ff.o
    0x08019190   0x08019190   0x0000000e   Data   RO         1815    .rodata.f_mkfs.cst32  ff.o
    0x0801919e   0x0801919e   0x000001f2   Data   RO         1867    .rodata.ff_wtoupper.cvt1  cc936.o
    0x08019390   0x08019390   0x000000bc   Data   RO         1868    .rodata.ff_wtoupper.cvt2  cc936.o
    0x0801944c   0x0801944c   0x00015484   Data   RO         1865    .rodata.oem2uni     cc936.o
    0x0802e8d0   0x0802e8d0   0x00000015   Data   RO           17    .rodata.str1.1      main.o
    0x0802e8e5   0x0802e8e5   0x000000c3   Data   RO           86    .rodata.str1.1      sdio.o
    0x0802e9a8   0x0802e9a8   0x0000073b   Data   RO          268    .rodata.str1.1      fatfs.o
    0x0802f0e3   0x0802f0e3   0x00000044   Data   RO         1816    .rodata.str1.1      ff.o
    0x0802f127   0x0802f127   0x0000002d   Data   RO         1930    .rodata.str1.1      ads1285.o
    0x0802f154   0x0802f154   0x000000fc   Data   RO         1974    .rodata.str1.1      um980.o
    0x0802f250   0x0802f250   0x000002e1   Data   RO         2027    .rodata.str1.1      data_fusion.o
    0x0802f531   0x0802f531   0x0000003f   Data   RO         2119    .rodata.str1.1      usbd_desc.o
    0x0802f570   0x0802f570   0x00015484   Data   RO         1866    .rodata.uni2oem     cc936.o
    0x080449f4   0x080449f4   0x00000020   Data   RO         2664    Region$$Table       anon$$obj.o


    Execution Region RW_IRAM2 (Exec base: 0x10000000, Load base: 0x08044b08, Size: 0x00000000, Max: 0x00010000, ABSOLUTE)

    **** No section assigned to this execution region ****


    Execution Region RW_IRAM1 (Exec base: 0x20000000, Load base: 0x08044a18, Size: 0x0001ab30, Max: 0x00030000, ABSOLUTE, COMPRESSED[0x000000f0])

    Exec Addr    Load Addr    Size         Type   Attr      Idx    E Section Name        Object

    0x20000000   COMPRESSED   0x00000004   Data   RW         2515    .data               mc_w.l(strtok.o)
    0x20000004   COMPRESSED   0x00000004   Data   RW         2576    .data               mc_w.l(stdout.o)
    0x20000008   COMPRESSED   0x00000004   Data   RW         2586    .data               mc_w.l(errno.o)
    0x2000000c   COMPRESSED   0x0000001c   Data   RW         2115    .data.HS_Desc       usbd_desc.o
    0x20000028   COMPRESSED   0x00000001   Data   RW         2381    .data.MSCInEpAdd    usbd_msc.o
    0x20000029   COMPRESSED   0x00000001   Data   RW         2382    .data.MSCOutEpAdd   usbd_msc.o
    0x2000002a   COMPRESSED   0x00000008   Data   RW         2430    .data.MSC_Mode_Sense10_data  usbd_msc_data.o
    0x20000032   COMPRESSED   0x00000004   Data   RW         2429    .data.MSC_Mode_Sense6_data  usbd_msc_data.o
    0x20000036   COMPRESSED   0x00000006   Data   RW         2427    .data.MSC_Page00_Inquiry_Data  usbd_msc_data.o
    0x2000003c   COMPRESSED   0x00000008   Data   RW         2428    .data.MSC_Page80_Inquiry_Data  usbd_msc_data.o
    0x20000044   COMPRESSED   0x00000001   Data   RW          218    .data.Stat          user_diskio.o
    0x20000045   COMPRESSED   0x00000003   PAD
    0x20000048   COMPRESSED   0x00000004   Data   RW         1642    .data.SystemCoreClock  system_stm32f4xx.o
    0x2000004c   COMPRESSED   0x00000012   Data   RW         2116    .data.USBD_HS_DeviceDesc  usbd_desc.o
    0x2000005e   COMPRESSED   0x00000002   PAD
    0x20000060   COMPRESSED   0x00000004   Data   RW         2117    .data.USBD_LangIDDesc  usbd_desc.o
    0x20000064   COMPRESSED   0x00000038   Data   RW         2380    .data.USBD_MSC      usbd_msc.o
    0x2000009c   COMPRESSED   0x00000020   Data   RW         2383    .data.USBD_MSC_CfgDesc  usbd_msc.o
    0x200000bc   COMPRESSED   0x0000000a   Data   RW         2384    .data.USBD_MSC_DeviceQualifierDesc  usbd_msc.o
    0x200000c6   COMPRESSED   0x00000002   PAD
    0x200000c8   COMPRESSED   0x00000020   Data   RW         2147    .data.USBD_Storage_Interface_fops_HS  usbd_storage_if.o
    0x200000e8   COMPRESSED   0x0000001a   Data   RW         2118    .data.USBD_StringSerial  usbd_desc.o
    0x20000102   COMPRESSED   0x00000002   PAD
    0x20000104   COMPRESSED   0x00000014   Data   RW          216    .data.USER_Driver   user_diskio.o
    0x20000118   COMPRESSED   0x00000001   Data   RW          265    .data.currentFileDay  fatfs.o
    0x20000119   COMPRESSED   0x00000001   Data   RW          266    .data.currentFileHour  fatfs.o
    0x2000011a   COMPRESSED   0x00000001   Data   RW          264    .data.currentFileMonth  fatfs.o
    0x2000011b   COMPRESSED   0x00000001   Data   RW          263    .data.currentFileYear  fatfs.o
    0x2000011c   COMPRESSED   0x0000002c   Data   RW          262    .data.g_config      fatfs.o
    0x20000148   COMPRESSED   0x00000004   Data   RW         2018    .data.syncIntervalMs  data_fusion.o
    0x2000014c   COMPRESSED   0x00000001   Data   RW         2025    .data.systemState   data_fusion.o
    0x2000014d   COMPRESSED   0x0000000a   Data   RW         1966    .data.tx_buffer     um980.o
    0x20000157   COMPRESSED   0x00000001   Data   RW          986    .data.uwTickFreq    stm32f4xx_hal.o
    0x20000158   COMPRESSED   0x00000004   Data   RW          985    .data.uwTickPrio    stm32f4xx_hal.o
    0x2000015c   COMPRESSED   0x00000004   PAD
    0x20000160        -       0x00000230   Zero   RW          267    .bss.FATFS_CreateRawDataFileWithTimestamp.file  fatfs.o
    0x20000390        -       0x00000004   Zero   RW         1813    .bss.FatFs          ff.o
    0x20000394        -       0x00000040   Zero   RW         1817    .bss.Files          ff.o
    0x200003d4        -       0x00000001   Zero   RW         2034    .bss.FlushBufferToSD.writeCount  data_fusion.o
    0x200003d5   COMPRESSED   0x00000001   PAD
    0x200003d6        -       0x00000002   Zero   RW         1818    .bss.Fsid           ff.o
    0x200003d8        -       0x00000004   Zero   RW         2026    .bss.MainLoop_StateMachine.usbDisconnectTick  data_fusion.o
    0x200003dc        -       0x00000004   Zero   RW         2033    .bss.ProcessSubStateMachine.lastReportTick  data_fusion.o
    0x200003e0        -       0x00000004   Zero   RW         2030    .bss.ProcessSubStateMachine.lastSpaceCheck  data_fusion.o
    0x200003e4        -       0x00000001   Zero   RW         2323    .bss.USBD_SetConfig.cfgidx  usbd_ctlreq.o
    0x200003e5   COMPRESSED   0x00000003   PAD
    0x200003e8        -       0x00000200   Zero   RW         2120    .bss.USBD_StrDesc   usbd_desc.o
    0x200005e8        -       0x00000878   Zero   RW         2222    .bss.USBD_static_malloc.mem  usbd_conf.o
    0x20000e60        -       0x00000004   Zero   RW          269    .bss.USERPath       fatfs.o
    0x20000e64        -       0x00000001   Zero   RW         2024    .bss.appState       data_fusion.o
    0x20000e65   COMPRESSED   0x00000003   PAD
    0x20000e68        -       0x00000004   Zero   RW         2019    .bss.bufferFullCount  data_fusion.o
    0x20000e6c        -       0x00000004   Zero   RW         2021    .bss.bufferOverrunCount  data_fusion.o
    0x20000e70        -       0x0000000c   Zero   RW         1841    .bss.disk           ff_gen_drv.o
    0x20000e7c        -       0x0000001c   Zero   RW          217    .bss.emmc_info      user_diskio.o
    0x20000e98        -       0x00000001   Zero   RW         2028    .bss.fileCreated    data_fusion.o
    0x20000e99   COMPRESSED   0x00000003   PAD
    0x20000e9c        -       0x00000234   Zero   RW          271    .bss.fs             fatfs.o
    0x200010d0        -       0x00017728   Zero   RW         2022    .bss.g_bufferSystem  data_fusion.o
    0x200187f8        -       0x00000080   Zero   RW         1968    .bss.gnssBuffer     um980.o
    0x20018878        -       0x00000001   Zero   RW         1967    .bss.gnssByte       um980.o
    0x20018879        -       0x00000001   Zero   RW         1969    .bss.gnssIndex      um980.o
    0x2001887a        -       0x00000001   Zero   RW         1973    .bss.gnssReady      um980.o
    0x2001887b   COMPRESSED   0x00000001   PAD
    0x2001887c        -       0x000002dc   Zero   RW         2085    .bss.hUsbDeviceHS   usb_device.o
    0x20018b58        -       0x0000001c   Zero   RW         1931    .bss.hads1285       ads1285.o
    0x20018b74        -       0x00000060   Zero   RW           88    .bss.hdma_sdio_rx   sdio.o
    0x20018bd4        -       0x00000060   Zero   RW           87    .bss.hdma_sdio_tx   sdio.o
    0x20018c34        -       0x00000280   Zero   RW           85    .bss.hmmc           sdio.o
    0x20018eb4        -       0x000004e4   Zero   RW         2221    .bss.hpcd_USB_OTG_HS  usbd_conf.o
    0x20019398        -       0x00000020   Zero   RW           61    .bss.hrtc           rtc.o
    0x200193b8        -       0x00000058   Zero   RW          106    .bss.hspi4          spi.o
    0x20019410        -       0x00000048   Zero   RW          132    .bss.huart1         usart.o
    0x20019458        -       0x00000048   Zero   RW          133    .bss.huart2         usart.o
    0x200194a0        -       0x00000048   Zero   RW          134    .bss.huart6         usart.o
    0x200194e8        -       0x00000004   Zero   RW         2017    .bss.lastSyncTime   data_fusion.o
    0x200194ec        -       0x00000001   Zero   RW         2023    .bss.needTimeSync   data_fusion.o
    0x200194ed   COMPRESSED   0x00000003   PAD
    0x200194f0        -       0x00000230   Zero   RW         2029    .bss.rawDataFile    data_fusion.o
    0x20019720        -       0x00000001   Zero   RW          272    .bss.res            fatfs.o
    0x20019721        -       0x00000001   Zero   RW          270    .bss.retUSER        fatfs.o
    0x20019722        -       0x00000200   Zero   RW         1965    .bss.rx_buffer      um980.o
    0x20019922   COMPRESSED   0x00000002   PAD
    0x20019924        -       0x00000004   Zero   RW         2016    .bss.startupTick    data_fusion.o
    0x20019928        -       0x00000004   Zero   RW          987    .bss.uwTick         stm32f4xx_hal.o
    0x2001992c        -       0x00000200   Zero   RW          273    .bss.work           fatfs.o
    0x20019b2c        -       0x00000004   Zero   RW         2020    .bss.writeCompleteCount  data_fusion.o
    0x20019b30        -       0x00001000   Zero   RW            1    STACK               startup_stm32f429xx.o


==============================================================================

Image component sizes


      Code (inc. data)   RO Data    RW Data    ZI Data      Debug   Object Name

      1328          0         45          0         28       8933   ads1285.o
       308          0          0          0          0       2954   bsp_emmc.o
       542         10     175030          0          0       1815   cc936.o
      3052          8        737          5      96636      12435   data_fusion.o
       414          0          0          0          0       2016   diskio.o
        84          0          0          0          0       3587   dma.o
      3638          0       1883         48       1642      10264   fatfs.o
     20478          0        109          0         70      35583   ff.o
       174          0          0          0         12       2625   ff_gen_drv.o
       584          0          0          0          0       2529   gpio.o
       434          0         21          0          0       5154   main.o
       388          0          0          0         32       4126   rtc.o
      1718          0        195          0        832       8920   sdio.o
       252          0          0          0         88       7393   spi.o
        36          8        428          0       4096        876   startup_stm32f429xx.o
       294          0          0          5          4       8393   stm32f4xx_hal.o
       646          0          0          0          0      10983   stm32f4xx_hal_cortex.o
      2424          8          8          0          0       9062   stm32f4xx_hal_dma.o
      1898          0          0          0          0       5607   stm32f4xx_hal_gpio.o
      6748          0          0          0          0      21567   stm32f4xx_hal_mmc.o
        78          0          0          0          0       1627   stm32f4xx_hal_msp.o
      5420          0          0          0          0      15666   stm32f4xx_hal_pcd.o
       228          0          0          0          0       4772   stm32f4xx_hal_pcd_ex.o
       200          0          0          0          0       4652   stm32f4xx_hal_pwr_ex.o
      2742          0          0          0          0       7714   stm32f4xx_hal_rcc.o
      1098          0          0          0          0       5487   stm32f4xx_hal_rcc_ex.o
      1752          0          0          0          0      10741   stm32f4xx_hal_rtc.o
      4108          0          0          0          0      20722   stm32f4xx_hal_spi.o
      3258          0          0          0          0      22128   stm32f4xx_hal_uart.o
       174          0          0          0          0       2550   stm32f4xx_it.o
      2584          0          0          0          0      12539   stm32f4xx_ll_sdmmc.o
      5476          0          0          0          0      21070   stm32f4xx_ll_usb.o
        18          0         24          4          0       2793   system_stm32f4xx.o
      1738          4        300         10        643      10580   um980.o
       736          0          0          0        216       8696   usart.o
       126          0          0          0        732       3497   usb_device.o
      1924          4          0          0       3420      16056   usbd_conf.o
      2482          0          0          0          0       9730   usbd_core.o
      3816         30          0          0          1       9188   usbd_ctlreq.o
       670          0         63         76        512       3681   usbd_desc.o
       278          0          0          0          0       4717   usbd_ioreq.o
      1540         12          0        100          0       8582   usbd_msc.o
      1498          0          0          0          0       7798   usbd_msc_bot.o
         0          0          0         26          0        932   usbd_msc_data.o
      5668          0          0          0          0      13030   usbd_msc_scsi.o
       472          0         36         32          0       3836   usbd_storage_if.o
       612          4          0         21         28       2959   user_diskio.o

    ----------------------------------------------------------------------
     94628         88     178912        336     109012     400565   Object Totals
         0          0         32          0          0          0   (incl. Generated)
       492          0          1          9         20          0   (incl. Padding)

    ----------------------------------------------------------------------

      Code (inc. data)   RO Data    RW Data    ZI Data      Debug   Library Member Name

        58          0          0          0          0          0   __dczerorl.o
        28          0          0          0          0         68   _chval.o
       812          4          0          0          0        112   _scanf.o
       332          0          0          0          0         96   _scanf_int.o
       342          0          0          0          0        100   _scanf_longlong.o
       224          0          0          0          0         96   _scanf_str.o
        64          0          0          0          0         84   _sgetc.o
       158          0          0          0          0         92   _strtoul.o
        26          0          0          0          0         80   atoi.o
         8          4        133          0          0         68   ctype_o.o
         0          0          0          0          0          0   entry.o
         0          0          0          0          0          0   entry10a.o
         0          0          0          0          0          0   entry11a.o
         8          4          0          0          0          0   entry2.o
         4          0          0          0          0          0   entry5.o
         0          0          0          0          0          0   entry7b.o
         0          0          0          0          0          0   entry8b.o
         8          4          0          0          0          0   entry9a.o
         8          4          0          4          0         68   errno.o
        30          0          0          0          0          0   handlers.o
        36          8          0          0          0         68   init.o
        18          0          0          0          0         76   isspace_o.o
         0          0          0          0          0          0   iusefp.o
        30          0          0          0          0         68   llshl.o
        36          0          0          0          0         68   llsshr.o
        32          0          0          0          0         68   llushr.o
        36          0          0          0          0         68   memcpya.o
        36          0          0          0          0        108   memseta.o
      2328         94          0          0          0        604   printfa.o
        40          8          0          0          0         84   scanf_char.o
       878         12          0          0          0        216   scanf_fp.o
        56          8          0          0          0         84   sscanf.o
         0          0          0          4          0          0   stdout.o
        28          0          0          0          0         76   strcmp.o
        34          0          0          0          0         80   strcspn.o
        14          0          0          0          0         68   strlen.o
        40          0          0          0          0         76   strncat.o
        30          0          0          0          0         80   strncmp.o
        24          0          0          0          0         76   strncpy.o
        36          0          0          0          0         80   strstr.o
        68          6          0          4          0         80   strtok.o
       112          0          0          0          0         88   strtol.o
        44          0          0          0          0         80   uidiv.o
        98          0          0          0          0         92   uldiv.o
        48          0          0          0          0         68   cdrcmple.o
        56          0          0          0          0         88   d2f.o
       334          0          0          0          0        148   dadd.o
       222          0          0          0          0        100   ddiv.o
       186          0          0          0          0        176   depilogue.o
        48          0          0          0          0         68   dfixul.o
        24          0          0          0          0         76   dfltul.o
       228          0          0          0          0         96   dmul.o
       110          0          0          0          0        168   fepilogue.o

    ----------------------------------------------------------------------
      7432        156        136         12          0       4240   Library Totals
        12          0          3          0          0          0   (incl. Padding)

    ----------------------------------------------------------------------

      Code (inc. data)   RO Data    RW Data    ZI Data      Debug   Library Name

      6164        156        133         12          0       3252   mc_w.l
      1256          0          0          0          0        988   mf_w.l

    ----------------------------------------------------------------------
      7432        156        136         12          0       4240   Library Totals

    ----------------------------------------------------------------------

==============================================================================


      Code (inc. data)   RO Data    RW Data    ZI Data      Debug   

    102060        244     179048        348     109012     402097   Grand Totals
    102060        244     179048        240     109012     402097   ELF Image Totals (compressed)
    102060        244     179048        240          0          0   ROM Totals

==============================================================================

    Total RO  Size (Code + RO Data)               281108 ( 274.52kB)
    Total RW  Size (RW Data + ZI Data)            109360 ( 106.80kB)
    Total ROM Size (Code + RO Data + RW Data)     281348 ( 274.75kB)

==============================================================================

