Component: Arm Compiler for Embedded 6.19 Tool: armlink [5e73cb00]

==============================================================================

Section Cross References

    startup_stm32f429xx.o(RESET) refers to startup_stm32f429xx.o(STACK) for __initial_sp
    startup_stm32f429xx.o(RESET) refers to startup_stm32f429xx.o(.text) for Reset_Handler
    startup_stm32f429xx.o(RESET) refers to stm32f4xx_it.o(.text.NMI_Handler) for NMI_Handler
    startup_stm32f429xx.o(RESET) refers to stm32f4xx_it.o(.text.HardFault_Handler) for HardFault_Handler
    startup_stm32f429xx.o(RESET) refers to stm32f4xx_it.o(.text.MemManage_Handler) for MemManage_Handler
    startup_stm32f429xx.o(RESET) refers to stm32f4xx_it.o(.text.BusFault_Handler) for BusFault_Handler
    startup_stm32f429xx.o(RESET) refers to stm32f4xx_it.o(.text.UsageFault_Handler) for UsageFault_Handler
    startup_stm32f429xx.o(RESET) refers to stm32f4xx_it.o(.text.SVC_Handler) for SVC_Handler
    startup_stm32f429xx.o(RESET) refers to stm32f4xx_it.o(.text.DebugMon_Handler) for DebugMon_Handler
    startup_stm32f429xx.o(RESET) refers to stm32f4xx_it.o(.text.PendSV_Handler) for PendSV_Handler
    startup_stm32f429xx.o(RESET) refers to stm32f4xx_it.o(.text.SysTick_Handler) for SysTick_Handler
    startup_stm32f429xx.o(RESET) refers to stm32f4xx_it.o(.text.USART1_IRQHandler) for USART1_IRQHandler
    startup_stm32f429xx.o(RESET) refers to stm32f4xx_it.o(.text.USART2_IRQHandler) for USART2_IRQHandler
    startup_stm32f429xx.o(RESET) refers to stm32f4xx_it.o(.text.EXTI15_10_IRQHandler) for EXTI15_10_IRQHandler
    startup_stm32f429xx.o(RESET) refers to stm32f4xx_it.o(.text.SDIO_IRQHandler) for SDIO_IRQHandler
    startup_stm32f429xx.o(RESET) refers to stm32f4xx_it.o(.text.DMA2_Stream3_IRQHandler) for DMA2_Stream3_IRQHandler
    startup_stm32f429xx.o(RESET) refers to stm32f4xx_it.o(.text.DMA2_Stream6_IRQHandler) for DMA2_Stream6_IRQHandler
    startup_stm32f429xx.o(RESET) refers to stm32f4xx_it.o(.text.USART6_IRQHandler) for USART6_IRQHandler
    startup_stm32f429xx.o(RESET) refers to stm32f4xx_it.o(.text.OTG_HS_IRQHandler) for OTG_HS_IRQHandler
    startup_stm32f429xx.o(RESET) refers to stm32f4xx_it.o(.text.SPI4_IRQHandler) for SPI4_IRQHandler
    startup_stm32f429xx.o(.text) refers to system_stm32f4xx.o(.text.SystemInit) for SystemInit
    startup_stm32f429xx.o(.text) refers to entry.o(.ARM.Collect$$$$00000000) for __main
    main.o(.text.main) refers to stm32f4xx_hal.o(.text.HAL_Init) for HAL_Init
    main.o(.text.main) refers to main.o(.text.SystemClock_Config) for SystemClock_Config
    main.o(.text.main) refers to gpio.o(.text.MX_GPIO_Init) for MX_GPIO_Init
    main.o(.text.main) refers to dma.o(.text.MX_DMA_Init) for MX_DMA_Init
    main.o(.text.main) refers to rtc.o(.text.MX_RTC_Init) for MX_RTC_Init
    main.o(.text.main) refers to sdio.o(.text.MX_SDIO_MMC_Init) for MX_SDIO_MMC_Init
    main.o(.text.main) refers to usart.o(.text.MX_USART1_UART_Init) for MX_USART1_UART_Init
    main.o(.text.main) refers to usart.o(.text.MX_USART6_UART_Init) for MX_USART6_UART_Init
    main.o(.text.main) refers to spi.o(.text.MX_SPI4_Init) for MX_SPI4_Init
    main.o(.text.main) refers to usart.o(.text.MX_USART2_UART_Init) for MX_USART2_UART_Init
    main.o(.text.main) refers to fatfs.o(.text.MX_FATFS_Init) for MX_FATFS_Init
    main.o(.text.main) refers to usb_device.o(.text.MX_USB_DEVICE_Init) for MX_USB_DEVICE_Init
    main.o(.text.main) refers to stm32f4xx_hal_cortex.o(.text.HAL_NVIC_SetPriority) for HAL_NVIC_SetPriority
    main.o(.text.main) refers to data_fusion.o(.text.BufferSystem_Init) for BufferSystem_Init
    main.o(.text.main) refers to fatfs.o(.text.FATFS_Mount) for FATFS_Mount
    main.o(.text.main) refers to fatfs.o(.text.Check_CreateConfig) for Check_CreateConfig
    main.o(.text.main) refers to fatfs.o(.text.LoadConfigFromFile) for LoadConfigFromFile
    main.o(.text.main) refers to fatfs.o(.data.g_config) for g_config
    main.o(.text.main) refers to fatfs.o(.text.RTC_SetTimeFromConfig) for RTC_SetTimeFromConfig
    main.o(.text.main) refers to ads1285.o(.bss.hads1285) for hads1285
    main.o(.text.main) refers to ads1285.o(.text.ADS1285_StartupSequence) for ADS1285_StartupSequence
    main.o(.text.main) refers to main.o(.rodata.str1.1) for .L.str
    main.o(.text.main) refers to printfa.o(i.__0printf) for printf
    main.o(.text.main) refers to main.o(.text.Error_Handler) for Error_Handler
    main.o(.text.main) refers to ads1285.o(.text.ADS1285_WriteReg_Continuous) for ADS1285_WriteReg_Continuous
    main.o(.text.main) refers to stm32f4xx_hal.o(.text.HAL_Delay) for HAL_Delay
    main.o(.text.main) refers to um980.o(.text.UM980_StatusCheck) for UM980_StatusCheck
    main.o(.text.main) refers to usart.o(.bss.huart6) for huart6
    main.o(.text.main) refers to um980.o(.bss.gnssByte) for gnssByte
    main.o(.text.main) refers to stm32f4xx_hal_uart.o(.text.HAL_UART_Receive_IT) for HAL_UART_Receive_IT
[...]
    MSCOutEpAdd                              0x20000029   Data           1  usbd_msc.o(.data.MSCOutEpAdd)
    MSC_Mode_Sense10_data                    0x2000002a   Data           8  usbd_msc_data.o(.data.MSC_Mode_Sense10_data)
    MSC_Mode_Sense6_data                     0x20000032   Data           4  usbd_msc_data.o(.data.MSC_Mode_Sense6_data)
    MSC_Page00_Inquiry_Data                  0x20000036   Data           6  usbd_msc_data.o(.data.MSC_Page00_Inquiry_Data)
    MSC_Page80_Inquiry_Data                  0x2000003c   Data           8  usbd_msc_data.o(.data.MSC_Page80_Inquiry_Data)
    SystemCoreClock                          0x20000048   Data           4  system_stm32f4xx.o(.data.SystemCoreClock)
    USBD_HS_DeviceDesc                       0x2000004c   Data          18  usbd_desc.o(.data.USBD_HS_DeviceDesc)
    USBD_LangIDDesc                          0x20000060   Data           4  usbd_desc.o(.data.USBD_LangIDDesc)
    USBD_MSC                                 0x20000064   Data          56  usbd_msc.o(.data.USBD_MSC)
    USBD_Storage_Interface_fops_HS           0x200000c8   Data          32  usbd_storage_if.o(.data.USBD_Storage_Interface_fops_HS)
    USBD_StringSerial                        0x200000e8   Data          26  usbd_desc.o(.data.USBD_StringSerial)
    USER_Driver                              0x20000104   Data          20  user_diskio.o(.data.USER_Driver)
    currentFileDay                           0x20000118   Data           1  fatfs.o(.data.currentFileDay)
    currentFileHour                          0x20000119   Data           1  fatfs.o(.data.currentFileHour)
    currentFileMonth                         0x2000011a   Data           1  fatfs.o(.data.currentFileMonth)
    currentFileYear                          0x2000011b   Data           1  fatfs.o(.data.currentFileYear)
    g_config                                 0x2000011c   Data          44  fatfs.o(.data.g_config)
    syncIntervalMs                           0x20000148   Data           4  data_fusion.o(.data.syncIntervalMs)
    systemState                              0x2000014c   Data           1  data_fusion.o(.data.systemState)
    tx_buffer                                0x2000014d   Data          10  um980.o(.data.tx_buffer)
    uwTickFreq                               0x20000157   Data           1  stm32f4xx_hal.o(.data.uwTickFreq)
    uwTickPrio                               0x20000158   Data           4  stm32f4xx_hal.o(.data.uwTickPrio)
    USBD_StrDesc                             0x200003e8   Data         512  usbd_desc.o(.bss.USBD_StrDesc)
    USERPath                                 0x20000e60   Data           4  fatfs.o(.bss.USERPath)
    appState                                 0x20000e64   Data           1  data_fusion.o(.bss.appState)
    bufferFullCount                          0x20000e68   Data           4  data_fusion.o(.bss.bufferFullCount)
    bufferOverrunCount                       0x20000e6c   Data           4  data_fusion.o(.bss.bufferOverrunCount)
    disk                                     0x20000e70   Data          12  ff_gen_drv.o(.bss.disk)
    fs                                       0x20000e9c   Data         564  fatfs.o(.bss.fs)
    g_bufferSystem                           0x200010d0   Data       96040  data_fusion.o(.bss.g_bufferSystem)
    gnssBuffer                               0x200187f8   Data         128  um980.o(.bss.gnssBuffer)
    gnssByte                                 0x20018878   Data           1  um980.o(.bss.gnssByte)
    gnssIndex                                0x20018879   Data           1  um980.o(.bss.gnssIndex)
    gnssReady                                0x2001887a   Data           1  um980.o(.bss.gnssReady)
    hUsbDeviceHS                             0x2001887c   Data         732  usb_device.o(.bss.hUsbDeviceHS)
    hads1285                                 0x20018b58   Data          28  ads1285.o(.bss.hads1285)
    hdma_sdio_rx                             0x20018b74   Data          96  sdio.o(.bss.hdma_sdio_rx)
    hdma_sdio_tx                             0x20018bd4   Data          96  sdio.o(.bss.hdma_sdio_tx)
    hmmc                                     0x20018c34   Data         640  sdio.o(.bss.hmmc)
    hpcd_USB_OTG_HS                          0x20018eb4   Data        1252  usbd_conf.o(.bss.hpcd_USB_OTG_HS)
    hrtc                                     0x20019398   Data          32  rtc.o(.bss.hrtc)
    hspi4                                    0x200193b8   Data          88  spi.o(.bss.hspi4)
    huart1                                   0x20019410   Data          72  usart.o(.bss.huart1)
    huart2                                   0x20019458   Data          72  usart.o(.bss.huart2)
    huart6                                   0x200194a0   Data          72  usart.o(.bss.huart6)
    lastSyncTime                             0x200194e8   Data           4  data_fusion.o(.bss.lastSyncTime)
    needTimeSync                             0x200194ec   Data           1  data_fusion.o(.bss.needTimeSync)
    rawDataFile                              0x200194f0   Data         560  data_fusion.o(.bss.rawDataFile)
    res                                      0x20019720   Data           1  fatfs.o(.bss.res)
    retUSER                                  0x20019721   Data           1  fatfs.o(.bss.retUSER)
    rx_buffer                                0x20019722   Data         512  um980.o(.bss.rx_buffer)
    startupTick                              0x20019924   Data           4  data_fusion.o(.bss.startupTick)
    uwTick                                   0x20019928   Data           4  stm32f4xx_hal.o(.bss.uwTick)
    work                                     0x2001992c   Data         512  fatfs.o(.bss.work)
    writeCompleteCount                       0x20019b2c   Data           4  data_fusion.o(.bss.writeCompleteCount)
    __initial_sp                             0x2001ab30   Data           0  startup_stm32f429xx.o(STACK)



==============================================================================

Memory Map of the image

  Image Entry point : 0x080001ad

  Load Region LR_IROM1 (Base: 0x08000000, Size: 0x000421a0, Max: 0x00200000, ABSOLUTE, COMPRESSED[0x00042130])

    Execution Region ER_IROM1 (Exec base: 0x08000000, Load base: 0x08000000, Size: 0x0004203c, Max: 0x00200000, ABSOLUTE)

    Exec Addr    Load Addr    Size         Type   Attr      Idx    E Section Name        Object

    0x08000000   0x08000000   0x000001ac   Data   RO            3    RESET               startup_stm32f429xx.o
    0x080001ac   0x080001ac   0x00000000   Code   RO         2247  * .ARM.Collect$$$$00000000  mc_w.l(entry.o)
    0x080001ac   0x080001ac   0x00000004   Code   RO         2316    .ARM.Collect$$$$00000001  mc_w.l(entry2.o)
    0x080001b0   0x080001b0   0x00000004   Code   RO         2319    .ARM.Collect$$$$00000004  mc_w.l(entry5.o)
    0x080001b4   0x080001b4   0x00000000   Code   RO         2321    .ARM.Collect$$$$00000008  mc_w.l(entry7b.o)
    0x080001b4   0x080001b4   0x00000000   Code   RO         2323    .ARM.Collect$$$$0000000A  mc_w.l(entry8b.o)
    0x080001b4   0x080001b4   0x00000008   Code   RO         2324    .ARM.Collect$$$$0000000B  mc_w.l(entry9a.o)
    0x080001bc   0x080001bc   0x00000000   Code   RO         2326    .ARM.Collect$$$$0000000D  mc_w.l(entry10a.o)
    0x080001bc   0x080001bc   0x00000000   Code   RO         2328    .ARM.Collect$$$$0000000F  mc_w.l(entry11a.o)
    0x080001bc   0x080001bc   0x00000004   Code   RO         2317    .ARM.Collect$$$$00002712  mc_w.l(entry2.o)
    0x080001c0   0x080001c0   0x00000024   Code   RO            4    .text               startup_stm32f429xx.o
    0x080001e4   0x080001e4   0x00000062   Code   RO         2250    .text               mc_w.l(uldiv.o)
    0x08000246   0x08000246   0x00000024   Code   RO         2252    .text               mc_w.l(memcpya.o)
    0x0800026a   0x0800026a   0x00000024   Code   RO         2254    .text               mc_w.l(memseta.o)
    0x0800028e   0x0800028e   0x00000024   Code   RO         2256    .text               mc_w.l(strstr.o)
    0x080002b2   0x080002b2   0x00000018   Code   RO         2258    .text               mc_w.l(strncpy.o)
    0x080002ca   0x080002ca   0x0000000e   Code   RO         2260    .text               mc_w.l(strlen.o)
    0x080002d8   0x080002d8   0x0000001c   Code   RO         2262    .text               mc_w.l(strcmp.o)
    0x080002f4   0x080002f4   0x00000028   Code   RO         2264    .text               mc_w.l(strncat.o)
    0x0800031c   0x0800031c   0x0000001e   Code   RO         2266    .text               mc_w.l(strncmp.o)
    0x0800033a   0x0800033a   0x00000002   PAD
    0x0800033c   0x0800033c   0x00000044   Code   RO         2268    .text               mc_w.l(strtok.o)
    0x08000380   0x08000380   0x00000022   Code   RO         2274    .text               mc_w.l(strcspn.o)
    0x080003a2   0x080003a2   0x00000002   PAD
    0x080003a4   0x080003a4   0x00000038   Code   RO         2306    .text               mc_w.l(sscanf.o)
    0x080003dc   0x080003dc   0x0000001a   Code   RO         2308    .text               mc_w.l(atoi.o)
    0x080003f6   0x080003f6   0x000000e4   Code   RO         2310    .text               mf_w.l(dmul.o)
    0x080004da   0x080004da   0x00000038   Code   RO         2314    .text               mf_w.l(d2f.o)
    0x08000512   0x08000512   0x0000002c   Code   RO         2340    .text               mc_w.l(uidiv.o)
    0x0800053e   0x0800053e   0x0000001e   Code   RO         2342    .text               mc_w.l(llshl.o)
    0x0800055c   0x0800055c   0x00000020   Code   RO         2344    .text               mc_w.l(llushr.o)
    0x0800057c   0x0800057c   0x00000156   Code   RO         2353    .text               mc_w.l(_scanf_longlong.o)
    0x080006d2   0x080006d2   0x0000014c   Code   RO         2355    .text               mc_w.l(_scanf_int.o)
    0x0800081e   0x0800081e   0x000000e0   Code   RO         2357    .text               mc_w.l(_scanf_str.o)
    0x080008fe   0x080008fe   0x00000002   PAD
    0x08000900   0x08000900   0x00000360   Code   RO         2359    .text               mc_w.l(scanf_fp.o)
    0x08000c60   0x08000c60   0x00000028   Code   RO         2363    .text               mc_w.l(scanf_char.o)
    0x08000c88   0x08000c88   0x00000040   Code   RO         2365    .text               mc_w.l(_sgetc.o)
    0x08000cc8   0x08000cc8   0x00000070   Code   RO         2367    .text               mc_w.l(strtol.o)
    0x08000d38   0x08000d38   0x00000000   Code   RO         2369    .text               mc_w.l(iusefp.o)
    0x08000d38   0x08000d38   0x0000006e   Code   RO         2370    .text               mf_w.l(fepilogue.o)
    0x08000da6   0x08000da6   0x000000ba   Code   RO         2372    .text               mf_w.l(depilogue.o)
    0x08000e60   0x08000e60   0x0000014e   Code   RO         2374    .text               mf_w.l(dadd.o)
    0x08000fae   0x08000fae   0x000000de   Code   RO         2376    .text               mf_w.l(ddiv.o)
    0x0800108c   0x0800108c   0x00000030   Code   RO         2378    .text               mf_w.l(dfixul.o)
    0x080010bc   0x080010bc   0x00000030   Code   RO         2380    .text               mf_w.l(cdrcmple.o)
    0x080010ec   0x080010ec   0x00000024   Code   RO         2382    .text               mc_w.l(init.o)
    0x08001110   0x08001110   0x00000024   Code   RO         2384    .text               mc_w.l(llsshr.o)
    0x08001134   0x08001134   0x00000008   Code   RO         2388    .text               mc_w.l(ctype_o.o)
    0x0800113c   0x0800113c   0x00000012   Code   RO         2410    .text               mc_w.l(isspace_o.o)
    0x0800114e   0x0800114e   0x0000001c   Code   RO         2416    .text               mc_w.l(_chval.o)
    0x0800116a   0x0800116a   0x00000002   PAD
    0x0800116c   0x0800116c   0x0000032c   Code   RO         2418    .text               mc_w.l(_scanf.o)
    0x08001498   0x08001498   0x0000009e   Code   RO         2420    .text               mc_w.l(_strtoul.o)
    0x08001536   0x08001536   0x00000018   Code   RO         2422    .text               mf_w.l(dfltul.o)
    0x0800154e   0x0800154e   0x0000003a   Code   RO         2435    .text               mc_w.l(__dczerorl.o)
    0x08001588   0x08001588   0x0000016c   Code   RO         1733    .text.ADS1285_Calibration  ads1285.o
    0x080016f4   0x080016f4   0x000000d0   Code   RO         1727    .text.ADS1285_Init  ads1285.o
    0x080017c4   0x080017c4   0x00000074   Code   RO         1741    .text.ADS1285_ReadRawData  ads1285.o
    0x08001838   0x08001838   0x0000003c   Code   RO         1729    .text.ADS1285_ResetHardware  ads1285.o
    0x08001874   0x08001874   0x0000004c   Code   RO         1737    .text.ADS1285_StartupSequence  ads1285.o
    0x080018c0   0x080018c0   0x000001a6   Code   RO         1820    .text.ADS1285_Test  data_fusion.o
    0x08001a66   0x08001a66   0x00000002   PAD
    0x08001a68   0x08001a68   0x000000e4   Code   RO         1735    .text.ADS1285_WriteReg_Continuous  ads1285.o
    0x08001b4c   0x08001b4c   0x00000088   Code   RO         1810    .text.BufferSystem_Init  data_fusion.o
    0x08001bd4   0x08001bd4   0x00000004   Code   RO          123    .text.BusFault_Handler  stm32f4xx_it.o
    0x08001bd8   0x08001bd8   0x000000c6   Code   RO         1804    .text.CheckAndCreateNewFileIfNeeded  data_fusion.o
    0x08001c9e   0x08001c9e   0x00000002   PAD
    0x08001ca0   0x08001ca0   0x000001d8   Code   RO          206    .text.CheckStorageSpace  fatfs.o
    0x08001e78   0x08001e78   0x000000e8   Code   RO          210    .text.Check_CreateConfig  fatfs.o
    0x08001f60   0x08001f60   0x00000010   Code   RO          141    .text.DMA2_Stream3_IRQHandler  stm32f4xx_it.o
    0x08001f70   0x08001f70   0x00000010   Code   RO          143    .text.DMA2_Stream6_IRQHandler  stm32f4xx_it.o
    0x08001f80   0x08001f80   0x00000056   Code   RO          645    .text.DMA_CalcBaseAndBitshift  stm32f4xx_hal_dma.o
    0x08001fd6   0x08001fd6   0x00000002   PAD
    0x08001fd8   0x08001fd8   0x000000f0   Code   RO          643    .text.DMA_CheckFifoParam  stm32f4xx_hal_dma.o
    0x080020c8   0x080020c8   0x00000050   Code   RO          651    .text.DMA_SetConfig  stm32f4xx_hal_dma.o
    0x08002118   0x08002118   0x00000002   Code   RO          129    .text.DebugMon_Handler  stm32f4xx_it.o
    0x0800211a   0x0800211a   0x00000002   PAD
    0x0800211c   0x0800211c   0x00000168   Code   RO          204    .text.DeleteOldestFile  fatfs.o
    0x08002284   0x08002284   0x00000018   Code   RO         1710    .text.EMMC_GetInfo  bsp_emmc.o
    0x0800229c   0x0800229c   0x00000044   Code   RO         1702    .text.EMMC_ReadBlock_DMA  bsp_emmc.o
    0x080022e0   0x080022e0   0x0000004e   Code   RO         1704    .text.EMMC_Wait_Ready  bsp_emmc.o
    0x0800232e   0x0800232e   0x00000002   PAD
    0x08002330   0x08002330   0x00000044   Code   RO         1706    .text.EMMC_WriteBlock_DMA  bsp_emmc.o
    0x08002374   0x08002374   0x0000000c   Code   RO          151    .text.EXTI15_10_IRQHandler  stm32f4xx_it.o
    0x08002380   0x08002380   0x00000006   Code   RO           15    .text.Error_Handler  main.o
    0x08002386   0x08002386   0x00000002   PAD
    0x08002388   0x08002388   0x000001ba   Code   RO          190    .text.FATFS_CreateRawDataFileWithTimestamp  fatfs.o
    0x08002542   0x08002542   0x00000002   PAD
    0x08002544   0x08002544   0x00000016   Code   RO         1670    .text.FATFS_LinkDriver  ff_gen_drv.o
    0x0800255a   0x0800255a   0x00000002   PAD
    0x0800255c   0x0800255c   0x0000007c   Code   RO         1668    .text.FATFS_LinkDriverEx  ff_gen_drv.o
    0x080025d8   0x080025d8   0x0000013e   Code   RO          196    .text.FATFS_Mount   fatfs.o
    0x08002716   0x08002716   0x00000002   PAD
    0x08002718   0x08002718   0x0000009c   Code   RO         1818    .text.FlushBufferToSD  data_fusion.o
    0x080027b4   0x080027b4   0x0000005c   Code   RO         1906    .text.Get_SerialNum  usbd_desc.o
    0x08002810   0x08002810   0x000000ec   Code   RO          655    .text.HAL_DMA_Abort  stm32f4xx_hal_dma.o
    0x080028fc   0x080028fc   0x00000044   Code   RO          657    .text.HAL_DMA_Abort_IT  stm32f4xx_hal_dma.o
    0x08002940   0x08002940   0x0000000c   Code   RO          669    .text.HAL_DMA_GetError  stm32f4xx_hal_dma.o
    0x0800294c   0x0800294c   0x0000031e   Code   RO          661    .text.HAL_DMA_IRQHandler  stm32f4xx_hal_dma.o
    0x08002c6a   0x08002c6a   0x00000002   PAD
    0x08002c6c   0x08002c6c   0x0000016e   Code   RO          641    .text.HAL_DMA_Init  stm32f4xx_hal_dma.o
    0x08002dda   0x08002dda   0x00000002   PAD
    0x08002ddc   0x08002ddc   0x000000c2   Code   RO          653    .text.HAL_DMA_Start_IT  stm32f4xx_hal_dma.o
    0x08002e9e   0x08002e9e   0x00000002   PAD
    0x08002ea0   0x08002ea0   0x00000042   Code   RO          842    .text.HAL_Delay     stm32f4xx_hal.o
    0x08002ee2   0x08002ee2   0x00000002   PAD
    0x08002ee4   0x08002ee4   0x00000038   Code   RO         1822    .text.HAL_GPIO_EXTI_Callback  data_fusion.o
    0x08002f1c   0x08002f1c   0x00000038   Code   RO          615    .text.HAL_GPIO_EXTI_IRQHandler  stm32f4xx_hal_gpio.o
    0x08002f54   0x08002f54   0x000003ee   Code   RO          603    .text.HAL_GPIO_Init  stm32f4xx_hal_gpio.o
    0x08003342   0x08003342   0x00000002   PAD
    0x08003344   0x08003344   0x0000002e   Code   RO          607    .text.HAL_GPIO_ReadPin  stm32f4xx_hal_gpio.o
    0x08003372   0x08003372   0x00000002   PAD
    0x08003374   0x08003374   0x00000026   Code   RO          611    .text.HAL_GPIO_TogglePin  stm32f4xx_hal_gpio.o
    0x0800339a   0x0800339a   0x00000002   PAD
    0x0800339c   0x0800339c   0x0000002e   Code   RO          609    .text.HAL_GPIO_WritePin  stm32f4xx_hal_gpio.o
    0x080033ca   0x080033ca   0x00000002   PAD
    0x080033cc   0x080033cc   0x0000000c   Code   RO          834    .text.HAL_GetTick   stm32f4xx_hal.o
    0x080033d8   0x080033d8   0x0000001a   Code   RO          832    .text.HAL_IncTick   stm32f4xx_hal.o
    0x080033f2   0x080033f2   0x00000002   PAD
    0x080033f4   0x080033f4   0x00000036   Code   RO          822    .text.HAL_Init      stm32f4xx_hal.o
    0x0800342a   0x0800342a   0x00000002   PAD
    0x0800342c   0x0800342c   0x00000070   Code   RO          824    .text.HAL_InitTick  stm32f4xx_hal.o
    0x0800349c   0x0800349c   0x00000008   Code   RO         1204    .text.HAL_MMC_AbortCallback  stm32f4xx_hal_mmc.o
    0x080034a4   0x080034a4   0x000001b2   Code   RO         1156    .text.HAL_MMC_ConfigWideBusOperation  stm32f4xx_hal_mmc.o
    0x08003656   0x08003656   0x00000002   PAD
    0x08003658   0x08003658   0x00000008   Code   RO         1192    .text.HAL_MMC_ErrorCallback  stm32f4xx_hal_mmc.o
    0x08003660   0x08003660   0x00000288   Code   RO         1212    .text.HAL_MMC_GetCardCSD  stm32f4xx_hal_mmc.o
    0x080038e8   0x080038e8   0x000001fc   Code   RO         1218    .text.HAL_MMC_GetCardExtCSD  stm32f4xx_hal_mmc.o
    0x08003ae4   0x08003ae4   0x00000044   Code   RO         1216    .text.HAL_MMC_GetCardInfo  stm32f4xx_hal_mmc.o
    0x08003b28   0x08003b28   0x00000034   Code   RO         1222    .text.HAL_MMC_GetCardState  stm32f4xx_hal_mmc.o
    0x08003b5c   0x08003b5c   0x0000000e   Code   RO         1206    .text.HAL_MMC_GetState  stm32f4xx_hal_mmc.o
    0x08003b6a   0x08003b6a   0x00000002   PAD
    0x08003b6c   0x08003b6c   0x00000318   Code   RO         1188    .text.HAL_MMC_IRQHandler  stm32f4xx_hal_mmc.o
    0x08003e84   0x08003e84   0x00000088   Code   RO         1150    .text.HAL_MMC_Init  stm32f4xx_hal_mmc.o
    0x08003f0c   0x08003f0c   0x00000122   Code   RO         1154    .text.HAL_MMC_InitCard  stm32f4xx_hal_mmc.o
    0x0800402e   0x0800402e   0x00000002   PAD
    0x08004030   0x08004030   0x000001e6   Code   RO           64    .text.HAL_MMC_MspInit  sdio.o
    0x08004216   0x08004216   0x00000002   PAD
    0x08004218   0x08004218   0x000001ce   Code   RO         1176    .text.HAL_MMC_ReadBlocks_DMA  stm32f4xx_hal_mmc.o
    0x080043e6   0x080043e6   0x00000002   PAD
    0x080043e8   0x080043e8   0x00000008   Code   RO         1196    .text.HAL_MMC_RxCpltCallback  stm32f4xx_hal_mmc.o
    0x080043f0   0x080043f0   0x00000008   Code   RO         1194    .text.HAL_MMC_TxCpltCallback  stm32f4xx_hal_mmc.o
    0x080043f8   0x080043f8   0x000001d6   Code   RO         1182    .text.HAL_MMC_WriteBlocks_DMA  stm32f4xx_hal_mmc.o
    0x080045ce   0x080045ce   0x00000002   PAD
    0x080045d0   0x080045d0   0x0000004a   Code   RO          160    .text.HAL_MspInit   stm32f4xx_hal_msp.o
    0x0800461a   0x0800461a   0x00000002   PAD
    0x0800461c   0x0800461c   0x00000014   Code   RO          761    .text.HAL_NVIC_DisableIRQ  stm32f4xx_hal_cortex.o
    0x08004630   0x08004630   0x00000014   Code   RO          757    .text.HAL_NVIC_EnableIRQ  stm32f4xx_hal_cortex.o
    0x08004644   0x08004644   0x00000032   Code   RO          749    .text.HAL_NVIC_SetPriority  stm32f4xx_hal_cortex.o
    0x08004676   0x08004676   0x00000002   PAD
    0x08004678   0x08004678   0x00000010   Code   RO          745    .text.HAL_NVIC_SetPriorityGrouping  stm32f4xx_hal_cortex.o
    0x08004688   0x08004688   0x0000000c   Code   RO          331    .text.HAL_PCDEx_LPM_Callback  stm32f4xx_hal_pcd_ex.o
    0x08004694   0x08004694   0x00000018   Code   RO          329    .text.HAL_PCDEx_SetRxFiFo  stm32f4xx_hal_pcd_ex.o
    0x080046ac   0x080046ac   0x0000009c   Code   RO          327    .text.HAL_PCDEx_SetTxFiFo  stm32f4xx_hal_pcd_ex.o
    0x08004748   0x08004748   0x00000014   Code   RO         1968    .text.HAL_PCD_ConnectCallback  usbd_conf.o
    0x0800475c   0x0800475c   0x00000026   Code   RO         1954    .text.HAL_PCD_DataInStageCallback  usbd_conf.o
    0x08004782   0x08004782   0x00000002   PAD
    0x08004784   0x08004784   0x00000028   Code   RO         1952    .text.HAL_PCD_DataOutStageCallback  usbd_conf.o
    0x080047ac   0x080047ac   0x00000014   Code   RO         1970    .text.HAL_PCD_DisconnectCallback  usbd_conf.o
    0x080047c0   0x080047c0   0x0000005e   Code   RO          278    .text.HAL_PCD_EP_Abort  stm32f4xx_hal_pcd.o
    0x0800481e   0x0800481e   0x00000002   PAD
    0x08004820   0x08004820   0x000000a8   Code   RO          298    .text.HAL_PCD_EP_Close  stm32f4xx_hal_pcd.o
    0x080048c8   0x080048c8   0x000000c8   Code   RO          308    .text.HAL_PCD_EP_ClrStall  stm32f4xx_hal_pcd.o
    0x08004990   0x08004990   0x00000070   Code   RO          310    .text.HAL_PCD_EP_Flush  stm32f4xx_hal_pcd.o
    0x08004a00   0x08004a00   0x00000022   Code   RO          302    .text.HAL_PCD_EP_GetRxCount  stm32f4xx_hal_pcd.o
    0x08004a22   0x08004a22   0x00000002   PAD
    0x08004a24   0x08004a24   0x000000ee   Code   RO          296    .text.HAL_PCD_EP_Open  stm32f4xx_hal_pcd.o
    0x08004b12   0x08004b12   0x00000002   PAD
    0x08004b14   0x08004b14   0x0000006c   Code   RO          300    .text.HAL_PCD_EP_Receive  stm32f4xx_hal_pcd.o
    0x08004b80   0x08004b80   0x000000de   Code   RO          306    .text.HAL_PCD_EP_SetStall  stm32f4xx_hal_pcd.o
    0x08004c5e   0x08004c5e   0x00000002   PAD
    0x08004c60   0x08004c60   0x0000006c   Code   RO          304    .text.HAL_PCD_EP_Transmit  stm32f4xx_hal_pcd.o
    0x08004ccc   0x08004ccc   0x00000838   Code   RO          256    .text.HAL_PCD_IRQHandler  stm32f4xx_hal_pcd.o
    0x08005504   0x08005504   0x0000001c   Code   RO         1966    .text.HAL_PCD_ISOINIncompleteCallback  usbd_conf.o
    0x08005520   0x08005520   0x0000001c   Code   RO         1964    .text.HAL_PCD_ISOOUTIncompleteCallback  usbd_conf.o
    0x0800553c   0x0800553c   0x00000242   Code   RO          244    .text.HAL_PCD_Init  stm32f4xx_hal_pcd.o
    0x0800577e   0x0800577e   0x00000002   PAD
    0x08005780   0x08005780   0x00000164   Code   RO         1946    .text.HAL_PCD_MspInit  usbd_conf.o
    0x080058e4   0x080058e4   0x00000052   Code   RO         1958    .text.HAL_PCD_ResetCallback  usbd_conf.o
    0x08005936   0x08005936   0x00000002   PAD
    0x08005938   0x08005938   0x00000014   Code   RO         1962    .text.HAL_PCD_ResumeCallback  usbd_conf.o
    0x0800594c   0x0800594c   0x00000014   Code   RO         1956    .text.HAL_PCD_SOFCallback  usbd_conf.o
    0x08005960   0x08005960   0x0000005c   Code   RO          294    .text.HAL_PCD_SetAddress  stm32f4xx_hal_pcd.o
    0x080059bc   0x080059bc   0x00000018   Code   RO         1950    .text.HAL_PCD_SetupStageCallback  usbd_conf.o
    0x080059d4   0x080059d4   0x0000007c   Code   RO          252    .text.HAL_PCD_Start  stm32f4xx_hal_pcd.o
    0x08005a50   0x08005a50   0x0000003e   Code   RO         1960    .text.HAL_PCD_SuspendCallback  usbd_conf.o
    0x08005a8e   0x08005a8e   0x00000002   PAD
    0x08005a90   0x08005a90   0x000000be   Code   RO          732    .text.HAL_PWREx_EnableOverDrive  stm32f4xx_hal_pwr_ex.o
    0x08005b4e   0x08005b4e   0x00000002   PAD
    0x08005b50   0x08005b50   0x0000041c   Code   RO          482    .text.HAL_RCCEx_PeriphCLKConfig  stm32f4xx_hal_rcc_ex.o
    0x08005f6c   0x08005f6c   0x00000262   Code   RO          451    .text.HAL_RCC_ClockConfig  stm32f4xx_hal_rcc.o
    0x080061ce   0x080061ce   0x00000002   PAD
    0x080061d0   0x080061d0   0x0000000c   Code   RO          461    .text.HAL_RCC_GetHCLKFreq  stm32f4xx_hal_rcc.o
    0x080061dc   0x080061dc   0x00000022   Code   RO          463    .text.HAL_RCC_GetPCLK1Freq  stm32f4xx_hal_rcc.o
    0x080061fe   0x080061fe   0x00000002   PAD
    0x08006200   0x08006200   0x00000022   Code   RO          465    .text.HAL_RCC_GetPCLK2Freq  stm32f4xx_hal_rcc.o
    0x08006222   0x08006222   0x00000002   PAD
    0x08006224   0x08006224   0x000000e6   Code   RO          453    .text.HAL_RCC_GetSysClockFreq  stm32f4xx_hal_rcc.o
    0x0800630a   0x0800630a   0x00000002   PAD
    0x0800630c   0x0800630c   0x000006be   Code   RO          449    .text.HAL_RCC_OscConfig  stm32f4xx_hal_rcc.o
    0x080069ca   0x080069ca   0x00000002   PAD
    0x080069cc   0x080069cc   0x00000078   Code   RO          937    .text.HAL_RTC_GetDate  stm32f4xx_hal_rtc.o
    0x08006a44   0x08006a44   0x00000092   Code   RO          931    .text.HAL_RTC_GetTime  stm32f4xx_hal_rtc.o
    0x08006ad6   0x08006ad6   0x00000002   PAD
    0x08006ad8   0x08006ad8   0x00000112   Code   RO          915    .text.HAL_RTC_Init  stm32f4xx_hal_rtc.o
    0x08006bea   0x08006bea   0x00000002   PAD
    0x08006bec   0x08006bec   0x0000004c   Code   RO           48    .text.HAL_RTC_MspInit  rtc.o
    0x08006c38   0x08006c38   0x00000126   Code   RO          935    .text.HAL_RTC_SetDate  stm32f4xx_hal_rtc.o
    0x08006d5e   0x08006d5e   0x00000002   PAD
    0x08006d60   0x08006d60   0x00000156   Code   RO          927    .text.HAL_RTC_SetTime  stm32f4xx_hal_rtc.o
    0x08006eb6   0x08006eb6   0x00000002   PAD
    0x08006eb8   0x08006eb8   0x00000058   Code   RO          953    .text.HAL_RTC_WaitForSynchro  stm32f4xx_hal_rtc.o
    0x08006f10   0x08006f10   0x00000008   Code   RO         1321    .text.HAL_SPI_ErrorCallback  stm32f4xx_hal_spi.o
    0x08006f18   0x08006f18   0x00000230   Code   RO         1317    .text.HAL_SPI_IRQHandler  stm32f4xx_hal_spi.o
    0x08007148   0x08007148   0x00000100   Code   RO         1237    .text.HAL_SPI_Init  stm32f4xx_hal_spi.o
    0x08007248   0x08007248   0x000000a6   Code   RO           81    .text.HAL_SPI_MspInit  spi.o
    0x080072ee   0x080072ee   0x00000002   PAD
    0x080072f0   0x080072f0   0x0000024e   Code   RO         1249    .text.HAL_SPI_Receive  stm32f4xx_hal_spi.o
    0x0800753e   0x0800753e   0x00000002   PAD
    0x08007540   0x08007540   0x000002a2   Code   RO         1245    .text.HAL_SPI_Transmit  stm32f4xx_hal_spi.o
    0x080077e2   0x080077e2   0x00000002   PAD
    0x080077e4   0x080077e4   0x000003a2   Code   RO         1251    .text.HAL_SPI_TransmitReceive  stm32f4xx_hal_spi.o
    0x08007b86   0x08007b86   0x00000002   PAD
    0x08007b88   0x08007b88   0x00000010   Code   RO          769    .text.HAL_SYSTICK_Config  stm32f4xx_hal_cortex.o
    0x08007b98   0x08007b98   0x0000000c   Code   RO         1447    .text.HAL_UARTEx_RxEventCallback  stm32f4xx_hal_uart.o
    0x08007ba4   0x08007ba4   0x00000008   Code   RO         1445    .text.HAL_UART_ErrorCallback  stm32f4xx_hal_uart.o
    0x08007bac   0x08007bac   0x0000042c   Code   RO         1439    .text.HAL_UART_IRQHandler  stm32f4xx_hal_uart.o
    0x08007fd8   0x08007fd8   0x0000009e   Code   RO         1355    .text.HAL_UART_Init  stm32f4xx_hal_uart.o
    0x08008076   0x08008076   0x00000002   PAD
    0x08008078   0x08008078   0x000001c6   Code   RO           99    .text.HAL_UART_MspInit  usart.o
    0x0800823e   0x0800823e   0x00000002   PAD
    0x08008240   0x08008240   0x00000056   Code   RO         1379    .text.HAL_UART_Receive_IT  stm32f4xx_hal_uart.o
    0x08008296   0x08008296   0x00000002   PAD
    0x08008298   0x08008298   0x0000010e   Code   RO         1771    .text.HAL_UART_RxCpltCallback  um980.o
    0x080083a6   0x080083a6   0x00000002   PAD
    0x080083a8   0x080083a8   0x00000130   Code   RO         1371    .text.HAL_UART_Transmit  stm32f4xx_hal_uart.o
    0x080084d8   0x080084d8   0x00000008   Code   RO         1453    .text.HAL_UART_TxCpltCallback  stm32f4xx_hal_uart.o
    0x080084e0   0x080084e0   0x00000004   Code   RO          119    .text.HardFault_Handler  stm32f4xx_it.o
    0x080084e4   0x080084e4   0x0000007a   Code   RO         1908    .text.IntToUnicode  usbd_desc.o
    0x0800855e   0x0800855e   0x00000002   PAD
    0x08008560   0x08008560   0x000001c2   Code   RO          212    .text.LoadConfigFromFile  fatfs.o
    0x08008722   0x08008722   0x00000002   PAD
    0x08008724   0x08008724   0x0000009e   Code   RO         1180    .text.MMC_DMAError  stm32f4xx_hal_mmc.o
    0x080087c2   0x080087c2   0x00000002   PAD
    0x080087c4   0x080087c4   0x00000062   Code   RO         1178    .text.MMC_DMAReceiveCplt  stm32f4xx_hal_mmc.o
    0x08008826   0x08008826   0x00000002   PAD
    0x08008828   0x08008828   0x0000007c   Code   RO         1202    .text.MMC_DMARxAbort  stm32f4xx_hal_mmc.o
    0x080088a4   0x080088a4   0x0000001a   Code   RO         1184    .text.MMC_DMATransmitCplt  stm32f4xx_hal_mmc.o
    0x080088be   0x080088be   0x00000002   PAD
    0x080088c0   0x080088c0   0x0000007c   Code   RO         1200    .text.MMC_DMATxAbort  stm32f4xx_hal_mmc.o
    0x0800893c   0x0800893c   0x000001e2   Code   RO         1160    .text.MMC_InitCard  stm32f4xx_hal_mmc.o
    0x08008b1e   0x08008b1e   0x00000002   PAD
    0x08008b20   0x08008b20   0x000000aa   Code   RO         1158    .text.MMC_PowerON   stm32f4xx_hal_mmc.o
    0x08008bca   0x08008bca   0x00000002   PAD
    0x08008bcc   0x08008bcc   0x00000138   Code   RO         1220    .text.MMC_PwrClassUpdate  stm32f4xx_hal_mmc.o
    0x08008d04   0x08008d04   0x0000015c   Code   RO         1214    .text.MMC_ReadExtCSD  stm32f4xx_hal_mmc.o
    0x08008e60   0x08008e60   0x0000009c   Code   RO         1190    .text.MMC_Read_IT   stm32f4xx_hal_mmc.o
    0x08008efc   0x08008efc   0x0000004e   Code   RO         1224    .text.MMC_SendStatus  stm32f4xx_hal_mmc.o
    0x08008f4a   0x08008f4a   0x00000002   PAD
    0x08008f4c   0x08008f4c   0x000000a8   Code   RO         1198    .text.MMC_Write_IT  stm32f4xx_hal_mmc.o
    0x08008ff4   0x08008ff4   0x0000008c   Code   RO         2179    .text.MSC_BOT_Abort  usbd_msc_bot.o
    0x08009080   0x08009080   0x00000130   Code   RO         2175    .text.MSC_BOT_CBW_Decode  usbd_msc_bot.o
    0x080091b0   0x080091b0   0x00000076   Code   RO         2177    .text.MSC_BOT_CplClrFeature  usbd_msc_bot.o
    0x08009226   0x08009226   0x00000002   PAD
    0x08009228   0x08009228   0x0000006e   Code   RO         2169    .text.MSC_BOT_DataIn  usbd_msc_bot.o
    0x08009296   0x08009296   0x00000002   PAD
    0x08009298   0x08009298   0x00000068   Code   RO         2173    .text.MSC_BOT_DataOut  usbd_msc_bot.o
    0x08009300   0x08009300   0x00000026   Code   RO         2167    .text.MSC_BOT_DeInit  usbd_msc_bot.o
    0x08009326   0x08009326   0x00000002   PAD
    0x08009328   0x08009328   0x00000086   Code   RO         2163    .text.MSC_BOT_Init  usbd_msc_bot.o
    0x080093ae   0x080093ae   0x00000002   PAD
    0x080093b0   0x080093b0   0x00000064   Code   RO         2165    .text.MSC_BOT_Reset  usbd_msc_bot.o
    0x08009414   0x08009414   0x00000076   Code   RO         2171    .text.MSC_BOT_SendCSW  usbd_msc_bot.o
    0x0800948a   0x0800948a   0x00000002   PAD
    0x0800948c   0x0800948c   0x0000007a   Code   RO         2181    .text.MSC_BOT_SendData  usbd_msc_bot.o
    0x08009506   0x08009506   0x00000002   PAD
    0x08009508   0x08009508   0x00000052   Code   RO           38    .text.MX_DMA_Init   dma.o
    0x0800955a   0x0800955a   0x00000002   PAD
    0x0800955c   0x0800955c   0x00000022   Code   RO          192    .text.MX_FATFS_Init  fatfs.o
    0x0800957e   0x0800957e   0x00000002   PAD
    0x08009580   0x08009580   0x00000240   Code   RO           30    .text.MX_GPIO_Init  gpio.o
    0x080097c0   0x080097c0   0x00000118   Code   RO           46    .text.MX_RTC_Init   rtc.o
    0x080098d8   0x080098d8   0x0000006e   Code   RO           62    .text.MX_SDIO_MMC_Init  sdio.o
    0x08009946   0x08009946   0x00000002   PAD
    0x08009948   0x08009948   0x0000004e   Code   RO           79    .text.MX_SPI4_Init  spi.o
    0x08009996   0x08009996   0x00000002   PAD
    0x08009998   0x08009998   0x00000040   Code   RO           93    .text.MX_USART1_UART_Init  usart.o
    0x080099d8   0x080099d8   0x00000040   Code   RO           95    .text.MX_USART2_UART_Init  usart.o
    0x08009a18   0x08009a18   0x00000052   Code   RO           97    .text.MX_USART6_UART_Init  usart.o
    0x08009a6a   0x08009a6a   0x00000002   PAD
    0x08009a6c   0x08009a6c   0x00000076   Code   RO         1883    .text.MX_USB_DEVICE_Init  usb_device.o
    0x08009ae2   0x08009ae2   0x00000002   PAD
    0x08009ae4   0x08009ae4   0x000001ac   Code   RO         1800    .text.MainLoop_StateMachine  data_fusion.o
    0x08009c90   0x08009c90   0x00000004   Code   RO          121    .text.MemManage_Handler  stm32f4xx_it.o
    0x08009c94   0x08009c94   0x00000004   Code   RO          117    .text.NMI_Handler   stm32f4xx_it.o
    0x08009c98   0x08009c98   0x0000006c   Code   RO          755    .text.NVIC_EncodePriority  stm32f4xx_hal_cortex.o
    0x08009d04   0x08009d04   0x00000010   Code   RO          147    .text.OTG_HS_IRQHandler  stm32f4xx_it.o
    0x08009d14   0x08009d14   0x0000008a   Code   RO          260    .text.PCD_EP_OutSetupPacket_int  stm32f4xx_hal_pcd.o
    0x08009d9e   0x08009d9e   0x00000002   PAD
    0x08009da0   0x08009da0   0x000001c8   Code   RO          258    .text.PCD_EP_OutXfrComplete_int  stm32f4xx_hal_pcd.o
    0x08009f68   0x08009f68   0x00000132   Code   RO          268    .text.PCD_WriteEmptyTxFifo  stm32f4xx_hal_pcd.o
    0x0800a09a   0x0800a09a   0x00000002   PAD
    0x0800a09c   0x0800a09c   0x00000002   Code   RO          131    .text.PendSV_Handler  stm32f4xx_it.o
    0x0800a09e   0x0800a09e   0x00000002   PAD
    0x0800a0a0   0x0800a0a0   0x000000b6   Code   RO         1769    .text.PerformTimeSync  um980.o
    0x0800a156   0x0800a156   0x00000002   PAD
    0x0800a158   0x0800a158   0x0000010a   Code   RO         1806    .text.ProcessBuffers  data_fusion.o
    0x0800a262   0x0800a262   0x00000002   PAD
    0x0800a264   0x0800a264   0x0000037c   Code   RO         1802    .text.ProcessSubStateMachine  data_fusion.o
    0x0800a5e0   0x0800a5e0   0x0000002a   Code   RO          933    .text.RTC_Bcd2ToByte  stm32f4xx_hal_rtc.o
    0x0800a60a   0x0800a60a   0x00000002   PAD
    0x0800a60c   0x0800a60c   0x0000003a   Code   RO          929    .text.RTC_ByteToBcd2  stm32f4xx_hal_rtc.o
    0x0800a646   0x0800a646   0x00000002   PAD
    0x0800a648   0x0800a648   0x00000082   Code   RO          919    .text.RTC_EnterInitMode  stm32f4xx_hal_rtc.o
    0x0800a6ca   0x0800a6ca   0x00000002   PAD
    0x0800a6cc   0x0800a6cc   0x00000048   Code   RO          921    .text.RTC_ExitInitMode  stm32f4xx_hal_rtc.o
    0x0800a714   0x0800a714   0x000000e2   Code   RO          214    .text.RTC_SetTimeFromConfig  fatfs.o
    0x0800a7f6   0x0800a7f6   0x00000002   PAD
    0x0800a7f8   0x0800a7f8   0x00000058   Code   RO         2209    .text.SCSI_AllowPreventRemovable  usbd_msc_scsi.o
    0x0800a850   0x0800a850   0x00000064   Code   RO         2235    .text.SCSI_CheckAddressRange  usbd_msc_scsi.o
    0x0800a8b4   0x0800a8b4   0x00000106   Code   RO         2205    .text.SCSI_Inquiry  usbd_msc_scsi.o
    0x0800a9ba   0x0800a9ba   0x00000002   PAD
    0x0800a9bc   0x0800a9bc   0x00000096   Code   RO         2213    .text.SCSI_ModeSense10  usbd_msc_scsi.o
    0x0800aa52   0x0800aa52   0x00000002   PAD
    0x0800aa54   0x0800aa54   0x00000096   Code   RO         2211    .text.SCSI_ModeSense6  usbd_msc_scsi.o
    0x0800aaea   0x0800aaea   0x00000002   PAD
    0x0800aaec   0x0800aaec   0x000001e6   Code   RO         2199    .text.SCSI_ProcessCmd  usbd_msc_scsi.o
    0x0800acd2   0x0800acd2   0x00000002   PAD
    0x0800acd4   0x0800acd4   0x00000114   Code   RO         2237    .text.SCSI_ProcessRead  usbd_msc_scsi.o
    0x0800ade8   0x0800ade8   0x0000014a   Code   RO         2239    .text.SCSI_ProcessWrite  usbd_msc_scsi.o
    0x0800af32   0x0800af32   0x00000002   PAD
    0x0800af34   0x0800af34   0x00000144   Code   RO         2221    .text.SCSI_Read10   usbd_msc_scsi.o
    0x0800b078   0x0800b078   0x00000144   Code   RO         2223    .text.SCSI_Read12   usbd_msc_scsi.o
    0x0800b1bc   0x0800b1bc   0x000000d4   Code   RO         2217    .text.SCSI_ReadCapacity10  usbd_msc_scsi.o
    0x0800b290   0x0800b290   0x0000010c   Code   RO         2219    .text.SCSI_ReadCapacity16  usbd_msc_scsi.o
    0x0800b39c   0x0800b39c   0x000000fc   Code   RO         2215    .text.SCSI_ReadFormatCapacity  usbd_msc_scsi.o
    0x0800b498   0x0800b498   0x00000112   Code   RO         2203    .text.SCSI_RequestSense  usbd_msc_scsi.o
    0x0800b5aa   0x0800b5aa   0x00000002   PAD
    0x0800b5ac   0x0800b5ac   0x00000082   Code   RO         2231    .text.SCSI_SenseCode  usbd_msc_scsi.o
    0x0800b62e   0x0800b62e   0x00000002   PAD
    0x0800b630   0x0800b630   0x000000bc   Code   RO         2207    .text.SCSI_StartStopUnit  usbd_msc_scsi.o
    0x0800b6ec   0x0800b6ec   0x000000be   Code   RO         2201    .text.SCSI_TestUnitReady  usbd_msc_scsi.o
    0x0800b7aa   0x0800b7aa   0x00000002   PAD
    0x0800b7ac   0x0800b7ac   0x0000005c   Code   RO         2233    .text.SCSI_UpdateBotData  usbd_msc_scsi.o
    0x0800b808   0x0800b808   0x00000084   Code   RO         2229    .text.SCSI_Verify10  usbd_msc_scsi.o
    0x0800b88c   0x0800b88c   0x000001ae   Code   RO         2225    .text.SCSI_Write10  usbd_msc_scsi.o
    0x0800ba3a   0x0800ba3a   0x00000002   PAD
    0x0800ba3c   0x0800ba3c   0x000001ba   Code   RO         2227    .text.SCSI_Write12  usbd_msc_scsi.o
    0x0800bbf6   0x0800bbf6   0x00000002   PAD
    0x0800bbf8   0x0800bbf8   0x00000048   Code   RO         1069    .text.SDIO_ConfigData  stm32f4xx_ll_sdmmc.o
    0x0800bc40   0x0800bc40   0x0000000e   Code   RO         1065    .text.SDIO_GetCommandResponse  stm32f4xx_ll_sdmmc.o
    0x0800bc4e   0x0800bc4e   0x00000002   PAD
    0x0800bc50   0x0800bc50   0x00000010   Code   RO         1061    .text.SDIO_GetPowerState  stm32f4xx_ll_sdmmc.o
    0x0800bc60   0x0800bc60   0x00000018   Code   RO         1067    .text.SDIO_GetResponse  stm32f4xx_ll_sdmmc.o
    0x0800bc78   0x0800bc78   0x00000010   Code   RO          139    .text.SDIO_IRQHandler  stm32f4xx_it.o
    0x0800bc88   0x0800bc88   0x0000005a   Code   RO         1051    .text.SDIO_Init     stm32f4xx_ll_sdmmc.o
    0x0800bce2   0x0800bce2   0x00000002   PAD
    0x0800bce4   0x0800bce4   0x00000010   Code   RO         1057    .text.SDIO_PowerState_ON  stm32f4xx_ll_sdmmc.o
    0x0800bcf4   0x0800bcf4   0x0000000e   Code   RO         1053    .text.SDIO_ReadFIFO  stm32f4xx_ll_sdmmc.o
    0x0800bd02   0x0800bd02   0x00000002   PAD
    0x0800bd04   0x0800bd04   0x00000042   Code   RO         1063    .text.SDIO_SendCommand  stm32f4xx_ll_sdmmc.o
    0x0800bd46   0x0800bd46   0x00000002   PAD
    0x0800bd48   0x0800bd48   0x00000016   Code   RO         1055    .text.SDIO_WriteFIFO  stm32f4xx_ll_sdmmc.o
    0x0800bd5e   0x0800bd5e   0x00000002   PAD
    0x0800bd60   0x0800bd60   0x0000003c   Code   RO         1077    .text.SDMMC_CmdBlockLength  stm32f4xx_ll_sdmmc.o
    0x0800bd9c   0x0800bd9c   0x0000002c   Code   RO         1103    .text.SDMMC_CmdGoIdleState  stm32f4xx_ll_sdmmc.o
    0x0800bdc8   0x0800bdc8   0x00000034   Code   RO         1137    .text.SDMMC_CmdOpCondition  stm32f4xx_ll_sdmmc.o
    0x0800bdfc   0x0800bdfc   0x0000003c   Code   RO         1083    .text.SDMMC_CmdReadMultiBlock  stm32f4xx_ll_sdmmc.o
    0x0800be38   0x0800be38   0x0000003c   Code   RO         1081    .text.SDMMC_CmdReadSingleBlock  stm32f4xx_ll_sdmmc.o
    0x0800be74   0x0800be74   0x0000003e   Code   RO         1101    .text.SDMMC_CmdSelDesel  stm32f4xx_ll_sdmmc.o
    0x0800beb2   0x0800beb2   0x00000002   PAD
    0x0800beb4   0x0800beb4   0x00000030   Code   RO         1121    .text.SDMMC_CmdSendCID  stm32f4xx_ll_sdmmc.o
    0x0800bee4   0x0800bee4   0x00000034   Code   RO         1125    .text.SDMMC_CmdSendCSD  stm32f4xx_ll_sdmmc.o
    0x0800bf18   0x0800bf18   0x0000003c   Code   RO         1141    .text.SDMMC_CmdSendEXTCSD  stm32f4xx_ll_sdmmc.o
    0x0800bf54   0x0800bf54   0x0000003c   Code   RO         1133    .text.SDMMC_CmdSendStatus  stm32f4xx_ll_sdmmc.o
    0x0800bf90   0x0800bf90   0x00000042   Code   RO         1131    .text.SDMMC_CmdSetRelAddMmc  stm32f4xx_ll_sdmmc.o
    0x0800bfd2   0x0800bfd2   0x00000002   PAD
    0x0800bfd4   0x0800bfd4   0x0000003c   Code   RO         1099    .text.SDMMC_CmdStopTransfer  stm32f4xx_ll_sdmmc.o
    0x0800c010   0x0800c010   0x0000003c   Code   RO         1139    .text.SDMMC_CmdSwitch  stm32f4xx_ll_sdmmc.o
    0x0800c04c   0x0800c04c   0x0000003c   Code   RO         1087    .text.SDMMC_CmdWriteMultiBlock  stm32f4xx_ll_sdmmc.o
    0x0800c088   0x0800c088   0x0000003c   Code   RO         1085    .text.SDMMC_CmdWriteSingleBlock  stm32f4xx_ll_sdmmc.o
    0x0800c0c4   0x0800c0c4   0x0000005a   Code   RO         1105    .text.SDMMC_GetCmdError  stm32f4xx_ll_sdmmc.o
    0x0800c11e   0x0800c11e   0x00000002   PAD
    0x0800c120   0x0800c120   0x00000246   Code   RO         1079    .text.SDMMC_GetCmdResp1  stm32f4xx_ll_sdmmc.o
    0x0800c366   0x0800c366   0x00000002   PAD
    0x0800c368   0x0800c368   0x000000a8   Code   RO         1123    .text.SDMMC_GetCmdResp2  stm32f4xx_ll_sdmmc.o
    0x0800c410   0x0800c410   0x00000092   Code   RO         1115    .text.SDMMC_GetCmdResp3  stm32f4xx_ll_sdmmc.o
    0x0800c4a2   0x0800c4a2   0x00000002   PAD
    0x0800c4a4   0x0800c4a4   0x00000010   Code   RO          149    .text.SPI4_IRQHandler  stm32f4xx_it.o
    0x0800c4b4   0x0800c4b4   0x00000020   Code   RO         1319    .text.SPI_DMAAbortOnError  stm32f4xx_hal_spi.o
    0x0800c4d4   0x0800c4d4   0x000000e4   Code   RO         1253    .text.SPI_EndRxTransaction  stm32f4xx_hal_spi.o
    0x0800c5b8   0x0800c5b8   0x000000cc   Code   RO         1247    .text.SPI_EndRxTxTransaction  stm32f4xx_hal_spi.o
    0x0800c684   0x0800c684   0x0000012a   Code   RO         1345    .text.SPI_WaitFlagStateUntilTimeout  stm32f4xx_hal_spi.o
    0x0800c7ae   0x0800c7ae   0x00000002   PAD
    0x0800c7b0   0x0800c7b0   0x00000052   Code   RO         1925    .text.STORAGE_GetCapacity_HS  usbd_storage_if.o
    0x0800c802   0x0800c802   0x00000002   PAD
    0x0800c804   0x0800c804   0x00000004   Code   RO         1935    .text.STORAGE_GetMaxLun_HS  usbd_storage_if.o
    0x0800c808   0x0800c808   0x0000000c   Code   RO         1923    .text.STORAGE_Init_HS  usbd_storage_if.o
    0x0800c814   0x0800c814   0x00000030   Code   RO         1927    .text.STORAGE_IsReady_HS  usbd_storage_if.o
    0x0800c844   0x0800c844   0x0000000c   Code   RO         1929    .text.STORAGE_IsWriteProtected_HS  usbd_storage_if.o
    0x0800c850   0x0800c850   0x00000074   Code   RO         1931    .text.STORAGE_Read_HS  usbd_storage_if.o
    0x0800c8c4   0x0800c8c4   0x00000074   Code   RO         1933    .text.STORAGE_Write_HS  usbd_storage_if.o
    0x0800c938   0x0800c938   0x00000002   Code   RO          127    .text.SVC_Handler   stm32f4xx_it.o
    0x0800c93a   0x0800c93a   0x00000002   PAD
    0x0800c93c   0x0800c93c   0x00000036   Code   RO         2096    .text.SWAPBYTE      usbd_ctlreq.o
    0x0800c972   0x0800c972   0x00000002   PAD
    0x0800c974   0x0800c974   0x00000098   Code   RO         1812    .text.SafeCloseCurrentFile  data_fusion.o
    0x0800ca0c   0x0800ca0c   0x00000102   Code   RO         1763    .text.Set_RTC_From_GPZDA_BIN  um980.o
    0x0800cb0e   0x0800cb0e   0x00000002   PAD
    0x0800cb10   0x0800cb10   0x00000052   Code   RO          771    .text.SysTick_Config  stm32f4xx_hal_cortex.o
    0x0800cb62   0x0800cb62   0x00000002   PAD
    0x0800cb64   0x0800cb64   0x00000008   Code   RO          133    .text.SysTick_Handler  stm32f4xx_it.o
    0x0800cb6c   0x0800cb6c   0x000000ca   Code   RO           13    .text.SystemClock_Config  main.o
    0x0800cc36   0x0800cc36   0x00000002   PAD
    0x0800cc38   0x0800cc38   0x00000012   Code   RO         1487    .text.SystemInit    system_stm32f4xx.o
    0x0800cc4a   0x0800cc4a   0x00000002   PAD
    0x0800cc4c   0x0800cc4c   0x00000020   Code   RO         1443    .text.UART_DMAAbortOnError  stm32f4xx_hal_uart.o
    0x0800cc6c   0x0800cc6c   0x00000094   Code   RO         1403    .text.UART_EndRxTransfer  stm32f4xx_hal_uart.o
    0x0800cd00   0x0800cd00   0x00000026   Code   RO         1451    .text.UART_EndTransmit_IT  stm32f4xx_hal_uart.o
    0x0800cd26   0x0800cd26   0x00000002   PAD
    0x0800cd28   0x0800cd28   0x0000016a   Code   RO         1441    .text.UART_Receive_IT  stm32f4xx_hal_uart.o
    0x0800ce92   0x0800ce92   0x00000002   PAD
    0x0800ce94   0x0800ce94   0x0000013a   Code   RO         1359    .text.UART_SetConfig  stm32f4xx_hal_uart.o
    0x0800cfce   0x0800cfce   0x00000002   PAD
    0x0800cfd0   0x0800cfd0   0x00000062   Code   RO         1381    .text.UART_Start_Receive_IT  stm32f4xx_hal_uart.o
    0x0800d032   0x0800d032   0x00000002   PAD
    0x0800d034   0x0800d034   0x00000094   Code   RO         1449    .text.UART_Transmit_IT  stm32f4xx_hal_uart.o
    0x0800d0c8   0x0800d0c8   0x000000da   Code   RO         1373    .text.UART_WaitOnFlagUntilTimeout  stm32f4xx_hal_uart.o
    0x0800d1a2   0x0800d1a2   0x00000002   PAD
    0x0800d1a4   0x0800d1a4   0x00000040   Code   RO         1757    .text.UM980_StatusCheck  um980.o
    0x0800d1e4   0x0800d1e4   0x00000010   Code   RO          135    .text.USART1_IRQHandler  stm32f4xx_it.o
    0x0800d1f4   0x0800d1f4   0x00000010   Code   RO          137    .text.USART2_IRQHandler  stm32f4xx_it.o
    0x0800d204   0x0800d204   0x00000010   Code   RO          145    .text.USART6_IRQHandler  stm32f4xx_it.o
    0x0800d214   0x0800d214   0x00000032   Code   RO         2031    .text.USBD_ClrClassConfig  usbd_core.o
    0x0800d246   0x0800d246   0x00000002   PAD
    0x0800d248   0x0800d248   0x00000040   Code   RO         2086    .text.USBD_ClrFeature  usbd_ctlreq.o
    0x0800d288   0x0800d288   0x0000000e   Code   RO         2039    .text.USBD_CoreFindEP  usbd_core.o
    0x0800d296   0x0800d296   0x00000002   PAD
    0x0800d298   0x0800d298   0x0000000e   Code   RO         2037    .text.USBD_CoreFindIF  usbd_core.o
    0x0800d2a6   0x0800d2a6   0x00000002   PAD
    0x0800d2a8   0x0800d2a8   0x0000001e   Code   RO         2116    .text.USBD_CtlContinueRx  usbd_ioreq.o
    0x0800d2c6   0x0800d2c6   0x00000002   PAD
    0x0800d2c8   0x0800d2c8   0x0000001e   Code   RO         2112    .text.USBD_CtlContinueSendData  usbd_ioreq.o
    0x0800d2e6   0x0800d2e6   0x00000002   PAD
    0x0800d2e8   0x0800d2e8   0x0000001c   Code   RO         2088    .text.USBD_CtlError  usbd_ctlreq.o
    0x0800d304   0x0800d304   0x00000022   Code   RO         2120    .text.USBD_CtlReceiveStatus  usbd_ioreq.o
    0x0800d326   0x0800d326   0x00000002   PAD
    0x0800d328   0x0800d328   0x00000032   Code   RO         2110    .text.USBD_CtlSendData  usbd_ioreq.o
    0x0800d35a   0x0800d35a   0x00000002   PAD
    0x0800d35c   0x0800d35c   0x00000022   Code   RO         2118    .text.USBD_CtlSendStatus  usbd_ioreq.o
    0x0800d37e   0x0800d37e   0x00000002   PAD
    0x0800d380   0x0800d380   0x00000064   Code   RO         2080    .text.USBD_GetConfig  usbd_ctlreq.o
    0x0800d3e4   0x0800d3e4   0x000002d8   Code   RO         2074    .text.USBD_GetDescriptor  usbd_ctlreq.o
    0x0800d6bc   0x0800d6bc   0x00000076   Code   RO         2061    .text.USBD_GetEpDesc  usbd_core.o
    0x0800d732   0x0800d732   0x00000002   PAD
    0x0800d734   0x0800d734   0x00000032   Code   RO         2100    .text.USBD_GetLen   usbd_ctlreq.o
    0x0800d766   0x0800d766   0x00000002   PAD
    0x0800d768   0x0800d768   0x00000026   Code   RO         2063    .text.USBD_GetNextDesc  usbd_core.o
    0x0800d78e   0x0800d78e   0x00000002   PAD
    0x0800d790   0x0800d790   0x00000062   Code   RO         2082    .text.USBD_GetStatus  usbd_ctlreq.o
    0x0800d7f2   0x0800d7f2   0x00000002   PAD
    0x0800d7f4   0x0800d7f4   0x000000bc   Code   RO         2098    .text.USBD_GetString  usbd_ctlreq.o
    0x0800d8b0   0x0800d8b0   0x00000052   Code   RO         1976    .text.USBD_Get_USB_Status  usbd_conf.o
    0x0800d902   0x0800d902   0x00000002   PAD
    0x0800d904   0x0800d904   0x0000004e   Code   RO         1902    .text.USBD_HS_ConfigStrDescriptor  usbd_desc.o
    0x0800d952   0x0800d952   0x00000002   PAD
    0x0800d954   0x0800d954   0x0000001a   Code   RO         1892    .text.USBD_HS_DeviceDescriptor  usbd_desc.o
    0x0800d96e   0x0800d96e   0x00000002   PAD
    0x0800d970   0x0800d970   0x0000004e   Code   RO         1904    .text.USBD_HS_InterfaceStrDescriptor  usbd_desc.o
    0x0800d9be   0x0800d9be   0x00000002   PAD
    0x0800d9c0   0x0800d9c0   0x0000001a   Code   RO         1894    .text.USBD_HS_LangIDStrDescriptor  usbd_desc.o
    0x0800d9da   0x0800d9da   0x00000002   PAD
    0x0800d9dc   0x0800d9dc   0x00000028   Code   RO         1896    .text.USBD_HS_ManufacturerStrDescriptor  usbd_desc.o
    0x0800da04   0x0800da04   0x0000004e   Code   RO         1898    .text.USBD_HS_ProductStrDescriptor  usbd_desc.o
    0x0800da52   0x0800da52   0x00000002   PAD
    0x0800da54   0x0800da54   0x00000020   Code   RO         1900    .text.USBD_HS_SerialStrDescriptor  usbd_desc.o
    0x0800da74   0x0800da74   0x0000006a   Code   RO         2017    .text.USBD_Init     usbd_core.o
    0x0800dade   0x0800dade   0x00000002   PAD
    0x0800dae0   0x0800dae0   0x0000003a   Code   RO         1990    .text.USBD_LL_ClearStallEP  usbd_conf.o
    0x0800db1a   0x0800db1a   0x00000002   PAD
    0x0800db1c   0x0800db1c   0x0000003a   Code   RO         1984    .text.USBD_LL_CloseEP  usbd_conf.o
    0x0800db56   0x0800db56   0x00000002   PAD
    0x0800db58   0x0800db58   0x00000190   Code   RO         2041    .text.USBD_LL_DataInStage  usbd_core.o
    0x0800dce8   0x0800dce8   0x000001b2   Code   RO         2035    .text.USBD_LL_DataOutStage  usbd_core.o
    0x0800de9a   0x0800de9a   0x00000002   PAD
    0x0800de9c   0x0800de9c   0x0000000a   Code   RO         2057    .text.USBD_LL_DevConnected  usbd_core.o
    0x0800dea6   0x0800dea6   0x00000002   PAD
    0x0800dea8   0x0800dea8   0x00000040   Code   RO         2059    .text.USBD_LL_DevDisconnected  usbd_core.o
    0x0800dee8   0x0800dee8   0x0000003a   Code   RO         1986    .text.USBD_LL_FlushEP  usbd_conf.o
    0x0800df22   0x0800df22   0x00000002   PAD
    0x0800df24   0x0800df24   0x0000001c   Code   RO         2000    .text.USBD_LL_GetRxDataSize  usbd_conf.o
    0x0800df40   0x0800df40   0x00000088   Code   RO         1972    .text.USBD_LL_Init  usbd_conf.o
    0x0800dfc8   0x0800dfc8   0x0000005a   Code   RO         1992    .text.USBD_LL_IsStallEP  usbd_conf.o
    0x0800e022   0x0800e022   0x00000002   PAD
    0x0800e024   0x0800e024   0x0000006e   Code   RO         2053    .text.USBD_LL_IsoINIncomplete  usbd_core.o
    0x0800e092   0x0800e092   0x00000002   PAD
    0x0800e094   0x0800e094   0x0000006e   Code   RO         2055    .text.USBD_LL_IsoOUTIncomplete  usbd_core.o
    0x0800e102   0x0800e102   0x00000002   PAD
    0x0800e104   0x0800e104   0x0000004a   Code   RO         1982    .text.USBD_LL_OpenEP  usbd_conf.o
    0x0800e14e   0x0800e14e   0x00000002   PAD
    0x0800e150   0x0800e150   0x00000042   Code   RO         1998    .text.USBD_LL_PrepareReceive  usbd_conf.o
    0x0800e192   0x0800e192   0x00000002   PAD
    0x0800e194   0x0800e194   0x0000009c   Code   RO         2043    .text.USBD_LL_Reset  usbd_core.o
    0x0800e230   0x0800e230   0x00000024   Code   RO         2049    .text.USBD_LL_Resume  usbd_core.o
    0x0800e254   0x0800e254   0x0000003e   Code   RO         2051    .text.USBD_LL_SOF   usbd_core.o
    0x0800e292   0x0800e292   0x00000002   PAD
    0x0800e294   0x0800e294   0x00000016   Code   RO         2045    .text.USBD_LL_SetSpeed  usbd_core.o
    0x0800e2aa   0x0800e2aa   0x00000002   PAD
    0x0800e2ac   0x0800e2ac   0x0000003a   Code   RO         1994    .text.USBD_LL_SetUSBAddress  usbd_conf.o
    0x0800e2e6   0x0800e2e6   0x00000002   PAD
    0x0800e2e8   0x0800e2e8   0x00000094   Code   RO         2033    .text.USBD_LL_SetupStage  usbd_core.o
    0x0800e37c   0x0800e37c   0x0000003a   Code   RO         1988    .text.USBD_LL_StallEP  usbd_conf.o
    0x0800e3b6   0x0800e3b6   0x00000002   PAD
    0x0800e3b8   0x0800e3b8   0x00000032   Code   RO         1978    .text.USBD_LL_Start  usbd_conf.o
    0x0800e3ea   0x0800e3ea   0x00000002   PAD
    0x0800e3ec   0x0800e3ec   0x0000002c   Code   RO         2047    .text.USBD_LL_Suspend  usbd_core.o
    0x0800e418   0x0800e418   0x00000042   Code   RO         1996    .text.USBD_LL_Transmit  usbd_conf.o
    0x0800e45a   0x0800e45a   0x00000002   PAD
    0x0800e45c   0x0800e45c   0x0000001a   Code   RO         2137    .text.USBD_MSC_DataIn  usbd_msc.o
    0x0800e476   0x0800e476   0x00000002   PAD
    0x0800e478   0x0800e478   0x0000001a   Code   RO         2139    .text.USBD_MSC_DataOut  usbd_msc.o
    0x0800e492   0x0800e492   0x00000002   PAD
    0x0800e494   0x0800e494   0x000000a6   Code   RO         2133    .text.USBD_MSC_DeInit  usbd_msc.o
    0x0800e53a   0x0800e53a   0x00000002   PAD
    0x0800e53c   0x0800e53c   0x00000016   Code   RO         2147    .text.USBD_MSC_GetDeviceQualifierDescriptor  usbd_msc.o
    0x0800e552   0x0800e552   0x00000002   PAD
    0x0800e554   0x0800e554   0x00000052   Code   RO         2143    .text.USBD_MSC_GetFSCfgDesc  usbd_msc.o
    0x0800e5a6   0x0800e5a6   0x00000002   PAD
    0x0800e5a8   0x0800e5a8   0x00000056   Code   RO         2141    .text.USBD_MSC_GetHSCfgDesc  usbd_msc.o
    0x0800e5fe   0x0800e5fe   0x00000002   PAD
    0x0800e600   0x0800e600   0x00000052   Code   RO         2145    .text.USBD_MSC_GetOtherSpeedCfgDesc  usbd_msc.o
    0x0800e652   0x0800e652   0x00000002   PAD
    0x0800e654   0x0800e654   0x00000138   Code   RO         2131    .text.USBD_MSC_Init  usbd_msc.o
    0x0800e78c   0x0800e78c   0x00000034   Code   RO         2149    .text.USBD_MSC_RegisterStorage  usbd_msc.o
    0x0800e7c0   0x0800e7c0   0x000001fc   Code   RO         2135    .text.USBD_MSC_Setup  usbd_msc.o
    0x0800e9bc   0x0800e9bc   0x00000062   Code   RO         2094    .text.USBD_ParseSetupRequest  usbd_ctlreq.o
    0x0800ea1e   0x0800ea1e   0x00000002   PAD
    0x0800ea20   0x0800ea20   0x00000072   Code   RO         2021    .text.USBD_RegisterClass  usbd_core.o
    0x0800ea92   0x0800ea92   0x00000002   PAD
    0x0800ea94   0x0800ea94   0x0000000a   Code   RO         2027    .text.USBD_RunTestMode  usbd_core.o
    0x0800ea9e   0x0800ea9e   0x00000002   PAD
    0x0800eaa0   0x0800eaa0   0x0000008c   Code   RO         2076    .text.USBD_SetAddress  usbd_ctlreq.o
    0x0800eb2c   0x0800eb2c   0x00000036   Code   RO         2029    .text.USBD_SetClassConfig  usbd_core.o
    0x0800eb62   0x0800eb62   0x00000002   PAD
    0x0800eb64   0x0800eb64   0x0000017e   Code   RO         2078    .text.USBD_SetConfig  usbd_ctlreq.o
    0x0800ece2   0x0800ece2   0x00000002   PAD
    0x0800ece4   0x0800ece4   0x0000004e   Code   RO         2084    .text.USBD_SetFeature  usbd_ctlreq.o
    0x0800ed32   0x0800ed32   0x00000002   PAD
    0x0800ed34   0x0800ed34   0x00000010   Code   RO         2023    .text.USBD_Start    usbd_core.o
    0x0800ed44   0x0800ed44   0x000000cc   Code   RO         2072    .text.USBD_StdDevReq  usbd_ctlreq.o
    0x0800ee10   0x0800ee10   0x000003ac   Code   RO         2092    .text.USBD_StdEPReq  usbd_ctlreq.o
    0x0800f1bc   0x0800f1bc   0x000000f4   Code   RO         2090    .text.USBD_StdItfReq  usbd_ctlreq.o
    0x0800f2b0   0x0800f2b0   0x00000008   Code   RO         2004    .text.USBD_static_free  usbd_conf.o
    0x0800f2b8   0x0800f2b8   0x00000010   Code   RO         2002    .text.USBD_static_malloc  usbd_conf.o
    0x0800f2c8   0x0800f2c8   0x000000de   Code   RO          366    .text.USB_ActivateEndpoint  stm32f4xx_ll_usb.o
    0x0800f3a6   0x0800f3a6   0x00000002   PAD
    0x0800f3a8   0x0800f3a8   0x0000002c   Code   RO          408    .text.USB_ActivateSetup  stm32f4xx_ll_usb.o
    0x0800f3d4   0x0800f3d4   0x000000d6   Code   RO          342    .text.USB_CoreInit  stm32f4xx_ll_usb.o
    0x0800f4aa   0x0800f4aa   0x00000002   PAD
    0x0800f4ac   0x0800f4ac   0x00000076   Code   RO          344    .text.USB_CoreReset  stm32f4xx_ll_usb.o
    0x0800f522   0x0800f522   0x00000002   PAD
    0x0800f524   0x0800f524   0x00000138   Code   RO          370    .text.USB_DeactivateEndpoint  stm32f4xx_ll_usb.o
    0x0800f65c   0x0800f65c   0x0000002a   Code   RO          390    .text.USB_DevConnect  stm32f4xx_ll_usb.o
    0x0800f686   0x0800f686   0x00000002   PAD
    0x0800f688   0x0800f688   0x0000002a   Code   RO          392    .text.USB_DevDisconnect  stm32f4xx_ll_usb.o
    0x0800f6b2   0x0800f6b2   0x00000002   PAD
    0x0800f6b4   0x0800f6b4   0x0000029a   Code   RO          356    .text.USB_DevInit   stm32f4xx_ll_usb.o
    0x0800f94e   0x0800f94e   0x00000002   PAD
    0x0800f950   0x0800f950   0x00000014   Code   RO          350    .text.USB_DisableGlobalInt  stm32f4xx_ll_usb.o
    0x0800f964   0x0800f964   0x0000009e   Code   RO          410    .text.USB_EP0_OutStart  stm32f4xx_ll_usb.o
    0x0800fa02   0x0800fa02   0x00000002   PAD
    0x0800fa04   0x0800fa04   0x000000a0   Code   RO          384    .text.USB_EPClearStall  stm32f4xx_ll_usb.o
    0x0800faa4   0x0800faa4   0x000000a8   Code   RO          382    .text.USB_EPSetStall  stm32f4xx_ll_usb.o
    0x0800fb4c   0x0800fb4c   0x000003f8   Code   RO          374    .text.USB_EPStartXfer  stm32f4xx_ll_usb.o
    0x0800ff44   0x0800ff44   0x0000011c   Code   RO          378    .text.USB_EPStopXfer  stm32f4xx_ll_usb.o
    0x08010060   0x08010060   0x00000014   Code   RO          348    .text.USB_EnableGlobalInt  stm32f4xx_ll_usb.o
    0x08010074   0x08010074   0x00000074   Code   RO          362    .text.USB_FlushRxFifo  stm32f4xx_ll_usb.o
    0x080100e8   0x080100e8   0x0000007a   Code   RO          360    .text.USB_FlushTxFifo  stm32f4xx_ll_usb.o
    0x08010162   0x08010162   0x00000002   PAD
    0x08010164   0x08010164   0x0000004c   Code   RO          364    .text.USB_GetDevSpeed  stm32f4xx_ll_usb.o
    0x080101b0   0x080101b0   0x00000010   Code   RO          354    .text.USB_GetMode   stm32f4xx_ll_usb.o
    0x080101c0   0x080101c0   0x00000024   Code   RO          400    .text.USB_ReadDevAllInEpInterrupt  stm32f4xx_ll_usb.o
    0x080101e4   0x080101e4   0x00000024   Code   RO          398    .text.USB_ReadDevAllOutEpInterrupt  stm32f4xx_ll_usb.o
    0x08010208   0x08010208   0x0000004e   Code   RO          404    .text.USB_ReadDevInEPInterrupt  stm32f4xx_ll_usb.o
    0x08010256   0x08010256   0x00000002   PAD
    0x08010258   0x08010258   0x0000002e   Code   RO          402    .text.USB_ReadDevOutEPInterrupt  stm32f4xx_ll_usb.o
    0x08010286   0x08010286   0x00000002   PAD
    0x08010288   0x08010288   0x0000001a   Code   RO          394    .text.USB_ReadInterrupts  stm32f4xx_ll_usb.o
    0x080102a2   0x080102a2   0x00000002   PAD
    0x080102a4   0x080102a4   0x000000b4   Code   RO          380    .text.USB_ReadPacket  stm32f4xx_ll_usb.o
    0x08010358   0x08010358   0x000000de   Code   RO          352    .text.USB_SetCurrentMode  stm32f4xx_ll_usb.o
    0x08010436   0x08010436   0x00000002   PAD
    0x08010438   0x08010438   0x00000036   Code   RO          388    .text.USB_SetDevAddress  stm32f4xx_ll_usb.o
    0x0801046e   0x0801046e   0x00000002   PAD
    0x08010470   0x08010470   0x00000022   Code   RO          358    .text.USB_SetDevSpeed  stm32f4xx_ll_usb.o
    0x08010492   0x08010492   0x00000002   PAD
    0x08010494   0x08010494   0x000001ba   Code   RO          346    .text.USB_SetTurnaroundTime  stm32f4xx_ll_usb.o
    0x0801064e   0x0801064e   0x00000002   PAD
    0x08010650   0x08010650   0x00000082   Code   RO          376    .text.USB_WritePacket  stm32f4xx_ll_usb.o
    0x080106d2   0x080106d2   0x00000002   PAD
    0x080106d4   0x080106d4   0x0000005c   Code   RO          168    .text.USER_initialize  user_diskio.o
    0x08010730   0x08010730   0x0000008c   Code   RO          176    .text.USER_ioctl    user_diskio.o
    0x080107bc   0x080107bc   0x00000062   Code   RO          172    .text.USER_read     user_diskio.o
    0x0801081e   0x0801081e   0x00000002   PAD
    0x08010820   0x08010820   0x0000005e   Code   RO          170    .text.USER_status   user_diskio.o
    0x0801087e   0x0801087e   0x00000002   PAD
    0x08010880   0x08010880   0x00000062   Code   RO          174    .text.USER_write    user_diskio.o
    0x080108e2   0x080108e2   0x00000002   PAD
    0x080108e4   0x080108e4   0x000001e4   Code   RO          216    .text.UpdateConfigUseTimeFlag  fatfs.o
    0x08010ac8   0x08010ac8   0x00000004   Code   RO          125    .text.UsageFault_Handler  stm32f4xx_it.o
    0x08010acc   0x08010acc   0x00000048   Code   RO         1731    .text.Wait_DRDY     ads1285.o
    0x08010b14   0x08010b14   0x00000038   Code   RO          763    .text.__NVIC_DisableIRQ  stm32f4xx_hal_cortex.o
    0x08010b4c   0x08010b4c   0x00000030   Code   RO          759    .text.__NVIC_EnableIRQ  stm32f4xx_hal_cortex.o
    0x08010b7c   0x08010b7c   0x00000010   Code   RO          751    .text.__NVIC_GetPriorityGrouping  stm32f4xx_hal_cortex.o
    0x08010b8c   0x08010b8c   0x00000042   Code   RO          753    .text.__NVIC_SetPriority  stm32f4xx_hal_cortex.o
    0x08010bce   0x08010bce   0x00000002   PAD
    0x08010bd0   0x08010bd0   0x0000003c   Code   RO          747    .text.__NVIC_SetPriorityGrouping  stm32f4xx_hal_cortex.o
    0x08010c0c   0x08010c0c   0x000000bc   Code   RO         1630    .text.check_fs      ff.o
    0x08010cc8   0x08010cc8   0x0000003c   Code   RO         1636    .text.chk_chr       ff.o
    0x08010d04   0x08010d04   0x000000fc   Code   RO         1532    .text.chk_lock      ff.o
    0x08010e00   0x08010e00   0x00000048   Code   RO         1524    .text.clear_lock    ff.o
    0x08010e48   0x08010e48   0x00000068   Code   RO         1562    .text.clmt_clust    ff.o
    0x08010eb0   0x08010eb0   0x00000036   Code   RO         1556    .text.clust2sect    ff.o
    0x08010ee6   0x08010ee6   0x00000002   PAD
    0x08010ee8   0x08010ee8   0x000000ec   Code   RO         1638    .text.cmp_lfn       ff.o
    0x08010fd4   0x08010fd4   0x00000158   Code   RO         1568    .text.create_chain  ff.o
    0x0801112c   0x0801112c   0x000004bc   Code   RO         1632    .text.create_name   ff.o
    0x080115e8   0x080115e8   0x00000094   Code   RO         1578    .text.dec_lock      ff.o
    0x0801167c   0x0801167c   0x000000a2   Code   RO         1646    .text.dir_alloc     ff.o
    0x0801171e   0x0801171e   0x00000002   PAD
    0x08011720   0x08011720   0x000001c2   Code   RO         1634    .text.dir_find      ff.o
    0x080118e2   0x080118e2   0x00000002   PAD
    0x080118e4   0x080118e4   0x000001b4   Code   RO         1594    .text.dir_next      ff.o
    0x08011a98   0x08011a98   0x00000184   Code   RO         1590    .text.dir_read      ff.o
    0x08011c1c   0x08011c1c   0x00000210   Code   RO         1536    .text.dir_register  ff.o
    0x08011e2c   0x08011e2c   0x000000a6   Code   RO         1606    .text.dir_remove    ff.o
    0x08011ed2   0x08011ed2   0x00000002   PAD
    0x08011ed4   0x08011ed4   0x0000011a   Code   RO         1584    .text.dir_sdi       ff.o
    0x08011fee   0x08011fee   0x00000002   PAD
    0x08011ff0   0x08011ff0   0x00000062   Code   RO         1503    .text.disk_initialize  diskio.o
    0x08012052   0x08012052   0x00000002   PAD
    0x08012054   0x08012054   0x0000003a   Code   RO         1509    .text.disk_ioctl    diskio.o
    0x0801208e   0x0801208e   0x00000002   PAD
    0x08012090   0x08012090   0x0000003c   Code   RO         1505    .text.disk_read     diskio.o
    0x080120cc   0x080120cc   0x0000002e   Code   RO         1501    .text.disk_status   diskio.o
    0x080120fa   0x080120fa   0x00000002   PAD
    0x080120fc   0x080120fc   0x0000003c   Code   RO         1507    .text.disk_write    diskio.o
    0x08012138   0x08012138   0x0000004a   Code   RO         1534    .text.enq_lock      ff.o
    0x08012182   0x08012182   0x00000002   PAD
    0x08012184   0x08012184   0x0000014c   Code   RO         1761    .text.extract_time  um980.o
    0x080122d0   0x080122d0   0x00000054   Code   RO         1576    .text.f_close       ff.o
    0x08012324   0x08012324   0x0000004a   Code   RO         1586    .text.f_closedir    ff.o
    0x0801236e   0x0801236e   0x00000002   PAD
    0x08012370   0x08012370   0x00000166   Code   RO         1598    .text.f_getfree     ff.o
    0x080124d6   0x080124d6   0x00000002   PAD
    0x080124d8   0x080124d8   0x0000008a   Code   RO         1616    .text.f_gets        ff.o
    0x08012562   0x08012562   0x00000002   PAD
    0x08012564   0x08012564   0x00000448   Code   RO         1580    .text.f_lseek       ff.o
    0x080129ac   0x080129ac   0x00000206   Code   RO         1608    .text.f_mkdir       ff.o
    0x08012bb2   0x08012bb2   0x00000002   PAD
    0x08012bb4   0x08012bb4   0x00000910   Code   RO         1614    .text.f_mkfs        ff.o
    0x080134c4   0x080134c4   0x000000a4   Code   RO         1520    .text.f_mount       ff.o
    0x08013568   0x08013568   0x000003aa   Code   RO         1528    .text.f_open        ff.o
    0x08013912   0x08013912   0x00000002   PAD
    0x08013914   0x08013914   0x0000011a   Code   RO         1582    .text.f_opendir     ff.o
    0x08013a2e   0x08013a2e   0x00000002   PAD
    0x08013a30   0x08013a30   0x00000282   Code   RO         1558    .text.f_read        ff.o
    0x08013cb2   0x08013cb2   0x00000002   PAD
    0x08013cb4   0x08013cb4   0x00000094   Code   RO         1588    .text.f_readdir     ff.o
    0x08013d48   0x08013d48   0x000001ca   Code   RO         1612    .text.f_rename      ff.o
    0x08013f12   0x08013f12   0x00000002   PAD
    0x08013f14   0x08013f14   0x000000e8   Code   RO         1570    .text.f_sync        ff.o
    0x08013ffc   0x08013ffc   0x00000146   Code   RO         1604    .text.f_unlink      ff.o
    0x08014142   0x08014142   0x00000002   PAD
    0x08014144   0x08014144   0x000002ee   Code   RO         1566    .text.f_write       ff.o
    0x08014432   0x08014432   0x00000002   PAD
    0x08014434   0x08014434   0x000000cc   Code   RO         1687    .text.ff_convert    cc936.o
    0x08014500   0x08014500   0x0000013a   Code   RO         1689    .text.ff_wtoupper   cc936.o
    0x0801463a   0x0801463a   0x00000002   PAD
    0x0801463c   0x0801463c   0x000004d6   Code   RO         1526    .text.find_volume   ff.o
    0x08014b12   0x08014b12   0x00000002   PAD
    0x08014b14   0x08014b14   0x00000102   Code   RO         1530    .text.follow_path   ff.o
    0x08014c16   0x08014c16   0x00000002   PAD
    0x08014c18   0x08014c18   0x00000030   Code   RO          105    .text.fputc         usart.o
    0x08014c48   0x08014c48   0x00000176   Code   RO         1644    .text.gen_numname   ff.o
    0x08014dbe   0x08014dbe   0x00000002   PAD
    0x08014dc0   0x08014dc0   0x00000132   Code   RO         1554    .text.get_fat       ff.o
    0x08014ef2   0x08014ef2   0x00000002   PAD
    0x08014ef4   0x08014ef4   0x0000005a   Code   RO          194    .text.get_fattime   fatfs.o
    0x08014f4e   0x08014f4e   0x00000002   PAD
    0x08014f50   0x08014f50   0x000001ea   Code   RO         1592    .text.get_fileinfo  ff.o
    0x0801513a   0x0801513a   0x00000002   PAD
    0x0801513c   0x0801513c   0x000000a8   Code   RO         1522    .text.get_ldnumber  ff.o
    0x080151e4   0x080151e4   0x000000b6   Code   RO         1765    .text.handleDateOverflow  um980.o
    0x0801529a   0x0801529a   0x00000002   PAD
    0x0801529c   0x0801529c   0x00000158   Code   RO         1548    .text.inc_lock      ff.o
    0x080153f4   0x080153f4   0x0000007a   Code   RO         1767    .text.isLeapYear    um980.o
    0x0801546e   0x0801546e   0x00000002   PAD
    0x08015470   0x08015470   0x00000036   Code   RO         1540    .text.ld_clust      ff.o
    0x080154a6   0x080154a6   0x00000002   PAD
    0x080154a8   0x080154a8   0x00000034   Code   RO         1550    .text.ld_dword      ff.o
    0x080154dc   0x080154dc   0x00000024   Code   RO         1600    .text.ld_word       ff.o
    0x08015500   0x08015500   0x000000ca   Code   RO           11    .text.main          main.o
    0x080155ca   0x080155ca   0x00000002   PAD
    0x080155cc   0x080155cc   0x00000056   Code   RO         1642    .text.mem_cmp       ff.o
    0x08015622   0x08015622   0x00000002   PAD
    0x08015624   0x08015624   0x0000003c   Code   RO         1564    .text.mem_cpy       ff.o
    0x08015660   0x08015660   0x0000002a   Code   RO         1552    .text.mem_set       ff.o
    0x0801568a   0x0801568a   0x00000002   PAD
    0x0801568c   0x0801568c   0x0000005e   Code   RO         1546    .text.move_window   ff.o
    0x080156ea   0x080156ea   0x00000002   PAD
    0x080156ec   0x080156ec   0x000000d4   Code   RO         1652    .text.pick_lfn      ff.o
    0x080157c0   0x080157c0   0x000001b2   Code   RO         1650    .text.put_fat       ff.o
    0x08015972   0x08015972   0x00000002   PAD
    0x08015974   0x08015974   0x000000d0   Code   RO         1648    .text.put_lfn       ff.o
    0x08015a44   0x08015a44   0x000000f4   Code   RO         1544    .text.remove_chain  ff.o
    0x08015b38   0x08015b38   0x00000032   Code   RO         1542    .text.st_clust      ff.o
    0x08015b6a   0x08015b6a   0x00000002   PAD
    0x08015b6c   0x08015b6c   0x00000044   Code   RO         1538    .text.st_dword      ff.o
    0x08015bb0   0x08015bb0   0x0000002c   Code   RO         1572    .text.st_word       ff.o
    0x08015bdc   0x08015bdc   0x0000003e   Code   RO         1640    .text.sum_sfn       ff.o
    0x08015c1a   0x08015c1a   0x00000002   PAD
    0x08015c1c   0x08015c1c   0x000000c8   Code   RO         1574    .text.sync_fs       ff.o
    0x08015ce4   0x08015ce4   0x0000008a   Code   RO         1610    .text.sync_window   ff.o
    0x08015d6e   0x08015d6e   0x00000002   PAD
    0x08015d70   0x08015d70   0x000000d6   Code   RO         1759    .text.valid_GPZDA   um980.o
    0x08015e46   0x08015e46   0x00000002   PAD
    0x08015e48   0x08015e48   0x00000072   Code   RO         1560    .text.validate      ff.o
    0x08015eba   0x08015eba   0x00000002   PAD
    0x08015ebc   0x08015ebc   0x00000020   Code   RO         2279    i.__0printf         mc_w.l(printfa.o)
    0x08015edc   0x08015edc   0x00000034   Code   RO         2280    i.__0snprintf       mc_w.l(printfa.o)
    0x08015f10   0x08015f10   0x00000008   Code   RO         2346    i.__aeabi_errno_addr  mc_w.l(errno.o)
    0x08015f18   0x08015f18   0x0000000e   Code   RO         2429    i.__scatterload_copy  mc_w.l(handlers.o)
    0x08015f26   0x08015f26   0x00000002   Code   RO         2430    i.__scatterload_null  mc_w.l(handlers.o)
    0x08015f28   0x08015f28   0x0000000e   Code   RO         2431    i.__scatterload_zeroinit  mc_w.l(handlers.o)
    0x08015f36   0x08015f36   0x00000002   PAD
    0x08015f38   0x08015f38   0x00000184   Code   RO         2286    i._fp_digits        mc_w.l(printfa.o)
    0x080160bc   0x080160bc   0x0000000e   Code   RO         2361    i._is_digit         mc_w.l(scanf_fp.o)
    0x080160ca   0x080160ca   0x00000002   PAD
    0x080160cc   0x080160cc   0x000006dc   Code   RO         2287    i._printf_core      mc_w.l(printfa.o)
    0x080167a8   0x080167a8   0x00000024   Code   RO         2288    i._printf_post_padding  mc_w.l(printfa.o)
    0x080167cc   0x080167cc   0x0000002e   Code   RO         2289    i._printf_pre_padding  mc_w.l(printfa.o)
    0x080167fa   0x080167fa   0x00000016   Code   RO         2290    i._snputc           mc_w.l(printfa.o)
    0x08016810   0x08016810   0x00000081   Data   RO         2389    .constdata          mc_w.l(ctype_o.o)
    0x08016891   0x08016891   0x00000003   PAD
    0x08016894   0x08016894   0x00000004   Data   RO         2390    .constdata          mc_w.l(ctype_o.o)
    0x08016898   0x08016898   0x00000030   Data   RO         1789    .rodata..L__const.handleDateOverflow.daysInMonth  um980.o
    0x080168c8   0x080168c8   0x00000010   Data   RO         1492    .rodata.AHBPrescTable  system_stm32f4xx.o
    0x080168d8   0x080168d8   0x00000008   Data   RO         1493    .rodata.APBPrescTable  system_stm32f4xx.o
    0x080168e0   0x080168e0   0x00000008   Data   RO          671    .rodata.DMA_CalcBaseAndBitshift.flagBitshiftOffset  stm32f4xx_hal_dma.o
    0x080168e8   0x080168e8   0x0000000d   Data   RO         1660    .rodata.LfnOfs      ff.o
    0x080168f5   0x080168f5   0x00000024   Data   RO         1937    .rodata.STORAGE_Inquirydata_HS  usbd_storage_if.o
    0x08016919   0x08016919   0x00000020   Data   RO          234    .rodata.cst32       fatfs.o
    0x08016939   0x08016939   0x00000001   PAD
    0x0801693a   0x0801693a   0x0000000e   Data   RO         1655    .rodata.f_mkfs.cst  ff.o
    0x08016948   0x08016948   0x0000000e   Data   RO         1656    .rodata.f_mkfs.cst32  ff.o
    0x08016956   0x08016956   0x000001f2   Data   RO         1693    .rodata.ff_wtoupper.cvt1  cc936.o
    0x08016b48   0x08016b48   0x000000bc   Data   RO         1694    .rodata.ff_wtoupper.cvt2  cc936.o
    0x08016c04   0x08016c04   0x00015484   Data   RO         1691    .rodata.oem2uni     cc936.o
    0x0802c088   0x0802c088   0x00000015   Data   RO           21    .rodata.str1.1      main.o
    0x0802c09d   0x0802c09d   0x00000004   Data   RO           69    .rodata.str1.1      sdio.o
    0x0802c0a1   0x0802c0a1   0x000006d1   Data   RO          226    .rodata.str1.1      fatfs.o
    0x0802c772   0x0802c772   0x00000044   Data   RO         1657    .rodata.str1.1      ff.o
    0x0802c7b6   0x0802c7b6   0x0000002d   Data   RO         1748    .rodata.str1.1      ads1285.o
    0x0802c7e3   0x0802c7e3   0x000000fc   Data   RO         1788    .rodata.str1.1      um980.o
    0x0802c8df   0x0802c8df   0x00000277   Data   RO         1835    .rodata.str1.1      data_fusion.o
    0x0802cb56   0x0802cb56   0x0000003f   Data   RO         1914    .rodata.str1.1      usbd_desc.o
    0x0802cb95   0x0802cb95   0x00000001   PAD
    0x0802cb96   0x0802cb96   0x00015484   Data   RO         1692    .rodata.uni2oem     cc936.o
    0x0804201a   0x0804201a   0x00000002   PAD
    0x0804201c   0x0804201c   0x00000020   Data   RO         2428    Region$$Table       anon$$obj.o


    Execution Region RW_IRAM2 (Exec base: 0x10000000, Load base: 0x08042130, Size: 0x00000000, Max: 0x00010000, ABSOLUTE)

    **** No section assigned to this execution region ****


    Execution Region RW_IRAM1 (Exec base: 0x20000000, Load base: 0x08042040, Size: 0x0001ab30, Max: 0x00030000, ABSOLUTE, COMPRESSED[0x000000f0])

    Exec Addr    Load Addr    Size         Type   Attr      Idx    E Section Name        Object

    0x20000000   COMPRESSED   0x00000004   Data   RW         2269    .data               mc_w.l(strtok.o)
    0x20000004   COMPRESSED   0x00000004   Data   RW         2330    .data               mc_w.l(stdout.o)
    0x20000008   COMPRESSED   0x00000004   Data   RW         2349    .data               mc_w.l(errno.o)
    0x2000000c   COMPRESSED   0x0000001c   Data   RW         1910    .data.HS_Desc       usbd_desc.o
    0x20000028   COMPRESSED   0x00000001   Data   RW         2152    .data.MSCInEpAdd    usbd_msc.o
    0x20000029   COMPRESSED   0x00000001   Data   RW         2153    .data.MSCOutEpAdd   usbd_msc.o
    0x2000002a   COMPRESSED   0x00000008   Data   RW         2193    .data.MSC_Mode_Sense10_data  usbd_msc_data.o
    0x20000032   COMPRESSED   0x00000004   Data   RW         2192    .data.MSC_Mode_Sense6_data  usbd_msc_data.o
    0x20000036   COMPRESSED   0x00000006   Data   RW         2190    .data.MSC_Page00_Inquiry_Data  usbd_msc_data.o
    0x2000003c   COMPRESSED   0x00000008   Data   RW         2191    .data.MSC_Page80_Inquiry_Data  usbd_msc_data.o
    0x20000044   COMPRESSED   0x00000001   Data   RW          180    .data.Stat          user_diskio.o
    0x20000045   COMPRESSED   0x00000003   PAD
    0x20000048   COMPRESSED   0x00000004   Data   RW         1491    .data.SystemCoreClock  system_stm32f4xx.o
    0x2000004c   COMPRESSED   0x00000012   Data   RW         1911    .data.USBD_HS_DeviceDesc  usbd_desc.o
    0x2000005e   COMPRESSED   0x00000002   PAD
    0x20000060   COMPRESSED   0x00000004   Data   RW         1912    .data.USBD_LangIDDesc  usbd_desc.o
    0x20000064   COMPRESSED   0x00000038   Data   RW         2151    .data.USBD_MSC      usbd_msc.o
    0x2000009c   COMPRESSED   0x00000020   Data   RW         2154    .data.USBD_MSC_CfgDesc  usbd_msc.o
    0x200000bc   COMPRESSED   0x0000000a   Data   RW         2155    .data.USBD_MSC_DeviceQualifierDesc  usbd_msc.o
    0x200000c6   COMPRESSED   0x00000002   PAD
    0x200000c8   COMPRESSED   0x00000020   Data   RW         1938    .data.USBD_Storage_Interface_fops_HS  usbd_storage_if.o
    0x200000e8   COMPRESSED   0x0000001a   Data   RW         1913    .data.USBD_StringSerial  usbd_desc.o
    0x20000102   COMPRESSED   0x00000002   PAD
    0x20000104   COMPRESSED   0x00000014   Data   RW          178    .data.USER_Driver   user_diskio.o
    0x20000118   COMPRESSED   0x00000001   Data   RW          223    .data.currentFileDay  fatfs.o
    0x20000119   COMPRESSED   0x00000001   Data   RW          224    .data.currentFileHour  fatfs.o
    0x2000011a   COMPRESSED   0x00000001   Data   RW          222    .data.currentFileMonth  fatfs.o
    0x2000011b   COMPRESSED   0x00000001   Data   RW          221    .data.currentFileYear  fatfs.o
    0x2000011c   COMPRESSED   0x0000002c   Data   RW          220    .data.g_config      fatfs.o
    0x20000148   COMPRESSED   0x00000004   Data   RW         1826    .data.syncIntervalMs  data_fusion.o
    0x2000014c   COMPRESSED   0x00000001   Data   RW         1833    .data.systemState   data_fusion.o
    0x2000014d   COMPRESSED   0x0000000a   Data   RW         1780    .data.tx_buffer     um980.o
    0x20000157   COMPRESSED   0x00000001   Data   RW          881    .data.uwTickFreq    stm32f4xx_hal.o
    0x20000158   COMPRESSED   0x00000004   Data   RW          880    .data.uwTickPrio    stm32f4xx_hal.o
    0x2000015c   COMPRESSED   0x00000004   PAD
    0x20000160        -       0x00000230   Zero   RW          225    .bss.FATFS_CreateRawDataFileWithTimestamp.file  fatfs.o
    0x20000390        -       0x00000004   Zero   RW         1654    .bss.FatFs          ff.o
    0x20000394        -       0x00000040   Zero   RW         1658    .bss.Files          ff.o
    0x200003d4        -       0x00000001   Zero   RW         1842    .bss.FlushBufferToSD.writeCount  data_fusion.o
    0x200003d5   COMPRESSED   0x00000001   PAD
    0x200003d6        -       0x00000002   Zero   RW         1659    .bss.Fsid           ff.o
    0x200003d8        -       0x00000004   Zero   RW         1834    .bss.MainLoop_StateMachine.usbDisconnectTick  data_fusion.o
    0x200003dc        -       0x00000004   Zero   RW         1841    .bss.ProcessSubStateMachine.lastReportTick  data_fusion.o
    0x200003e0        -       0x00000004   Zero   RW         1838    .bss.ProcessSubStateMachine.lastSpaceCheck  data_fusion.o
    0x200003e4        -       0x00000001   Zero   RW         2102    .bss.USBD_SetConfig.cfgidx  usbd_ctlreq.o
    0x200003e5   COMPRESSED   0x00000003   PAD
    0x200003e8        -       0x00000200   Zero   RW         1915    .bss.USBD_StrDesc   usbd_desc.o
    0x200005e8        -       0x00000878   Zero   RW         2009    .bss.USBD_static_malloc.mem  usbd_conf.o
    0x20000e60        -       0x00000004   Zero   RW          227    .bss.USERPath       fatfs.o
    0x20000e64        -       0x00000001   Zero   RW         1832    .bss.appState       data_fusion.o
    0x20000e65   COMPRESSED   0x00000003   PAD
    0x20000e68        -       0x00000004   Zero   RW         1827    .bss.bufferFullCount  data_fusion.o
    0x20000e6c        -       0x00000004   Zero   RW         1829    .bss.bufferOverrunCount  data_fusion.o
    0x20000e70        -       0x0000000c   Zero   RW         1678    .bss.disk           ff_gen_drv.o
    0x20000e7c        -       0x0000001c   Zero   RW          179    .bss.emmc_info      user_diskio.o
    0x20000e98        -       0x00000001   Zero   RW         1836    .bss.fileCreated    data_fusion.o
    0x20000e99   COMPRESSED   0x00000003   PAD
    0x20000e9c        -       0x00000234   Zero   RW          229    .bss.fs             fatfs.o
    0x200010d0        -       0x00017728   Zero   RW         1830    .bss.g_bufferSystem  data_fusion.o
    0x200187f8        -       0x00000080   Zero   RW         1782    .bss.gnssBuffer     um980.o
    0x20018878        -       0x00000001   Zero   RW         1781    .bss.gnssByte       um980.o
    0x20018879        -       0x00000001   Zero   RW         1783    .bss.gnssIndex      um980.o
    0x2001887a        -       0x00000001   Zero   RW         1787    .bss.gnssReady      um980.o
    0x2001887b   COMPRESSED   0x00000001   PAD
    0x2001887c        -       0x000002dc   Zero   RW         1885    .bss.hUsbDeviceHS   usb_device.o
    0x20018b58        -       0x0000001c   Zero   RW         1749    .bss.hads1285       ads1285.o
    0x20018b74        -       0x00000060   Zero   RW           71    .bss.hdma_sdio_rx   sdio.o
    0x20018bd4        -       0x00000060   Zero   RW           70    .bss.hdma_sdio_tx   sdio.o
    0x20018c34        -       0x00000280   Zero   RW           68    .bss.hmmc           sdio.o
    0x20018eb4        -       0x000004e4   Zero   RW         2008    .bss.hpcd_USB_OTG_HS  usbd_conf.o
    0x20019398        -       0x00000020   Zero   RW           52    .bss.hrtc           rtc.o
    0x200193b8        -       0x00000058   Zero   RW           85    .bss.hspi4          spi.o
    0x20019410        -       0x00000048   Zero   RW          107    .bss.huart1         usart.o
    0x20019458        -       0x00000048   Zero   RW          108    .bss.huart2         usart.o
    0x200194a0        -       0x00000048   Zero   RW          109    .bss.huart6         usart.o
    0x200194e8        -       0x00000004   Zero   RW         1825    .bss.lastSyncTime   data_fusion.o
    0x200194ec        -       0x00000001   Zero   RW         1831    .bss.needTimeSync   data_fusion.o
    0x200194ed   COMPRESSED   0x00000003   PAD
    0x200194f0        -       0x00000230   Zero   RW         1837    .bss.rawDataFile    data_fusion.o
    0x20019720        -       0x00000001   Zero   RW          230    .bss.res            fatfs.o
    0x20019721        -       0x00000001   Zero   RW          228    .bss.retUSER        fatfs.o
    0x20019722        -       0x00000200   Zero   RW         1779    .bss.rx_buffer      um980.o
    0x20019922   COMPRESSED   0x00000002   PAD
    0x20019924        -       0x00000004   Zero   RW         1824    .bss.startupTick    data_fusion.o
    0x20019928        -       0x00000004   Zero   RW          882    .bss.uwTick         stm32f4xx_hal.o
    0x2001992c        -       0x00000200   Zero   RW          231    .bss.work           fatfs.o
    0x20019b2c        -       0x00000004   Zero   RW         1828    .bss.writeCompleteCount  data_fusion.o
    0x20019b30        -       0x00001000   Zero   RW            1    STACK               startup_stm32f429xx.o


==============================================================================

Image component sizes


      Code (inc. data)   RO Data    RW Data    ZI Data      Debug   Object Name

      1124          0         45          0         28       8505   ads1285.o
       238          0          0          0          0       2993   bsp_emmc.o
       518         10     175030          0          0       1670   cc936.o
      2706          8        631          5      96636      11326   data_fusion.o
       322          0          0          0          0       1801   diskio.o
        82          0          0          0          0       3554   dma.o
      3108          0       1777         48       1642      10896   fatfs.o
     19060          0        109          0         70      35760   ff.o
       146          0          0          0         12       2320   ff_gen_drv.o
       576          0          0          0          0       2457   gpio.o
       410          0         21          0          0       5184   main.o
       356          0          0          0         32       3776   rtc.o
       596          0          4          0        832       7658   sdio.o
       244          0          0          0         88       6995   spi.o
        36          8        428          0       4096        884   startup_stm32f429xx.o
       270          0          0          5          4       7567   stm32f4xx_hal.o
       558          0          0          0          0       9903   stm32f4xx_hal_cortex.o
      2080          8          8          0          0       8523   stm32f4xx_hal_dma.o
      1192          0          0          0          0       5223   stm32f4xx_hal_gpio.o
      6150          0          0          0          0      20469   stm32f4xx_hal_mmc.o
        74          0          0          0          0       1577   stm32f4xx_hal_msp.o
      5082          0          0          0          0      14395   stm32f4xx_hal_pcd.o
       192          0          0          0          0       4278   stm32f4xx_hal_pcd_ex.o
       190          0          0          0          0       4504   stm32f4xx_hal_pwr_ex.o
      2646          0          0          0          0       7663   stm32f4xx_hal_rcc.o
      1052          0          0          0          0       5489   stm32f4xx_hal_rcc_ex.o
      1566          0          0          0          0      10046   stm32f4xx_hal_rtc.o
      3780          0          0          0          0      19417   stm32f4xx_hal_spi.o
      3002          0          0          0          0      20284   stm32f4xx_hal_uart.o
       174          0          0          0          0       2084   stm32f4xx_it.o
      2184          0          0          0          0      11273   stm32f4xx_ll_sdmmc.o
      5100          0          0          0          0      19766   stm32f4xx_ll_usb.o
        18          0         24          4          0       2624   system_stm32f4xx.o
      1624          4        300         10        643      10034   um980.o
       712          0          0          0        216       8098   usart.o
       118          0          0          0        732       3167   usb_device.o
      1644          4          0          0       3420      14822   usbd_conf.o
      2130          0          0          0          0       8976   usbd_core.o
      3396         30          0          0          1       8576   usbd_ctlreq.o
       572          0         63         76        512       3257   usbd_desc.o
       178          0          0          0          0       4212   usbd_ioreq.o
      1362         12          0        100          0       7663   usbd_msc.o
      1288          0          0          0          0       7067   usbd_msc_bot.o
         0          0          0         26          0        789   usbd_msc_data.o
      5100          0          0          0          0      12479   usbd_msc_scsi.o
       390          0         36         32          0       3430   usbd_storage_if.o
       522          4          0         21         28       2679   user_diskio.o

    ----------------------------------------------------------------------
     84312         88     178512        336     109012     376113   Object Totals
         0          0         32          0          0          0   (incl. Generated)
       444          0          4          9         20          0   (incl. Padding)

    ----------------------------------------------------------------------

      Code (inc. data)   RO Data    RW Data    ZI Data      Debug   Library Member Name

        58          0          0          0          0          0   __dczerorl.o
        28          0          0          0          0         68   _chval.o
       812          4          0          0          0        112   _scanf.o
       332          0          0          0          0         96   _scanf_int.o
       342          0          0          0          0        100   _scanf_longlong.o
       224          0          0          0          0         96   _scanf_str.o
        64          0          0          0          0         84   _sgetc.o
       158          0          0          0          0         92   _strtoul.o
        26          0          0          0          0         80   atoi.o
         8          4        133          0          0         68   ctype_o.o
         0          0          0          0          0          0   entry.o
         0          0          0          0          0          0   entry10a.o
         0          0          0          0          0          0   entry11a.o
         8          4          0          0          0          0   entry2.o
         4          0          0          0          0          0   entry5.o
         0          0          0          0          0          0   entry7b.o
         0          0          0          0          0          0   entry8b.o
         8          4          0          0          0          0   entry9a.o
         8          4          0          4          0         68   errno.o
        30          0          0          0          0          0   handlers.o
        36          8          0          0          0         68   init.o
        18          0          0          0          0         76   isspace_o.o
         0          0          0          0          0          0   iusefp.o
        30          0          0          0          0         68   llshl.o
        36          0          0          0          0         68   llsshr.o
        32          0          0          0          0         68   llushr.o
        36          0          0          0          0         68   memcpya.o
        36          0          0          0          0        108   memseta.o
      2332         94          0          0          0        608   printfa.o
        40          8          0          0          0         84   scanf_char.o
       878         12          0          0          0        216   scanf_fp.o
        56          8          0          0          0         84   sscanf.o
         0          0          0          4          0          0   stdout.o
        28          0          0          0          0         76   strcmp.o
        34          0          0          0          0         80   strcspn.o
        14          0          0          0          0         68   strlen.o
        40          0          0          0          0         76   strncat.o
        30          0          0          0          0         80   strncmp.o
        24          0          0          0          0         76   strncpy.o
        36          0          0          0          0         80   strstr.o
        68          6          0          4          0         80   strtok.o
       112          0          0          0          0         88   strtol.o
        44          0          0          0          0         80   uidiv.o
        98          0          0          0          0         92   uldiv.o
        48          0          0          0          0         68   cdrcmple.o
        56          0          0          0          0         88   d2f.o
       334          0          0          0          0        148   dadd.o
       222          0          0          0          0        100   ddiv.o
       186          0          0          0          0        176   depilogue.o
        48          0          0          0          0         68   dfixul.o
        24          0          0          0          0         76   dfltul.o
       228          0          0          0          0         96   dmul.o
       110          0          0          0          0        168   fepilogue.o

    ----------------------------------------------------------------------
      7436        156        136         12          0       4244   Library Totals
        12          0          3          0          0          0   (incl. Padding)

    ----------------------------------------------------------------------

      Code (inc. data)   RO Data    RW Data    ZI Data      Debug   Library Name

      6168        156        133         12          0       3256   mc_w.l
      1256          0          0          0          0        988   mf_w.l

    ----------------------------------------------------------------------
      7436        156        136         12          0       4244   Library Totals

    ----------------------------------------------------------------------

==============================================================================


      Code (inc. data)   RO Data    RW Data    ZI Data      Debug   

     91748        244     178648        348     109012     377473   Grand Totals
     91748        244     178648        240     109012     377473   ELF Image Totals (compressed)
     91748        244     178648        240          0          0   ROM Totals

==============================================================================

    Total RO  Size (Code + RO Data)               270396 ( 264.06kB)
    Total RW  Size (RW Data + ZI Data)            109360 ( 106.80kB)
    Total ROM Size (Code + RO Data + RW Data)     270636 ( 264.29kB)

==============================================================================

