<html>
<body>
<pre>
<h1>µVision Build Log</h1>
<h2>Tool Versions:</h2>
IDE-Version: ¦ÌVision V5.24.2.86
Copyright (C) 2017 ARM Ltd and ARM Germany GmbH. All rights reserved.
License Information: 1 3311849862@qq.com, 1, LIC=X1E4T-RU49V-RF1IZ-JTYQU-7IGF0-GI5NQ
 
Tool Versions:
Toolchain:       MDK-ARM Professional  Version: 5.24.1
Toolchain Path:  D:\kile5\MDK\ARM\ARMCLANG\Bin
C Compiler:      ArmClang.exe V6.7
Assembler:       Armasm.exe V6.7
Linker/Locator:  ArmLink.exe V6.7
Library Manager: ArmAr.exe V6.7
Hex Converter:   FromElf.exe V6.7
CPU DLL:         SARMCM3.DLL V5.24.1
Dialog DLL:      DCM.DLL V1.16.0.0
Target DLL:      Segger\JL2CM3.dll V2.99.26.0
Dialog DLL:      TCM.DLL V1.32.0.0
 
<h2>Project:</h2>
d:\github_project\System_App\System-App-usbout-spslost\System-App-usbout-spslost\Delete_Persnal\MDK-ARM\emmc.uvprojx
Project File Date:  07/11/2025

<h2>Output:</h2>
*** Using Compiler 'V6.7', folder: 'D:\kile5\MDK\ARM\ARMCLANG\Bin'
Build target 'emmc'
assembling startup_stm32f429xx.s...
compiling stm32f4xx_hal_msp.c...
compiling gpio.c...
compiling dma.c...
compiling rtc.c...
compiling user_diskio.c...
compiling usart.c...
compiling sdio.c...
compiling main.c...
compiling stm32f4xx_it.c...
compiling spi.c...
compiling fatfs.c...
compiling stm32f4xx_hal_pcd.c...
compiling stm32f4xx_hal_rcc_ex.c...
compiling stm32f4xx_ll_usb.c...
compiling stm32f4xx_hal_pcd_ex.c...
compiling stm32f4xx_hal_rcc.c...
compiling stm32f4xx_hal_flash_ramfunc.c...
compiling stm32f4xx_hal_flash.c...
compiling stm32f4xx_hal_flash_ex.c...
compiling stm32f4xx_hal_gpio.c...
compiling stm32f4xx_hal_dma_ex.c...
compiling stm32f4xx_hal_dma.c...
compiling stm32f4xx_hal_pwr.c...
compiling stm32f4xx_hal_pwr_ex.c...
compiling stm32f4xx_hal.c...
compiling stm32f4xx_hal_cortex.c...
compiling stm32f4xx_hal_exti.c...
compiling stm32f4xx_hal_rtc_ex.c...
compiling stm32f4xx_hal_rtc.c...
compiling stm32f4xx_ll_sdmmc.c...
compiling stm32f4xx_hal_mmc.c...
compiling stm32f4xx_hal_spi.c...
compiling stm32f4xx_hal_tim.c...
compiling stm32f4xx_hal_tim_ex.c...
compiling stm32f4xx_hal_uart.c...
compiling system_stm32f4xx.c...
compiling diskio.c...
compiling ff_gen_drv.c...
compiling syscall.c...
compiling bsp_emmc.c...
compiling ads1285.c...
compiling usb_device.c...
compiling um980.c...
compiling ads_1.c...
compiling data_fusion.c...
compiling ff.c...
compiling cc936.c...
compiling usbd_desc.c...
compiling usbd_storage_if.c...
compiling usbd_conf.c...
compiling usbd_core.c...
compiling usbd_ioreq.c...
compiling usbd_ctlreq.c...
compiling usbd_msc.c...
compiling usbd_msc_bot.c...
compiling usbd_msc_data.c...
compiling usbd_msc_scsi.c...
linking...
Program Size: Code=102060 RO-data=179048 RW-data=348 ZI-data=109012  
FromELF: creating hex file...
"emmc\emmc.axf" - 0 Error(s), 0 Warning(s).

<h2>Software Packages used:</h2>

Package Vendor: ARM
                http://www.keil.com/pack/ARM.CMSIS.5.0.1.pack
                ARM.CMSIS.5.0.1
                CMSIS (Cortex Microcontroller Software Interface Standard)
   * Component: CORE Version: 5.0.1

Package Vendor: Keil
                http://www.keil.com/pack/Keil.STM32F4xx_DFP.1.0.8.pack
                Keil.STM32F4xx_DFP.1.0.8
                STMicroelectronics STM32F4 Series Device Support, Drivers and Examples

<h2>Collection of Component include folders:</h2>
  .\RTE\_emmc
  D:\kile5\MDK\ARM\PACK\ARM\CMSIS\5.0.1\CMSIS\Include
  D:\kile5\MDK\ARM\PACK\Keil\STM32F4xx_DFP\1.0.8\Device\Include

<h2>Collection of Component Files used:</h2>

   * Component: ARM::CMSIS:CORE:5.0.1
Build Time Elapsed:  00:00:11
</pre>
</body>
</html>
